Archive member included to satisfy reference by file (symbol)

C:/nxp/MCUXpressoIDE_25.6.136/ide/plugins/com.nxp.mcuxpresso.tools.win32_25.6.0.202501151204/tools/bin/../lib/gcc/arm-none-eabi/14.2.1/../../../../arm-none-eabi/lib/thumb/v8-m.main+fp/hard\libcr_nohost_nf.a(_cr__main.o)
                              ./startup/startup_mcxn947_cm33_core0.o (__main)
C:/nxp/MCUXpressoIDE_25.6.136/ide/plugins/com.nxp.mcuxpresso.tools.win32_25.6.0.202501151204/tools/bin/../lib/gcc/arm-none-eabi/14.2.1/../../../../arm-none-eabi/lib/thumb/v8-m.main+fp/hard\libcr_c.a(memcpy.o)
                              ./utilities/str/fsl_str.o (memcpy)
C:/nxp/MCUXpressoIDE_25.6.136/ide/plugins/com.nxp.mcuxpresso.tools.win32_25.6.0.202501151204/tools/bin/../lib/gcc/arm-none-eabi/14.2.1/../../../../arm-none-eabi/lib/thumb/v8-m.main+fp/hard\libcr_c.a(memset.o)
                              ./utilities/debug_console/fsl_debug_console.o (memset)
C:/nxp/MCUXpressoIDE_25.6.136/ide/plugins/com.nxp.mcuxpresso.tools.win32_25.6.0.202501151204/tools/bin/../lib/gcc/arm-none-eabi/14.2.1/../../../../arm-none-eabi/lib/thumb/v8-m.main+fp/hard\libcr_c.a(alloc.o)
                              ./drivers/fsl_common.o (malloc)
C:/nxp/MCUXpressoIDE_25.6.136/ide/plugins/com.nxp.mcuxpresso.tools.win32_25.6.0.202501151204/tools/bin/../lib/gcc/arm-none-eabi/14.2.1/../../../../arm-none-eabi/lib/thumb/v8-m.main+fp/hard\libcr_c.a(errno.o)
                              ./utilities/str/fsl_str.o (errno)
C:/nxp/MCUXpressoIDE_25.6.136/ide/plugins/com.nxp.mcuxpresso.tools.win32_25.6.0.202501151204/tools/bin/../lib/gcc/arm-none-eabi/14.2.1/../../../../arm-none-eabi/lib/thumb/v8-m.main+fp/hard\libcr_c.a(initio.o)
                              C:/nxp/MCUXpressoIDE_25.6.136/ide/plugins/com.nxp.mcuxpresso.tools.win32_25.6.0.202501151204/tools/bin/../lib/gcc/arm-none-eabi/14.2.1/../../../../arm-none-eabi/lib/thumb/v8-m.main+fp/hard\libcr_nohost_nf.a(_cr__main.o) (_initio)
C:/nxp/MCUXpressoIDE_25.6.136/ide/plugins/com.nxp.mcuxpresso.tools.win32_25.6.0.202501151204/tools/bin/../lib/gcc/arm-none-eabi/14.2.1/../../../../arm-none-eabi/lib/thumb/v8-m.main+fp/hard\libcr_c.a(scanf.o)
                              ./utilities/str/fsl_str.o (strtoul)
C:/nxp/MCUXpressoIDE_25.6.136/ide/plugins/com.nxp.mcuxpresso.tools.win32_25.6.0.202501151204/tools/bin/../lib/gcc/arm-none-eabi/14.2.1/../../../../arm-none-eabi/lib/thumb/v8-m.main+fp/hard\libcr_c.a(setvbuf.o)
                              C:/nxp/MCUXpressoIDE_25.6.136/ide/plugins/com.nxp.mcuxpresso.tools.win32_25.6.0.202501151204/tools/bin/../lib/gcc/arm-none-eabi/14.2.1/../../../../arm-none-eabi/lib/thumb/v8-m.main+fp/hard\libcr_c.a(initio.o) (setvbuf)
C:/nxp/MCUXpressoIDE_25.6.136/ide/plugins/com.nxp.mcuxpresso.tools.win32_25.6.0.202501151204/tools/bin/../lib/gcc/arm-none-eabi/14.2.1/../../../../arm-none-eabi/lib/thumb/v8-m.main+fp/hard\libcr_c.a(strlen.o)
                              ./utilities/str/fsl_str.o (strlen)
C:/nxp/MCUXpressoIDE_25.6.136/ide/plugins/com.nxp.mcuxpresso.tools.win32_25.6.0.202501151204/tools/bin/../lib/gcc/arm-none-eabi/14.2.1/../../../../arm-none-eabi/lib/thumb/v8-m.main+fp/hard\libcr_c.a(ungetc.o)
                              C:/nxp/MCUXpressoIDE_25.6.136/ide/plugins/com.nxp.mcuxpresso.tools.win32_25.6.0.202501151204/tools/bin/../lib/gcc/arm-none-eabi/14.2.1/../../../../arm-none-eabi/lib/thumb/v8-m.main+fp/hard\libcr_c.a(scanf.o) (ungetc)
C:/nxp/MCUXpressoIDE_25.6.136/ide/plugins/com.nxp.mcuxpresso.tools.win32_25.6.0.202501151204/tools/bin/../lib/gcc/arm-none-eabi/14.2.1/../../../../arm-none-eabi/lib/thumb/v8-m.main+fp/hard\libcr_c.a(__fillbuf.o)
                              C:/nxp/MCUXpressoIDE_25.6.136/ide/plugins/com.nxp.mcuxpresso.tools.win32_25.6.0.202501151204/tools/bin/../lib/gcc/arm-none-eabi/14.2.1/../../../../arm-none-eabi/lib/thumb/v8-m.main+fp/hard\libcr_c.a(scanf.o) (__filbuf)
C:/nxp/MCUXpressoIDE_25.6.136/ide/plugins/com.nxp.mcuxpresso.tools.win32_25.6.0.202501151204/tools/bin/../lib/gcc/arm-none-eabi/14.2.1/../../../../arm-none-eabi/lib/thumb/v8-m.main+fp/hard\libcr_c.a(__init_alloc.o)
                              C:/nxp/MCUXpressoIDE_25.6.136/ide/plugins/com.nxp.mcuxpresso.tools.win32_25.6.0.202501151204/tools/bin/../lib/gcc/arm-none-eabi/14.2.1/../../../../arm-none-eabi/lib/thumb/v8-m.main+fp/hard\libcr_c.a(alloc.o) (__heaps)
C:/nxp/MCUXpressoIDE_25.6.136/ide/plugins/com.nxp.mcuxpresso.tools.win32_25.6.0.202501151204/tools/bin/../lib/gcc/arm-none-eabi/14.2.1/../../../../arm-none-eabi/lib/thumb/v8-m.main+fp/hard\libcr_c.a(_cr_sbrk.o)
                              C:/nxp/MCUXpressoIDE_25.6.136/ide/plugins/com.nxp.mcuxpresso.tools.win32_25.6.0.202501151204/tools/bin/../lib/gcc/arm-none-eabi/14.2.1/../../../../arm-none-eabi/lib/thumb/v8-m.main+fp/hard\libcr_c.a(alloc.o) (_sbrk)
[...]
Memory Configuration

Name             Origin             Length             Attributes
PROGRAM_FLASH0   0x00000000         0x00100000         xr
PROGRAM_FLASH1   0x00100000         0x00100000         xr
SRAM             0x20000000         0x00060000         xrw
SRAMX            0x04000000         0x00018000         xrw
SRAMH            0x20060000         0x00008000         xrw
USB_RAM          0x400ba000         0x00001000         xrw
*default*        0x00000000         0xffffffff

Linker script and memory map

LOAD ./utilities/str/fsl_str.o
LOAD ./utilities/debug_console/fsl_debug_console.o
LOAD ./utilities/fsl_assert.o
LOAD ./startup/boot_multicore_slave.o
LOAD ./startup/startup_mcxn947_cm33_core0.o
LOAD ./source/Free_RTOS.o
LOAD ./source/semihost_hardfault.o
LOAD ./drivers/fsl_clock.o
LOAD ./drivers/fsl_common.o
LOAD ./drivers/fsl_common_arm.o
LOAD ./drivers/fsl_gpio.o
LOAD ./drivers/fsl_lpflexcomm.o
LOAD ./drivers/fsl_lpi2c.o
LOAD ./drivers/fsl_lpspi.o
LOAD ./drivers/fsl_lpuart.o
LOAD ./drivers/fsl_reset.o
LOAD ./drivers/fsl_spc.o
LOAD ./device/system_MCXN947_cm33_core0.o
LOAD ./component/uart/fsl_adapter_lpuart.o
LOAD ./component/serial_manager/fsl_component_serial_manager.o
LOAD ./component/serial_manager/fsl_component_serial_port_uart.o
LOAD ./component/lists/fsl_component_generic_list.o
LOAD ./board/board.o
LOAD ./board/clock_config.o
LOAD ./board/peripherals.o
LOAD ./board/pin_mux.o
START GROUP
LOAD C:/nxp/MCUXpressoIDE_25.6.136/ide/plugins/com.nxp.mcuxpresso.tools.win32_25.6.0.202501151204/tools/bin/../lib/gcc/arm-none-eabi/14.2.1/../../../../arm-none-eabi/lib/thumb/v8-m.main+fp/hard\libcr_nohost_nf.a
LOAD C:/nxp/MCUXpressoIDE_25.6.136/ide/plugins/com.nxp.mcuxpresso.tools.win32_25.6.0.202501151204/tools/bin/../lib/gcc/arm-none-eabi/14.2.1/../../../../arm-none-eabi/lib/thumb/v8-m.main+fp/hard\libcr_c.a
LOAD C:/nxp/MCUXpressoIDE_25.6.136/ide/plugins/com.nxp.mcuxpresso.tools.win32_25.6.0.202501151204/tools/bin/../lib/gcc/arm-none-eabi/14.2.1/thumb/v8-m.main+fp/hard\libcr_eabihelpers.a
LOAD C:/nxp/MCUXpressoIDE_25.6.136/ide/plugins/com.nxp.mcuxpresso.tools.win32_25.6.0.202501151204/tools/bin/../lib/gcc/arm-none-eabi/14.2.1/thumb/v8-m.main+fp/hard\libgcc.a
END GROUP
                0x00000000                        __base_PROGRAM_FLASH0 = 0x0
                0x00000000                        __base_Flash = 0x0
                0x00100000                        __top_PROGRAM_FLASH0 = 0x100000
                0x00100000                        __top_Flash = 0x100000
                0x00100000                        __base_PROGRAM_FLASH1 = 0x100000
                0x00100000                        __base_Flash2 = 0x100000
                0x00200000                        __top_PROGRAM_FLASH1 = 0x200000
                0x00200000                        __top_Flash2 = 0x200000
                0x20000000                        __base_SRAM = 0x20000000
                0x20000000                        __base_RAM = 0x20000000
                0x20060000                        __top_SRAM = 0x20060000
                0x20060000                        __top_RAM = 0x20060000
                0x04000000                        __base_SRAMX = 0x4000000
                0x04000000                        __base_RAM2 = 0x4000000
                0x04018000                        __top_SRAMX = 0x4018000
                0x04018000                        __top_RAM2 = 0x4018000
                0x20060000                        __base_SRAMH = 0x20060000
                0x20060000                        __base_RAM3 = 0x20060000
                0x20068000                        __top_SRAMH = 0x20068000
                0x20068000                        __top_RAM3 = 0x20068000
                0x400ba000                        __base_USB_RAM = 0x400ba000
                0x400ba000                        __base_RAM4 = 0x400ba000
                0x400bb000                        __top_USB_RAM = 0x400bb000
                0x400bb000                        __top_RAM4 = 0x400bb000

.text_Flash2    0x00100000        0x0
 FILL mask 0xff
 *(SORT_BY_ALIGNMENT(.text_Flash2))
 *(SORT_BY_ALIGNMENT(.text_PROGRAM_FLASH1))
 *(SORT_BY_ALIGNMENT(.text.$Flash2))
 *(SORT_BY_ALIGNMENT(.text.$PROGRAM_FLASH1))
 *(SORT_BY_ALIGNMENT(.text_Flash2.*))
 *(SORT_BY_ALIGNMENT(.text_PROGRAM_FLASH1.*))
 *(SORT_BY_ALIGNMENT(.text.$Flash2.*))
 *(SORT_BY_ALIGNMENT(.text.$PROGRAM_FLASH1.*))
 *(SORT_BY_ALIGNMENT(.rodata.$Flash2))
 *(SORT_BY_ALIGNMENT(.rodata.$PROGRAM_FLASH1))
 *(SORT_BY_ALIGNMENT(.rodata.$Flash2.*))
 *(SORT_BY_ALIGNMENT(.rodata.$PROGRAM_FLASH1.*))

.text           0x00000000     0x3708
 FILL mask 0xff
                0x00000000                        __vectors_start__ = ABSOLUTE (.)
 *(SORT_BY_ALIGNMENT(.isr_vector))
 .isr_vector    0x00000000      0x2b0 ./startup/startup_mcxn947_cm33_core0.o
                0x00000000                g_pfnVectors
                0x00000000                __Vectors
                0x000002b0                        . = ALIGN (0x4)
                0x000002b0                        __section_table_start = .
                0x000002b0                        __data_section_table = .
                0x000002b0        0x4 LONG 0x3708 LOADADDR (.data)
                0x000002b4        0x4 LONG 0x20000000 ADDR (.data)
                0x000002b8        0x4 LONG 0xc SIZEOF (.data)
                0x000002bc        0x4 LONG 0x3708 LOADADDR (.data_RAM2)
                0x000002c0        0x4 LONG 0x4000000 ADDR (.data_RAM2)
                0x000002c4        0x4 LONG 0x0 SIZEOF (.data_RAM2)
                0x000002c8        0x4 LONG 0x3708 LOADADDR (.data_RAM3)
                0x000002cc        0x4 LONG 0x20060000 ADDR (.data_RAM3)
                0x000002d0        0x4 LONG 0x0 SIZEOF (.data_RAM3)
                0x000002d4        0x4 LONG 0x3708 LOADADDR (.data_RAM4)
                0x000002d8        0x4 LONG 0x400ba000 ADDR (.data_RAM4)
                0x000002dc        0x4 LONG 0x0 SIZEOF (.data_RAM4)
                0x000002e0                        __data_section_table_end = .
                0x000002e0                        __bss_section_table = .
                0x000002e0        0x4 LONG 0x2000000c ADDR (.bss)
                0x000002e4        0x4 LONG 0x220 SIZEOF (.bss)
                0x000002e8        0x4 LONG 0x4000000 ADDR (.bss_RAM2)
                0x000002ec        0x4 LONG 0x0 SIZEOF (.bss_RAM2)
                0x000002f0        0x4 LONG 0x20060000 ADDR (.bss_RAM3)
                0x000002f4        0x4 LONG 0x0 SIZEOF (.bss_RAM3)
                0x000002f8        0x4 LONG 0x400ba000 ADDR (.bss_RAM4)
                0x000002fc        0x4 LONG 0x0 SIZEOF (.bss_RAM4)
                0x00000300                        __bss_section_table_end = .
                0x00000300                        __section_table_end = .
 *(SORT_BY_ALIGNMENT(.after_vectors*))
 .after_vectors.reset
                0x00000300       0x68 ./startup/startup_mcxn947_cm33_core0.o
                0x00000300                ResetISR
 .after_vectors.init_data
                0x00000368       0x1e ./startup/startup_mcxn947_cm33_core0.o
                0x00000368                data_init
 .after_vectors.init_bss
                0x00000386       0x12 ./startup/startup_mcxn947_cm33_core0.o
                0x00000386                bss_init
 .after_vectors
                0x00000398       0x16 ./startup/startup_mcxn947_cm33_core0.o
                0x00000398                NMI_Handler
                0x0000039c                MemManage_Handler
                0x0000039e                BusFault_Handler
                0x000003a0                UsageFault_Handler
                0x000003a2                SecureFault_Handler
                0x000003a4                SVC_Handler
                0x000003a6                DebugMon_Handler
                0x000003a8                PendSV_Handler
                0x000003aa                SysTick_Handler
                0x000003ac                PKC_ERR_DriverIRQHandler
                0x000003ac                QDC1_HOME_DriverIRQHandler
                0x000003ac                EDMA_0_CH5_DriverIRQHandler
                0x000003ac                EDMA_0_CH14_DriverIRQHandler
                0x000003ac                EDMA_1_CH0_DriverIRQHandler
                0x000003ac                I3C0_DriverIRQHandler
                0x000003ac                CMC0_DriverIRQHandler
                0x000003ac                EDMA_0_CH15_DriverIRQHandler
                0x000003ac                LPTMR0_DriverIRQHandler
                0x000003ac                EDMA_0_CH2_DriverIRQHandler
                0x000003ac                USB0_FS_DriverIRQHandler
                0x000003ac                FLEXPWM1_SUBMODULE1_DriverIRQHandler
                0x000003ac                FLEXPWM0_SUBMODULE1_DriverIRQHandler
                0x000003ac                SCG_DriverIRQHandler
                0x000003ac                EDMA_1_CH13_DriverIRQHandler
                0x000003ac                EDMA_1_CH11_DriverIRQHandler
                0x000003ac                FLEXPWM0_RELOAD_ERROR_DriverIRQHandler
                0x000003ac                QDC0_HOME_DriverIRQHandler
                0x000003ac                Reserved167_DriverIRQHandler
                0x000003ac                EDMA_1_CH9_DriverIRQHandler
                0x000003ac                SEC_VIO_DriverIRQHandler
                0x000003ac                ERM_MULTI_BIT_ERROR_DriverIRQHandler
                0x000003ac                GPIO31_DriverIRQHandler
                0x000003ac                EWM0_DriverIRQHandler
                0x000003ac                PKC_DriverIRQHandler
                0x000003ac                EDMA_0_CH10_DriverIRQHandler
                0x000003ac                USB1_HS_PHY_DriverIRQHandler
                0x000003ac                QDC0_IDX_DriverIRQHandler
                0x000003ac                ELS_DriverIRQHandler
                0x000003ac                Reserved166_DriverIRQHandler
                0x000003ac                EDMA_1_CH2_DriverIRQHandler
                0x000003ac                ETHERNET_DriverIRQHandler
                0x000003ac                QDC1_IDX_DriverIRQHandler
                0x000003ac                EDMA_1_CH14_DriverIRQHandler
                0x000003ac                FLEXPWM1_SUBMODULE3_DriverIRQHandler
                0x000003ac                EDMA_1_CH7_DriverIRQHandler
                0x000003ac                EDMA_1_CH6_DriverIRQHandler
                0x000003ac                DAC1_DriverIRQHandler
                0x000003ac                CTIMER2_DriverIRQHandler
                0x000003ac                EMVSIM0_DriverIRQHandler
                0x000003ac                ITRC0_DriverIRQHandler
                0x000003ac                EDMA_0_CH9_DriverIRQHandler
                0x000003ac                ETB0_DriverIRQHandler
                0x000003ac                WWDT1_DriverIRQHandler
                0x000003ac                Reserved80_DriverIRQHandler
                0x000003ac                IntDefaultHandler
                0x000003ac                ELS_ERR_DriverIRQHandler
                0x000003ac                FLEXIO_DriverIRQHandler
                0x000003ac                DAC0_DriverIRQHandler
                0x000003ac                MRT0_DriverIRQHandler
                0x000003ac                UTICK0_DriverIRQHandler
                0x000003ac                FLEXPWM0_SUBMODULE2_DriverIRQHandler
                0x000003ac                GPIO01_DriverIRQHandler
                0x000003ac                EDMA_0_CH3_DriverIRQHandler
                0x000003ac                WWDT0_DriverIRQHandler
                0x000003ac                USDHC0_DriverIRQHandler
                0x000003ac                GPIO00_DriverIRQHandler
                0x000003ac                EDMA_0_CH4_DriverIRQHandler
                0x000003ac                GPIO11_DriverIRQHandler
                0x000003ac                CTIMER4_DriverIRQHandler
                0x000003ac                BSP32_DriverIRQHandler
                0x000003ac                FLEXPWM0_FAULT_DriverIRQHandler
                0x000003ac                EDMA_1_CH1_DriverIRQHandler
                0x000003ac                SAI1_DriverIRQHandler
                0x000003ac                ERM_SINGLE_BIT_ERROR_DriverIRQHandler
                0x000003ac                GPIO21_DriverIRQHandler
                0x000003ac                FLEXPWM1_FAULT_DriverIRQHandler
                0x000003ac                GPIO30_DriverIRQHandler
                0x000003ac                CTIMER0_DriverIRQHandler
                0x000003ac                CTIMER1_DriverIRQHandler
                0x000003ac                QDC0_COMPARE_DriverIRQHandler
                0x000003ac                PINT0_DriverIRQHandler
                0x000003ac                ADC1_DriverIRQHandler
                0x000003ac                PQ_DriverIRQHandler
                0x000003ac                ETHERNET_MACLP_DriverIRQHandler
                0x000003ac                USB0_DCD_DriverIRQHandler
                0x000003ac                EDMA_0_CH11_DriverIRQHandler
                0x000003ac                MAILBOX_DriverIRQHandler
                0x000003ac                WUU_DriverIRQHandler
                0x000003ac                EDMA_0_CH6_DriverIRQHandler
                0x000003ac                CTIMER3_DriverIRQHandler
                0x000003ac                FLEXPWM1_SUBMODULE0_DriverIRQHandler
                0x000003ac                CDOG1_DriverIRQHandler
                0x000003ac                TSI_OUT_OF_SCAN_DriverIRQHandler
                0x000003ac                EDMA_1_CH4_DriverIRQHandler
                0x000003ac                PUF_DriverIRQHandler
                0x000003ac                SPC_DriverIRQHandler
                0x000003ac                RTC_DriverIRQHandler
                0x000003ac                VBAT0_DriverIRQHandler
                0x000003ac                Reserved65_DriverIRQHandler
                0x000003ac                HSCMP2_DriverIRQHandler
                0x000003ac                EDMA_0_CH0_DriverIRQHandler
                0x000003ac                EDMA_1_CH5_DriverIRQHandler
                0x000003ac                PDM_EVENT_DriverIRQHandler
                0x000003ac                Freqme_DriverIRQHandler
                0x000003ac                ETHERNET_PMT_DriverIRQHandler
                0x000003ac                FLEXPWM1_RELOAD_ERROR_DriverIRQHandler
                0x000003ac                FMU0_DriverIRQHandler
                0x000003ac                QDC1_COMPARE_DriverIRQHandler
                0x000003ac                EDMA_0_CH8_DriverIRQHandler
                0x000003ac                LPTMR1_DriverIRQHandler
                0x000003ac                GPIO40_DriverIRQHandler
                0x000003ac                CTI0_DriverIRQHandler
                0x000003ac                EDMA_1_CH3_DriverIRQHandler
                0x000003ac                EDMA_1_CH15_DriverIRQHandler
                0x000003ac                FLEXPWM1_SUBMODULE2_DriverIRQHandler
                0x000003ac                GPIO20_DriverIRQHandler
                0x000003ac                QDC1_WDG_SAB_DriverIRQHandler
                0x000003ac                EDMA_1_CH8_DriverIRQHandler
                0x000003ac                GDET_DriverIRQHandler
                0x000003ac                PORT_EFT_DriverIRQHandler
                0x000003ac                Reserved85_DriverIRQHandler
                0x000003ac                Reserved81_DriverIRQHandler
                0x000003ac                TSI_END_OF_SCAN_DriverIRQHandler
                0x000003ac                FLEXPWM0_SUBMODULE3_DriverIRQHandler
                0x000003ac                ADC0_DriverIRQHandler
                0x000003ac                OR_DriverIRQHandler
                0x000003ac                EDMA_0_CH13_DriverIRQHandler
                0x000003ac                USB1_HS_DriverIRQHandler
                0x000003ac                EDMA_0_CH1_DriverIRQHandler
                0x000003ac                DAC2_DriverIRQHandler
                0x000003ac                GPIO51_DriverIRQHandler
                0x000003ac                HSCMP0_DriverIRQHandler
                0x000003ac                EDMA_0_CH12_DriverIRQHandler
                0x000003ac                QDC0_WDG_SAB_DriverIRQHandler
                0x000003ac                CDOG0_DriverIRQHandler
                0x000003ac                CAN0_DriverIRQHandler
                0x000003ac                SMARTDMA_DriverIRQHandler
                0x000003ac                SAI0_DriverIRQHandler
                0x000003ac                EMVSIM1_DriverIRQHandler
                0x000003ac                I3C1_DriverIRQHandler
                0x000003ac                EDMA_0_CH7_DriverIRQHandler
                0x000003ac                HSCMP1_DriverIRQHandler
                0x000003ac                EDMA_1_CH10_DriverIRQHandler
                0x000003ac                EDMA_1_CH12_DriverIRQHandler
                0x000003ac                FLEXSPI0_DriverIRQHandler
                0x000003ac                GPIO50_DriverIRQHandler
                0x000003ac                GPIO10_DriverIRQHandler
                0x000003ac                SCT0_DriverIRQHandler
                0x000003ac                CAN1_DriverIRQHandler
                0x000003ac                PLU_DriverIRQHandler
                0x000003ac                FLEXPWM0_SUBMODULE0_DriverIRQHandler
                0x000003ac                OS_EVENT_DriverIRQHandler
                0x000003ac                SINC_FILTER_DriverIRQHandler
                0x000003ac                NPU_DriverIRQHandler
                0x000003ac                GPIO41_DriverIRQHandler
                0x000003ac                SEC_HYPERVISOR_CALL_DriverIRQHandler
 *(SORT_BY_ALIGNMENT(.text*))
 *fill*         0x000003ae        0x2 ff
 .text.DbgConsole_SendDataReliable
                0x000003b0       0x54 ./utilities/debug_console/fsl_debug_console.o
                0x000003b0                DbgConsole_SendDataReliable
 .text.DbgConsole_Init
                0x00000404      0x138 ./utilities/debug_console/fsl_debug_console.o
                0x00000404                DbgConsole_Init
 .text.DbgConsole_Vprintf
                0x0000053c       0x68 ./utilities/debug_console/fsl_debug_console.o
                0x0000053c                DbgConsole_Vprintf
 .text.__assertion_failed
                0x000005a4       0x3c ./utilities/fsl_assert.o
                0x000005a4                __assertion_failed
 .text.CLOCK_IsPLL0Locked
                0x000005e0       0x28 ./drivers/fsl_clock.o
 .text.CLOCK_SetupFROHFClocking
                0x00000608       0x9c ./drivers/fsl_clock.o
                0x00000608                CLOCK_SetupFROHFClocking
 .text.CLOCK_SetPll0MonitorMode
                0x000006a4       0x38 ./drivers/fsl_clock.o
                0x000006a4                CLOCK_SetPll0MonitorMode
 .text.CLOCK_SetFLASHAccessCyclesForFreq
                0x000006dc       0xf4 ./drivers/fsl_clock.o
                0x000006dc                CLOCK_SetFLASHAccessCyclesForFreq
 .text.CLOCK_AttachClk
                0x000007d0       0xb0 ./drivers/fsl_clock.o
                0x000007d0                CLOCK_AttachClk
 .text.CLOCK_SetClkDiv
                0x00000880       0x54 ./drivers/fsl_clock.o
                0x00000880                CLOCK_SetClkDiv
 .text.CLOCK_GetPLL0InClockRate
                0x000008d4       0x5c ./drivers/fsl_clock.o
                0x000008d4                CLOCK_GetPLL0InClockRate
 .text.CLOCK_SetPLL0Freq
                0x00000930      0x10c ./drivers/fsl_clock.o
                0x00000930                CLOCK_SetPLL0Freq
 .text.CLOCK_GetClk48MFreq
                0x00000a3c       0x2c ./drivers/fsl_clock.o
 .text.CLOCK_GetExtClkFreq
                0x00000a68       0x2c ./drivers/fsl_clock.o
 .text.CLOCK_GetOsc32KFreq
                0x00000a94       0x4c ./drivers/fsl_clock.o
 .text.findPll0PreDiv
                0x00000ae0       0x40 ./drivers/fsl_clock.o
 .text.findPll0PostDiv
                0x00000b20       0x60 ./drivers/fsl_clock.o
 .text.findPll0MMult
                0x00000b80       0xac ./drivers/fsl_clock.o
 .text.LP_FLEXCOMM_GetInterruptStatus
                0x00000c2c       0x28 ./drivers/fsl_lpflexcomm.o
                0x00000c2c                LP_FLEXCOMM_GetInterruptStatus
 .text.LP_FLEXCOMM_SetPeriph
                0x00000c54       0x94 ./drivers/fsl_lpflexcomm.o
 .text.LP_FLEXCOMM_Init
                0x00000ce8       0x58 ./drivers/fsl_lpflexcomm.o
                0x00000ce8                LP_FLEXCOMM_Init
 .text.LP_FLEXCOMM_CommonIRQHandler
                0x00000d40       0xb8 ./drivers/fsl_lpflexcomm.o
 .text.LPUART_GetInstance
                0x00000df8       0x4c ./drivers/fsl_lpuart.o
                0x00000df8                LPUART_GetInstance
 .text.LPUART_Init
                0x00000e44      0x448 ./drivers/fsl_lpuart.o
                0x00000e44                LPUART_Init
 .text.LPUART_GetDefaultConfig
                0x0000128c       0x8c ./drivers/fsl_lpuart.o
                0x0000128c                LPUART_GetDefaultConfig
 .text.LPUART_WriteBlocking
                0x00001318       0x68 ./drivers/fsl_lpuart.o
                0x00001318                LPUART_WriteBlocking
 .text.RESET_ClearPeripheralReset
                0x00001380       0x6c ./drivers/fsl_reset.o
                0x00001380                RESET_ClearPeripheralReset
 .text.SystemInit
                0x000013ec      0x124 ./device/system_MCXN947_cm33_core0.o
                0x000013ec                SystemInit
 .text.HAL_UartInitCommon
                0x00001510       0xe4 ./component/uart/fsl_adapter_lpuart.o
 .text.HAL_UartInit
                0x000015f4       0x84 ./component/uart/fsl_adapter_lpuart.o
                0x000015f4                HAL_UartInit
 .text.HAL_UartSendBlocking
                0x00001678       0x64 ./component/uart/fsl_adapter_lpuart.o
                0x00001678                HAL_UartSendBlocking
 .text.BOARD_InitDebugConsole
                0x000016dc       0x38 ./board/board.o
                0x000016dc                BOARD_InitDebugConsole
 .text.BOARD_BootClockPLL150M
                0x00001714       0x88 ./board/clock_config.o
                0x00001714                BOARD_BootClockPLL150M
 .text.PORT_SetPinConfig
                0x0000179c       0x38 ./board/pin_mux.o
 .text.BOARD_InitDEBUG_UARTPins
                0x000017d4       0x64 ./board/pin_mux.o
                0x000017d4                BOARD_InitDEBUG_UARTPins
 .text._initio  0x00001838       0x78 C:/nxp/MCUXpressoIDE_25.6.136/ide/plugins/com.nxp.mcuxpresso.tools.win32_25.6.0.202501151204/tools/bin/../lib/gcc/arm-none-eabi/14.2.1/../../../../arm-none-eabi/lib/thumb/v8-m.main+fp/hard\libcr_c.a(initio.o)
                0x00001838                _initio
 .text._Cwritebuf
                0x000018b0       0x70 C:/nxp/MCUXpressoIDE_25.6.136/ide/plugins/com.nxp.mcuxpresso.tools.win32_25.6.0.202501151204/tools/bin/../lib/gcc/arm-none-eabi/14.2.1/../../../../arm-none-eabi/lib/thumb/v8-m.main+fp/hard\libcr_c.a(_writebuf.o)
                0x000018b0                _Cwritebuf
 .text.fflush   0x00001920       0x3c C:/nxp/MCUXpressoIDE_25.6.136/ide/plugins/com.nxp.mcuxpresso.tools.win32_25.6.0.202501151204/tools/bin/../lib/gcc/arm-none-eabi/14.2.1/../../../../arm-none-eabi/lib/thumb/v8-m.main+fp/hard\libcr_c.a(fflush.o)
                0x00001920                fflush
 .text.fseek    0x0000195c       0xf8 C:/nxp/MCUXpressoIDE_25.6.136/ide/plugins/com.nxp.mcuxpresso.tools.win32_25.6.0.202501151204/tools/bin/../lib/gcc/arm-none-eabi/14.2.1/../../../../arm-none-eabi/lib/thumb/v8-m.main+fp/hard\libcr_c.a(fseek.o)
                0x0000195c                fseek
 .text.ftell    0x00001a54       0x44 C:/nxp/MCUXpressoIDE_25.6.136/ide/plugins/com.nxp.mcuxpresso.tools.win32_25.6.0.202501151204/tools/bin/../lib/gcc/arm-none-eabi/14.2.1/../../../../arm-none-eabi/lib/thumb/v8-m.main+fp/hard\libcr_c.a(ftell.o)
                0x00001a54                ftell
 .text.PrintGetWidth
                0x00001a98       0x6a ./utilities/str/fsl_str.o
 .text.PrintGetPrecision
                0x00001b02       0x8c ./utilities/str/fsl_str.o
 .text.PrintIsobpu
                0x00001b8e       0x38 ./utilities/str/fsl_str.o
 .text.PrintIsdi
                0x00001bc6       0x2c ./utilities/str/fsl_str.o
 .text.PrintOutputdifFobpu
                0x00001bf2       0x44 ./utilities/str/fsl_str.o
 .text.PrintOutputxX
                0x00001c36       0x44 ./utilities/str/fsl_str.o
 .text.PrintIsfF
                0x00001c7a       0x2c ./utilities/str/fsl_str.o
 .text.PrintIsxX
                0x00001ca6       0x2c ./utilities/str/fsl_str.o
 .text.PrintFilterLengthFlag
                0x00001cd2       0x3e ./utilities/str/fsl_str.o
 .text.PrintGetRadixFromobpu
                0x00001d10       0x40 ./utilities/str/fsl_str.o
 .text.ConvertRadixNumToString
                0x00001d50       0xc2 ./utilities/str/fsl_str.o
 .text.StrFormatExaminedi
                0x00001e12       0x26 ./utilities/str/fsl_str.o
 .text.StrFormatExaminexX
                0x00001e38       0x26 ./utilities/str/fsl_str.o
 .text.StrFormatExamineobpu
                0x00001e5e       0x26 ./utilities/str/fsl_str.o
 .text.ConvertPrecisionWidthToLength
                0x00001e84       0x20 ./utilities/str/fsl_str.o
 .text.StrFormatPrintf
                0x00001ea4      0x2bc ./utilities/str/fsl_str.o
                0x00001ea4                StrFormatPrintf
 .text.DbgConsole_PrintCallback
                0x00002160       0x66 ./utilities/debug_console/fsl_debug_console.o
 .text.DbgConsole_Printf
                0x000021c6       0x2c ./utilities/debug_console/fsl_debug_console.o
                0x000021c6                DbgConsole_Printf
 .text.fsl_assert_hook
                0x000021f2       0x1a ./utilities/fsl_assert.o
                0x000021f2                fsl_assert_hook
 .text.OR_IRQHandler
                0x0000220c        0x8 ./startup/startup_mcxn947_cm33_core0.o
                0x0000220c                OR_IRQHandler
 .text.EDMA_0_CH0_IRQHandler
                0x00002214        0x8 ./startup/startup_mcxn947_cm33_core0.o
                0x00002214                EDMA_0_CH0_IRQHandler
 .text.EDMA_0_CH1_IRQHandler
                0x0000221c        0x8 ./startup/startup_mcxn947_cm33_core0.o
                0x0000221c                EDMA_0_CH1_IRQHandler
 .text.EDMA_0_CH2_IRQHandler
                0x00002224        0x8 ./startup/startup_mcxn947_cm33_core0.o
                0x00002224                EDMA_0_CH2_IRQHandler
 .text.EDMA_0_CH3_IRQHandler
                0x0000222c        0x8 ./startup/startup_mcxn947_cm33_core0.o
                0x0000222c                EDMA_0_CH3_IRQHandler
 .text.EDMA_0_CH4_IRQHandler
                0x00002234        0x8 ./startup/startup_mcxn947_cm33_core0.o
                0x00002234                EDMA_0_CH4_IRQHandler
 .text.EDMA_0_CH5_IRQHandler
                0x0000223c        0x8 ./startup/startup_mcxn947_cm33_core0.o
                0x0000223c                EDMA_0_CH5_IRQHandler
 .text.EDMA_0_CH6_IRQHandler
                0x00002244        0x8 ./startup/startup_mcxn947_cm33_core0.o
                0x00002244                EDMA_0_CH6_IRQHandler
 .text.EDMA_0_CH7_IRQHandler
                0x0000224c        0x8 ./startup/startup_mcxn947_cm33_core0.o
                0x0000224c                EDMA_0_CH7_IRQHandler
 .text.EDMA_0_CH8_IRQHandler
                0x00002254        0x8 ./startup/startup_mcxn947_cm33_core0.o
                0x00002254                EDMA_0_CH8_IRQHandler
 .text.EDMA_0_CH9_IRQHandler
                0x0000225c        0x8 ./startup/startup_mcxn947_cm33_core0.o
                0x0000225c                EDMA_0_CH9_IRQHandler
 .text.EDMA_0_CH10_IRQHandler
                0x00002264        0x8 ./startup/startup_mcxn947_cm33_core0.o
                0x00002264                EDMA_0_CH10_IRQHandler
 .text.EDMA_0_CH11_IRQHandler
                0x0000226c        0x8 ./startup/startup_mcxn947_cm33_core0.o
                0x0000226c                EDMA_0_CH11_IRQHandler
 .text.EDMA_0_CH12_IRQHandler
                0x00002274        0x8 ./startup/startup_mcxn947_cm33_core0.o
                0x00002274                EDMA_0_CH12_IRQHandler
 .text.EDMA_0_CH13_IRQHandler
                0x0000227c        0x8 ./startup/startup_mcxn947_cm33_core0.o
                0x0000227c                EDMA_0_CH13_IRQHandler
 .text.EDMA_0_CH14_IRQHandler
                0x00002284        0x8 ./startup/startup_mcxn947_cm33_core0.o
                0x00002284                EDMA_0_CH14_IRQHandler
 .text.EDMA_0_CH15_IRQHandler
                0x0000228c        0x8 ./startup/startup_mcxn947_cm33_core0.o
                0x0000228c                EDMA_0_CH15_IRQHandler
 .text.GPIO00_IRQHandler
                0x00002294        0x8 ./startup/startup_mcxn947_cm33_core0.o
                0x00002294                GPIO00_IRQHandler
 .text.GPIO01_IRQHandler
                0x0000229c        0x8 ./startup/startup_mcxn947_cm33_core0.o
                0x0000229c                GPIO01_IRQHandler
 .text.GPIO10_IRQHandler
                0x000022a4        0x8 ./startup/startup_mcxn947_cm33_core0.o
                0x000022a4                GPIO10_IRQHandler
 .text.GPIO11_IRQHandler
                0x000022ac        0x8 ./startup/startup_mcxn947_cm33_core0.o
                0x000022ac                GPIO11_IRQHandler
 .text.GPIO20_IRQHandler
                0x000022b4        0x8 ./startup/startup_mcxn947_cm33_core0.o
                0x000022b4                GPIO20_IRQHandler
 .text.GPIO21_IRQHandler
                0x000022bc        0x8 ./startup/startup_mcxn947_cm33_core0.o
                0x000022bc                GPIO21_IRQHandler
 .text.GPIO30_IRQHandler
                0x000022c4        0x8 ./startup/startup_mcxn947_cm33_core0.o
                0x000022c4                GPIO30_IRQHandler
 .text.GPIO31_IRQHandler
                0x000022cc        0x8 ./startup/startup_mcxn947_cm33_core0.o
                0x000022cc                GPIO31_IRQHandler
 .text.GPIO40_IRQHandler
                0x000022d4        0x8 ./startup/startup_mcxn947_cm33_core0.o
                0x000022d4                GPIO40_IRQHandler
 .text.GPIO41_IRQHandler
                0x000022dc        0x8 ./startup/startup_mcxn947_cm33_core0.o
                0x000022dc                GPIO41_IRQHandler
 .text.GPIO50_IRQHandler
                0x000022e4        0x8 ./startup/startup_mcxn947_cm33_core0.o
                0x000022e4                GPIO50_IRQHandler
 .text.GPIO51_IRQHandler
                0x000022ec        0x8 ./startup/startup_mcxn947_cm33_core0.o
                0x000022ec                GPIO51_IRQHandler
 .text.UTICK0_IRQHandler
                0x000022f4        0x8 ./startup/startup_mcxn947_cm33_core0.o
                0x000022f4                UTICK0_IRQHandler
 .text.MRT0_IRQHandler
                0x000022fc        0x8 ./startup/startup_mcxn947_cm33_core0.o
                0x000022fc                MRT0_IRQHandler
 .text.CTIMER0_IRQHandler
                0x00002304        0x8 ./startup/startup_mcxn947_cm33_core0.o
                0x00002304                CTIMER0_IRQHandler
 .text.CTIMER1_IRQHandler
                0x0000230c        0x8 ./startup/startup_mcxn947_cm33_core0.o
                0x0000230c                CTIMER1_IRQHandler
 .text.SCT0_IRQHandler
                0x00002314        0x8 ./startup/startup_mcxn947_cm33_core0.o
                0x00002314                SCT0_IRQHandler
 .text.CTIMER2_IRQHandler
                0x0000231c        0x8 ./startup/startup_mcxn947_cm33_core0.o
                0x0000231c                CTIMER2_IRQHandler
 .text.LP_FLEXCOMM0_IRQHandler
                0x00002324        0x8 ./startup/startup_mcxn947_cm33_core0.o
                0x00002324                LP_FLEXCOMM0_IRQHandler
 .text.LP_FLEXCOMM1_IRQHandler
                0x0000232c        0x8 ./startup/startup_mcxn947_cm33_core0.o
                0x0000232c                LP_FLEXCOMM1_IRQHandler
 .text.LP_FLEXCOMM2_IRQHandler
                0x00002334        0x8 ./startup/startup_mcxn947_cm33_core0.o
                0x00002334                LP_FLEXCOMM2_IRQHandler
 .text.LP_FLEXCOMM3_IRQHandler
                0x0000233c        0x8 ./startup/startup_mcxn947_cm33_core0.o
                0x0000233c                LP_FLEXCOMM3_IRQHandler
 .text.LP_FLEXCOMM4_IRQHandler
                0x00002344        0x8 ./startup/startup_mcxn947_cm33_core0.o
                0x00002344                LP_FLEXCOMM4_IRQHandler
 .text.LP_FLEXCOMM5_IRQHandler
                0x0000234c        0x8 ./startup/startup_mcxn947_cm33_core0.o
                0x0000234c                LP_FLEXCOMM5_IRQHandler
 .text.LP_FLEXCOMM6_IRQHandler
                0x00002354        0x8 ./startup/startup_mcxn947_cm33_core0.o
                0x00002354                LP_FLEXCOMM6_IRQHandler
 .text.LP_FLEXCOMM7_IRQHandler
                0x0000235c        0x8 ./startup/startup_mcxn947_cm33_core0.o
                0x0000235c                LP_FLEXCOMM7_IRQHandler
 .text.LP_FLEXCOMM8_IRQHandler
                0x00002364        0x8 ./startup/startup_mcxn947_cm33_core0.o
                0x00002364                LP_FLEXCOMM8_IRQHandler
 .text.LP_FLEXCOMM9_IRQHandler
                0x0000236c        0x8 ./startup/startup_mcxn947_cm33_core0.o
                0x0000236c                LP_FLEXCOMM9_IRQHandler
 .text.ADC0_IRQHandler
                0x00002374        0x8 ./startup/startup_mcxn947_cm33_core0.o
                0x00002374                ADC0_IRQHandler
 .text.ADC1_IRQHandler
                0x0000237c        0x8 ./startup/startup_mcxn947_cm33_core0.o
                0x0000237c                ADC1_IRQHandler
 .text.PINT0_IRQHandler
                0x00002384        0x8 ./startup/startup_mcxn947_cm33_core0.o
                0x00002384                PINT0_IRQHandler
 .text.PDM_EVENT_IRQHandler
                0x0000238c        0x8 ./startup/startup_mcxn947_cm33_core0.o
                0x0000238c                PDM_EVENT_IRQHandler
 .text.Reserved65_IRQHandler
                0x00002394        0x8 ./startup/startup_mcxn947_cm33_core0.o
                0x00002394                Reserved65_IRQHandler
 .text.USB0_FS_IRQHandler
                0x0000239c        0x8 ./startup/startup_mcxn947_cm33_core0.o
                0x0000239c                USB0_FS_IRQHandler
 .text.USB0_DCD_IRQHandler
                0x000023a4        0x8 ./startup/startup_mcxn947_cm33_core0.o
                0x000023a4                USB0_DCD_IRQHandler
 .text.RTC_IRQHandler
                0x000023ac        0x8 ./startup/startup_mcxn947_cm33_core0.o
                0x000023ac                RTC_IRQHandler
 .text.SMARTDMA_IRQHandler
                0x000023b4        0x8 ./startup/startup_mcxn947_cm33_core0.o
                0x000023b4                SMARTDMA_IRQHandler
 .text.MAILBOX_IRQHandler
                0x000023bc        0x8 ./startup/startup_mcxn947_cm33_core0.o
                0x000023bc                MAILBOX_IRQHandler
 .text.CTIMER3_IRQHandler
                0x000023c4        0x8 ./startup/startup_mcxn947_cm33_core0.o
                0x000023c4                CTIMER3_IRQHandler
 .text.CTIMER4_IRQHandler
                0x000023cc        0x8 ./startup/startup_mcxn947_cm33_core0.o
                0x000023cc                CTIMER4_IRQHandler
 .text.OS_EVENT_IRQHandler
                0x000023d4        0x8 ./startup/startup_mcxn947_cm33_core0.o
                0x000023d4                OS_EVENT_IRQHandler
 .text.FLEXSPI0_IRQHandler
                0x000023dc        0x8 ./startup/startup_mcxn947_cm33_core0.o
                0x000023dc                FLEXSPI0_IRQHandler
 .text.SAI0_IRQHandler
                0x000023e4        0x8 ./startup/startup_mcxn947_cm33_core0.o
                0x000023e4                SAI0_IRQHandler
 .text.SAI1_IRQHandler
                0x000023ec        0x8 ./startup/startup_mcxn947_cm33_core0.o
                0x000023ec                SAI1_IRQHandler
 .text.USDHC0_IRQHandler
                0x000023f4        0x8 ./startup/startup_mcxn947_cm33_core0.o
                0x000023f4                USDHC0_IRQHandler
 .text.CAN0_IRQHandler
                0x000023fc        0x8 ./startup/startup_mcxn947_cm33_core0.o
                0x000023fc                CAN0_IRQHandler
 .text.CAN1_IRQHandler
                0x00002404        0x8 ./startup/startup_mcxn947_cm33_core0.o
                0x00002404                CAN1_IRQHandler
 .text.Reserved80_IRQHandler
                0x0000240c        0x8 ./startup/startup_mcxn947_cm33_core0.o
                0x0000240c                Reserved80_IRQHandler
 .text.Reserved81_IRQHandler
                0x00002414        0x8 ./startup/startup_mcxn947_cm33_core0.o
                0x00002414                Reserved81_IRQHandler
 .text.USB1_HS_PHY_IRQHandler
                0x0000241c        0x8 ./startup/startup_mcxn947_cm33_core0.o
                0x0000241c                USB1_HS_PHY_IRQHandler
 .text.USB1_HS_IRQHandler
                0x00002424        0x8 ./startup/startup_mcxn947_cm33_core0.o
                0x00002424                USB1_HS_IRQHandler
 .text.SEC_HYPERVISOR_CALL_IRQHandler
                0x0000242c        0x8 ./startup/startup_mcxn947_cm33_core0.o
                0x0000242c                SEC_HYPERVISOR_CALL_IRQHandler
 .text.Reserved85_IRQHandler
                0x00002434        0x8 ./startup/startup_mcxn947_cm33_core0.o
                0x00002434                Reserved85_IRQHandler
 .text.PLU_IRQHandler
                0x0000243c        0x8 ./startup/startup_mcxn947_cm33_core0.o
                0x0000243c                PLU_IRQHandler
 .text.Freqme_IRQHandler
                0x00002444        0x8 ./startup/startup_mcxn947_cm33_core0.o
                0x00002444                Freqme_IRQHandler
 .text.SEC_VIO_IRQHandler
                0x0000244c        0x8 ./startup/startup_mcxn947_cm33_core0.o
                0x0000244c                SEC_VIO_IRQHandler
 .text.ELS_IRQHandler
                0x00002454        0x8 ./startup/startup_mcxn947_cm33_core0.o
                0x00002454                ELS_IRQHandler
 .text.PKC_IRQHandler
                0x0000245c        0x8 ./startup/startup_mcxn947_cm33_core0.o
                0x0000245c                PKC_IRQHandler
 .text.PUF_IRQHandler
                0x00002464        0x8 ./startup/startup_mcxn947_cm33_core0.o
                0x00002464                PUF_IRQHandler
 .text.PQ_IRQHandler
                0x0000246c        0x8 ./startup/startup_mcxn947_cm33_core0.o
                0x0000246c                PQ_IRQHandler
 .text.EDMA_1_CH0_IRQHandler
                0x00002474        0x8 ./startup/startup_mcxn947_cm33_core0.o
                0x00002474                EDMA_1_CH0_IRQHandler
 .text.EDMA_1_CH1_IRQHandler
                0x0000247c        0x8 ./startup/startup_mcxn947_cm33_core0.o
                0x0000247c                EDMA_1_CH1_IRQHandler
 .text.EDMA_1_CH2_IRQHandler
                0x00002484        0x8 ./startup/startup_mcxn947_cm33_core0.o
                0x00002484                EDMA_1_CH2_IRQHandler
 .text.EDMA_1_CH3_IRQHandler
                0x0000248c        0x8 ./startup/startup_mcxn947_cm33_core0.o
                0x0000248c                EDMA_1_CH3_IRQHandler
 .text.EDMA_1_CH4_IRQHandler
                0x00002494        0x8 ./startup/startup_mcxn947_cm33_core0.o
                0x00002494                EDMA_1_CH4_IRQHandler
 .text.EDMA_1_CH5_IRQHandler
                0x0000249c        0x8 ./startup/startup_mcxn947_cm33_core0.o
                0x0000249c                EDMA_1_CH5_IRQHandler
 .text.EDMA_1_CH6_IRQHandler
                0x000024a4        0x8 ./startup/startup_mcxn947_cm33_core0.o
                0x000024a4                EDMA_1_CH6_IRQHandler
 .text.EDMA_1_CH7_IRQHandler
                0x000024ac        0x8 ./startup/startup_mcxn947_cm33_core0.o
                0x000024ac                EDMA_1_CH7_IRQHandler
 .text.EDMA_1_CH8_IRQHandler
                0x000024b4        0x8 ./startup/startup_mcxn947_cm33_core0.o
                0x000024b4                EDMA_1_CH8_IRQHandler
 .text.EDMA_1_CH9_IRQHandler
                0x000024bc        0x8 ./startup/startup_mcxn947_cm33_core0.o
                0x000024bc                EDMA_1_CH9_IRQHandler
 .text.EDMA_1_CH10_IRQHandler
                0x000024c4        0x8 ./startup/startup_mcxn947_cm33_core0.o
                0x000024c4                EDMA_1_CH10_IRQHandler
 .text.EDMA_1_CH11_IRQHandler
                0x000024cc        0x8 ./startup/startup_mcxn947_cm33_core0.o
                0x000024cc                EDMA_1_CH11_IRQHandler
 .text.EDMA_1_CH12_IRQHandler
                0x000024d4        0x8 ./startup/startup_mcxn947_cm33_core0.o
                0x000024d4                EDMA_1_CH12_IRQHandler
 .text.EDMA_1_CH13_IRQHandler
                0x000024dc        0x8 ./startup/startup_mcxn947_cm33_core0.o
                0x000024dc                EDMA_1_CH13_IRQHandler
 .text.EDMA_1_CH14_IRQHandler
                0x000024e4        0x8 ./startup/startup_mcxn947_cm33_core0.o
                0x000024e4                EDMA_1_CH14_IRQHandler
 .text.EDMA_1_CH15_IRQHandler
                0x000024ec        0x8 ./startup/startup_mcxn947_cm33_core0.o
                0x000024ec                EDMA_1_CH15_IRQHandler
 .text.CDOG0_IRQHandler
                0x000024f4        0x8 ./startup/startup_mcxn947_cm33_core0.o
                0x000024f4                CDOG0_IRQHandler
 .text.CDOG1_IRQHandler
                0x000024fc        0x8 ./startup/startup_mcxn947_cm33_core0.o
                0x000024fc                CDOG1_IRQHandler
 .text.I3C0_IRQHandler
                0x00002504        0x8 ./startup/startup_mcxn947_cm33_core0.o
                0x00002504                I3C0_IRQHandler
 .text.I3C1_IRQHandler
                0x0000250c        0x8 ./startup/startup_mcxn947_cm33_core0.o
                0x0000250c                I3C1_IRQHandler
 .text.NPU_IRQHandler
                0x00002514        0x8 ./startup/startup_mcxn947_cm33_core0.o
                0x00002514                NPU_IRQHandler
 .text.GDET_IRQHandler
                0x0000251c        0x8 ./startup/startup_mcxn947_cm33_core0.o
                0x0000251c                GDET_IRQHandler
 .text.VBAT0_IRQHandler
                0x00002524        0x8 ./startup/startup_mcxn947_cm33_core0.o
                0x00002524                VBAT0_IRQHandler
 .text.EWM0_IRQHandler
                0x0000252c        0x8 ./startup/startup_mcxn947_cm33_core0.o
                0x0000252c                EWM0_IRQHandler
 .text.TSI_END_OF_SCAN_IRQHandler
                0x00002534        0x8 ./startup/startup_mcxn947_cm33_core0.o
                0x00002534                TSI_END_OF_SCAN_IRQHandler
 .text.TSI_OUT_OF_SCAN_IRQHandler
                0x0000253c        0x8 ./startup/startup_mcxn947_cm33_core0.o
                0x0000253c                TSI_OUT_OF_SCAN_IRQHandler
 .text.EMVSIM0_IRQHandler
                0x00002544        0x8 ./startup/startup_mcxn947_cm33_core0.o
                0x00002544                EMVSIM0_IRQHandler
 .text.EMVSIM1_IRQHandler
                0x0000254c        0x8 ./startup/startup_mcxn947_cm33_core0.o
                0x0000254c                EMVSIM1_IRQHandler
 .text.FLEXIO_IRQHandler
                0x00002554        0x8 ./startup/startup_mcxn947_cm33_core0.o
                0x00002554                FLEXIO_IRQHandler
 .text.DAC0_IRQHandler
                0x0000255c        0x8 ./startup/startup_mcxn947_cm33_core0.o
                0x0000255c                DAC0_IRQHandler
 .text.DAC1_IRQHandler
                0x00002564        0x8 ./startup/startup_mcxn947_cm33_core0.o
                0x00002564                DAC1_IRQHandler
 .text.DAC2_IRQHandler
                0x0000256c        0x8 ./startup/startup_mcxn947_cm33_core0.o
                0x0000256c                DAC2_IRQHandler
 .text.HSCMP0_IRQHandler
                0x00002574        0x8 ./startup/startup_mcxn947_cm33_core0.o
                0x00002574                HSCMP0_IRQHandler
 .text.HSCMP1_IRQHandler
                0x0000257c        0x8 ./startup/startup_mcxn947_cm33_core0.o
                0x0000257c                HSCMP1_IRQHandler
 .text.HSCMP2_IRQHandler
                0x00002584        0x8 ./startup/startup_mcxn947_cm33_core0.o
                0x00002584                HSCMP2_IRQHandler
 .text.FLEXPWM0_RELOAD_ERROR_IRQHandler
                0x0000258c        0x8 ./startup/startup_mcxn947_cm33_core0.o
                0x0000258c                FLEXPWM0_RELOAD_ERROR_IRQHandler
 .text.FLEXPWM0_FAULT_IRQHandler
                0x00002594        0x8 ./startup/startup_mcxn947_cm33_core0.o
                0x00002594                FLEXPWM0_FAULT_IRQHandler
 .text.FLEXPWM0_SUBMODULE0_IRQHandler
                0x0000259c        0x8 ./startup/startup_mcxn947_cm33_core0.o
                0x0000259c                FLEXPWM0_SUBMODULE0_IRQHandler
 .text.FLEXPWM0_SUBMODULE1_IRQHandler
                0x000025a4        0x8 ./startup/startup_mcxn947_cm33_core0.o
                0x000025a4                FLEXPWM0_SUBMODULE1_IRQHandler
 .text.FLEXPWM0_SUBMODULE2_IRQHandler
                0x000025ac        0x8 ./startup/startup_mcxn947_cm33_core0.o
                0x000025ac                FLEXPWM0_SUBMODULE2_IRQHandler
 .text.FLEXPWM0_SUBMODULE3_IRQHandler
                0x000025b4        0x8 ./startup/startup_mcxn947_cm33_core0.o
                0x000025b4                FLEXPWM0_SUBMODULE3_IRQHandler
 .text.FLEXPWM1_RELOAD_ERROR_IRQHandler
                0x000025bc        0x8 ./startup/startup_mcxn947_cm33_core0.o
                0x000025bc                FLEXPWM1_RELOAD_ERROR_IRQHandler
 .text.FLEXPWM1_FAULT_IRQHandler
                0x000025c4        0x8 ./startup/startup_mcxn947_cm33_core0.o
                0x000025c4                FLEXPWM1_FAULT_IRQHandler
 .text.FLEXPWM1_SUBMODULE0_IRQHandler
                0x000025cc        0x8 ./startup/startup_mcxn947_cm33_core0.o
                0x000025cc                FLEXPWM1_SUBMODULE0_IRQHandler
 .text.FLEXPWM1_SUBMODULE1_IRQHandler
                0x000025d4        0x8 ./startup/startup_mcxn947_cm33_core0.o
                0x000025d4                FLEXPWM1_SUBMODULE1_IRQHandler
 .text.FLEXPWM1_SUBMODULE2_IRQHandler
                0x000025dc        0x8 ./startup/startup_mcxn947_cm33_core0.o
                0x000025dc                FLEXPWM1_SUBMODULE2_IRQHandler
 .text.FLEXPWM1_SUBMODULE3_IRQHandler
                0x000025e4        0x8 ./startup/startup_mcxn947_cm33_core0.o
                0x000025e4                FLEXPWM1_SUBMODULE3_IRQHandler
 .text.QDC0_COMPARE_IRQHandler
                0x000025ec        0x8 ./startup/startup_mcxn947_cm33_core0.o
                0x000025ec                QDC0_COMPARE_IRQHandler
 .text.QDC0_HOME_IRQHandler
                0x000025f4        0x8 ./startup/startup_mcxn947_cm33_core0.o
                0x000025f4                QDC0_HOME_IRQHandler
 .text.QDC0_WDG_SAB_IRQHandler
                0x000025fc        0x8 ./startup/startup_mcxn947_cm33_core0.o
                0x000025fc                QDC0_WDG_SAB_IRQHandler
 .text.QDC0_IDX_IRQHandler
                0x00002604        0x8 ./startup/startup_mcxn947_cm33_core0.o
                0x00002604                QDC0_IDX_IRQHandler
 .text.QDC1_COMPARE_IRQHandler
                0x0000260c        0x8 ./startup/startup_mcxn947_cm33_core0.o
                0x0000260c                QDC1_COMPARE_IRQHandler
 .text.QDC1_HOME_IRQHandler
                0x00002614        0x8 ./startup/startup_mcxn947_cm33_core0.o
                0x00002614                QDC1_HOME_IRQHandler
 .text.QDC1_WDG_SAB_IRQHandler
                0x0000261c        0x8 ./startup/startup_mcxn947_cm33_core0.o
                0x0000261c                QDC1_WDG_SAB_IRQHandler
 .text.QDC1_IDX_IRQHandler
                0x00002624        0x8 ./startup/startup_mcxn947_cm33_core0.o
                0x00002624                QDC1_IDX_IRQHandler
 .text.ITRC0_IRQHandler
                0x0000262c        0x8 ./startup/startup_mcxn947_cm33_core0.o
                0x0000262c                ITRC0_IRQHandler
 .text.BSP32_IRQHandler
                0x00002634        0x8 ./startup/startup_mcxn947_cm33_core0.o
                0x00002634                BSP32_IRQHandler
 .text.ELS_ERR_IRQHandler
                0x0000263c        0x8 ./startup/startup_mcxn947_cm33_core0.o
                0x0000263c                ELS_ERR_IRQHandler
 .text.PKC_ERR_IRQHandler
                0x00002644        0x8 ./startup/startup_mcxn947_cm33_core0.o
                0x00002644                PKC_ERR_IRQHandler
 .text.ERM_SINGLE_BIT_ERROR_IRQHandler
                0x0000264c        0x8 ./startup/startup_mcxn947_cm33_core0.o
                0x0000264c                ERM_SINGLE_BIT_ERROR_IRQHandler
 .text.ERM_MULTI_BIT_ERROR_IRQHandler
                0x00002654        0x8 ./startup/startup_mcxn947_cm33_core0.o
                0x00002654                ERM_MULTI_BIT_ERROR_IRQHandler
 .text.FMU0_IRQHandler
                0x0000265c        0x8 ./startup/startup_mcxn947_cm33_core0.o
                0x0000265c                FMU0_IRQHandler
 .text.ETHERNET_IRQHandler
                0x00002664        0x8 ./startup/startup_mcxn947_cm33_core0.o
                0x00002664                ETHERNET_IRQHandler
 .text.ETHERNET_PMT_IRQHandler
                0x0000266c        0x8 ./startup/startup_mcxn947_cm33_core0.o
                0x0000266c                ETHERNET_PMT_IRQHandler
 .text.ETHERNET_MACLP_IRQHandler
                0x00002674        0x8 ./startup/startup_mcxn947_cm33_core0.o
                0x00002674                ETHERNET_MACLP_IRQHandler
 .text.SINC_FILTER_IRQHandler
                0x0000267c        0x8 ./startup/startup_mcxn947_cm33_core0.o
                0x0000267c                SINC_FILTER_IRQHandler
 .text.LPTMR0_IRQHandler
                0x00002684        0x8 ./startup/startup_mcxn947_cm33_core0.o
                0x00002684                LPTMR0_IRQHandler
 .text.LPTMR1_IRQHandler
                0x0000268c        0x8 ./startup/startup_mcxn947_cm33_core0.o
                0x0000268c                LPTMR1_IRQHandler
 .text.SCG_IRQHandler
                0x00002694        0x8 ./startup/startup_mcxn947_cm33_core0.o
                0x00002694                SCG_IRQHandler
 .text.SPC_IRQHandler
                0x0000269c        0x8 ./startup/startup_mcxn947_cm33_core0.o
                0x0000269c                SPC_IRQHandler
 .text.WUU_IRQHandler
                0x000026a4        0x8 ./startup/startup_mcxn947_cm33_core0.o
                0x000026a4                WUU_IRQHandler
 .text.PORT_EFT_IRQHandler
                0x000026ac        0x8 ./startup/startup_mcxn947_cm33_core0.o
                0x000026ac                PORT_EFT_IRQHandler
 .text.ETB0_IRQHandler
                0x000026b4        0x8 ./startup/startup_mcxn947_cm33_core0.o
                0x000026b4                ETB0_IRQHandler
 .text.Reserved166_IRQHandler
                0x000026bc        0x8 ./startup/startup_mcxn947_cm33_core0.o
                0x000026bc                Reserved166_IRQHandler
 .text.Reserved167_IRQHandler
                0x000026c4        0x8 ./startup/startup_mcxn947_cm33_core0.o
                0x000026c4                Reserved167_IRQHandler
 .text.WWDT0_IRQHandler
                0x000026cc        0x8 ./startup/startup_mcxn947_cm33_core0.o
                0x000026cc                WWDT0_IRQHandler
 .text.WWDT1_IRQHandler
                0x000026d4        0x8 ./startup/startup_mcxn947_cm33_core0.o
                0x000026d4                WWDT1_IRQHandler
 .text.CMC0_IRQHandler
                0x000026dc        0x8 ./startup/startup_mcxn947_cm33_core0.o
                0x000026dc                CMC0_IRQHandler
 .text.CTI0_IRQHandler
                0x000026e4        0x8 ./startup/startup_mcxn947_cm33_core0.o
                0x000026e4                CTI0_IRQHandler
 .text.main     0x000026ec       0x18 ./source/Free_RTOS.o
                0x000026ec                main
 .text.HardFault_Handler
                0x00002704       0x36 ./source/semihost_hardfault.o
                0x00002704                HardFault_Handler
 .text.CLOCK_GetPll0OutFreq
                0x0000273a       0x88 ./drivers/fsl_clock.o
                0x0000273a                CLOCK_GetPll0OutFreq
 .text.CLOCK_EnableClock
                0x000027c2       0x94 ./drivers/fsl_lpflexcomm.o
 .text.LP_FLEXCOMM_PeripheralIsPresent
                0x00002856       0x52 ./drivers/fsl_lpflexcomm.o
 .text.LP_FLEXCOMM0_DriverIRQHandler
                0x000028a8        0xe ./drivers/fsl_lpflexcomm.o
                0x000028a8                LP_FLEXCOMM0_DriverIRQHandler
 .text.LP_FLEXCOMM1_DriverIRQHandler
                0x000028b6        0xe ./drivers/fsl_lpflexcomm.o
                0x000028b6                LP_FLEXCOMM1_DriverIRQHandler
 .text.LP_FLEXCOMM2_DriverIRQHandler
                0x000028c4        0xe ./drivers/fsl_lpflexcomm.o
                0x000028c4                LP_FLEXCOMM2_DriverIRQHandler
 .text.LP_FLEXCOMM3_DriverIRQHandler
                0x000028d2        0xe ./drivers/fsl_lpflexcomm.o
                0x000028d2                LP_FLEXCOMM3_DriverIRQHandler
 .text.LP_FLEXCOMM4_DriverIRQHandler
                0x000028e0        0xe ./drivers/fsl_lpflexcomm.o
                0x000028e0                LP_FLEXCOMM4_DriverIRQHandler
 .text.LP_FLEXCOMM5_DriverIRQHandler
                0x000028ee        0xe ./drivers/fsl_lpflexcomm.o
                0x000028ee                LP_FLEXCOMM5_DriverIRQHandler
 .text.LP_FLEXCOMM6_DriverIRQHandler
                0x000028fc        0xe ./drivers/fsl_lpflexcomm.o
                0x000028fc                LP_FLEXCOMM6_DriverIRQHandler
 .text.LP_FLEXCOMM7_DriverIRQHandler
                0x0000290a        0xe ./drivers/fsl_lpflexcomm.o
                0x0000290a                LP_FLEXCOMM7_DriverIRQHandler
 .text.LP_FLEXCOMM8_DriverIRQHandler
                0x00002918        0xe ./drivers/fsl_lpflexcomm.o
                0x00002918                LP_FLEXCOMM8_DriverIRQHandler
 .text.LP_FLEXCOMM9_DriverIRQHandler
                0x00002926        0xe ./drivers/fsl_lpflexcomm.o
                0x00002926                LP_FLEXCOMM9_DriverIRQHandler
 .text.LPUART_SoftwareReset
                0x00002934       0x2c ./drivers/fsl_lpuart.o
 .text.SystemInitHook
                0x00002960        0xe ./device/system_MCXN947_cm33_core0.o
                0x00002960                SystemInitHook
 .text.HAL_UartGetStatus
                0x0000296e       0x28 ./component/uart/fsl_adapter_lpuart.o
 .text.DisableGlobalIRQ
                0x00002996       0x22 ./component/serial_manager/fsl_component_serial_manager.o
 .text.EnableGlobalIRQ
                0x000029b8       0x20 ./component/serial_manager/fsl_component_serial_manager.o
 .text.SerialManager_StartWriting
                0x000029d8       0x38 ./component/serial_manager/fsl_component_serial_manager.o
 .text.SerialManager_Write
                0x00002a10       0x44 ./component/serial_manager/fsl_component_serial_manager.o
 .text.SerialManager_Init
                0x00002a54       0x60 ./component/serial_manager/fsl_component_serial_manager.o
                0x00002a54                SerialManager_Init
 .text.SerialManager_OpenWriteHandle
                0x00002ab4       0x50 ./component/serial_manager/fsl_component_serial_manager.o
                0x00002ab4                SerialManager_OpenWriteHandle
 .text.SerialManager_OpenReadHandle
                0x00002b04       0x60 ./component/serial_manager/fsl_component_serial_manager.o
                0x00002b04                SerialManager_OpenReadHandle
 .text.SerialManager_WriteBlocking
                0x00002b64       0x20 ./component/serial_manager/fsl_component_serial_manager.o
                0x00002b64                SerialManager_WriteBlocking
 .text.Serial_UartInit
                0x00002b84       0x3e ./component/serial_manager/fsl_component_serial_port_uart.o
                0x00002b84                Serial_UartInit
 .text.Serial_UartWrite
                0x00002bc2       0x38 ./component/serial_manager/fsl_component_serial_port_uart.o
                0x00002bc2                Serial_UartWrite
 .text.CLOCK_EnableClock
                0x00002bfa       0x94 ./board/clock_config.o
 .text.BOARD_InitBootClocks
                0x00002c8e        0xc ./board/clock_config.o
                0x00002c8e                BOARD_InitBootClocks
 .text.BOARD_InitBootPeripherals
                0x00002c9a        0xe ./board/peripherals.o
                0x00002c9a                BOARD_InitBootPeripherals
 .text.CLOCK_EnableClock
                0x00002ca8       0x94 ./board/pin_mux.o
 .text.BOARD_InitBootPins
                0x00002d3c        0xc ./board/pin_mux.o
                0x00002d3c                BOARD_InitBootPins
 .text.__main   0x00002d48        0xe C:/nxp/MCUXpressoIDE_25.6.136/ide/plugins/com.nxp.mcuxpresso.tools.win32_25.6.0.202501151204/tools/bin/../lib/gcc/arm-none-eabi/14.2.1/../../../../arm-none-eabi/lib/thumb/v8-m.main+fp/hard\libcr_nohost_nf.a(_cr__main.o)
                0x00002d48                __main
 .text.memcpy   0x00002d56        0x4 C:/nxp/MCUXpressoIDE_25.6.136/ide/plugins/com.nxp.mcuxpresso.tools.win32_25.6.0.202501151204/tools/bin/../lib/gcc/arm-none-eabi/14.2.1/../../../../arm-none-eabi/lib/thumb/v8-m.main+fp/hard\libcr_c.a(memcpy.o)
                0x00002d56                memcpy
 .text.memset   0x00002d5a        0x4 C:/nxp/MCUXpressoIDE_25.6.136/ide/plugins/com.nxp.mcuxpresso.tools.win32_25.6.0.202501151204/tools/bin/../lib/gcc/arm-none-eabi/14.2.1/../../../../arm-none-eabi/lib/thumb/v8-m.main+fp/hard\libcr_c.a(memset.o)
                0x00002d5a                memset
 .text.free     0x00002d5e       0x30 C:/nxp/MCUXpressoIDE_25.6.136/ide/plugins/com.nxp.mcuxpresso.tools.win32_25.6.0.202501151204/tools/bin/../lib/gcc/arm-none-eabi/14.2.1/../../../../arm-none-eabi/lib/thumb/v8-m.main+fp/hard\libcr_c.a(alloc.o)
                0x00002d5e                free
 .text.setvbuf  0x00002d8e       0x3e C:/nxp/MCUXpressoIDE_25.6.136/ide/plugins/com.nxp.mcuxpresso.tools.win32_25.6.0.202501151204/tools/bin/../lib/gcc/arm-none-eabi/14.2.1/../../../../arm-none-eabi/lib/thumb/v8-m.main+fp/hard\libcr_c.a(setvbuf.o)
                0x00002d8e                setvbuf
 .text.strlen   0x00002dcc       0x4e C:/nxp/MCUXpressoIDE_25.6.136/ide/plugins/com.nxp.mcuxpresso.tools.win32_25.6.0.202501151204/tools/bin/../lib/gcc/arm-none-eabi/14.2.1/../../../../arm-none-eabi/lib/thumb/v8-m.main+fp/hard\libcr_c.a(strlen.o)
                0x00002dcc                strlen
 .text._deferredlazyseek
                0x00002e1a       0x40 C:/nxp/MCUXpressoIDE_25.6.136/ide/plugins/com.nxp.mcuxpresso.tools.win32_25.6.0.202501151204/tools/bin/../lib/gcc/arm-none-eabi/14.2.1/../../../../arm-none-eabi/lib/thumb/v8-m.main+fp/hard\libcr_c.a(_deferredlazyseek.o)
                0x00002e1a                _deferredlazyseek
 .text._fdopen  0x00002e5a       0x68 C:/nxp/MCUXpressoIDE_25.6.136/ide/plugins/com.nxp.mcuxpresso.tools.win32_25.6.0.202501151204/tools/bin/../lib/gcc/arm-none-eabi/14.2.1/../../../../arm-none-eabi/lib/thumb/v8-m.main+fp/hard\libcr_c.a(_fdopen.o)
                0x00002e5a                _fdopen
 .text._fflush  0x00002ec2       0x52 C:/nxp/MCUXpressoIDE_25.6.136/ide/plugins/com.nxp.mcuxpresso.tools.win32_25.6.0.202501151204/tools/bin/../lib/gcc/arm-none-eabi/14.2.1/../../../../arm-none-eabi/lib/thumb/v8-m.main+fp/hard\libcr_c.a(_fflush.o)
                0x00002ec2                _fflush
 .text.fclose   0x00002f14       0x58 C:/nxp/MCUXpressoIDE_25.6.136/ide/plugins/com.nxp.mcuxpresso.tools.win32_25.6.0.202501151204/tools/bin/../lib/gcc/arm-none-eabi/14.2.1/../../../../arm-none-eabi/lib/thumb/v8-m.main+fp/hard\libcr_c.a(fclose.o)
                0x00002f14                fclose
 .text.remove   0x00002f6c       0x14 C:/nxp/MCUXpressoIDE_25.6.136/ide/plugins/com.nxp.mcuxpresso.tools.win32_25.6.0.202501151204/tools/bin/../lib/gcc/arm-none-eabi/14.2.1/../../../../arm-none-eabi/lib/thumb/v8-m.main+fp/hard\libcr_c.a(remove.o)
                0x00002f6c                remove
 .text._do_fflush
                0x00002f80       0x40 C:/nxp/MCUXpressoIDE_25.6.136/ide/plugins/com.nxp.mcuxpresso.tools.win32_25.6.0.202501151204/tools/bin/../lib/gcc/arm-none-eabi/14.2.1/../../../../arm-none-eabi/lib/thumb/v8-m.main+fp/hard\libcr_c.a(_do_fflush.o)
                0x00002f80                _do_fflush
 .text.__aeabi_division_uldivmod
                0x00002fc0      0x174 C:/nxp/MCUXpressoIDE_25.6.136/ide/plugins/com.nxp.mcuxpresso.tools.win32_25.6.0.202501151204/tools/bin/../lib/gcc/arm-none-eabi/14.2.1/thumb/v8-m.main+fp/hard\libcr_eabihelpers.a(division_64.o)
                0x00002fc0                __aeabi_uldivmod
                0x00002fc4                __bhs_ldivmod1
 .text.__aeabi_division_idiv0
                0x00003134        0x2 C:/nxp/MCUXpressoIDE_25.6.136/ide/plugins/com.nxp.mcuxpresso.tools.win32_25.6.0.202501151204/tools/bin/../lib/gcc/arm-none-eabi/14.2.1/thumb/v8-m.main+fp/hard\libcr_eabihelpers.a(division_idiv0.o)
                0x00003134                __aeabi_idiv0
 .text.__aeabi_f2ulz
                0x00003136       0x3e C:/nxp/MCUXpressoIDE_25.6.136/ide/plugins/com.nxp.mcuxpresso.tools.win32_25.6.0.202501151204/tools/bin/../lib/gcc/arm-none-eabi/14.2.1/thumb/v8-m.main+fp/hard\libcr_eabihelpers.a(float.o)
                0x00003136                __aeabi_f2ulz
 .text.__aeabi_memcpy
                0x00003174       0x34 C:/nxp/MCUXpressoIDE_25.6.136/ide/plugins/com.nxp.mcuxpresso.tools.win32_25.6.0.202501151204/tools/bin/../lib/gcc/arm-none-eabi/14.2.1/thumb/v8-m.main+fp/hard\libcr_eabihelpers.a(memcpy.o)
                0x00003174                __aeabi_memcpy
                0x0000317e                __aeabi_memcpy8
                0x0000317e                __aeabi_memcpy4
 .text.__aeabi_memset_lowlevel
                0x000031a8       0x32 C:/nxp/MCUXpressoIDE_25.6.136/ide/plugins/com.nxp.mcuxpresso.tools.win32_25.6.0.202501151204/tools/bin/../lib/gcc/arm-none-eabi/14.2.1/thumb/v8-m.main+fp/hard\libcr_eabihelpers.a(memcpy.o)
                0x000031a8                __aeabi_lowlevel_memset
 .text.__sys_close
                0x000031da        0x6 C:/nxp/MCUXpressoIDE_25.6.136/ide/plugins/com.nxp.mcuxpresso.tools.win32_25.6.0.202501151204/tools/bin/../lib/gcc/arm-none-eabi/14.2.1/../../../../arm-none-eabi/lib/thumb/v8-m.main+fp/hard\libcr_nohost_nf.a(__sys_close.o)
                0x000031da                __sys_close
 .text.__sys_flen
                0x000031e0        0x6 C:/nxp/MCUXpressoIDE_25.6.136/ide/plugins/com.nxp.mcuxpresso.tools.win32_25.6.0.202501151204/tools/bin/../lib/gcc/arm-none-eabi/14.2.1/../../../../arm-none-eabi/lib/thumb/v8-m.main+fp/hard\libcr_nohost_nf.a(__sys_flen.o)
                0x000031e0                __sys_flen
 .text.__sys_istty
                0x000031e6        0x6 C:/nxp/MCUXpressoIDE_25.6.136/ide/plugins/com.nxp.mcuxpresso.tools.win32_25.6.0.202501151204/tools/bin/../lib/gcc/arm-none-eabi/14.2.1/../../../../arm-none-eabi/lib/thumb/v8-m.main+fp/hard\libcr_nohost_nf.a(__sys_istty.o)
                0x000031e6                __sys_istty
 .text.__sys_remove
                0x000031ec        0x6 C:/nxp/MCUXpressoIDE_25.6.136/ide/plugins/com.nxp.mcuxpresso.tools.win32_25.6.0.202501151204/tools/bin/../lib/gcc/arm-none-eabi/14.2.1/../../../../arm-none-eabi/lib/thumb/v8-m.main+fp/hard\libcr_nohost_nf.a(__sys_remove.o)
                0x000031ec                __sys_remove
 .text.__sys_seek
                0x000031f2        0x6 C:/nxp/MCUXpressoIDE_25.6.136/ide/plugins/com.nxp.mcuxpresso.tools.win32_25.6.0.202501151204/tools/bin/../lib/gcc/arm-none-eabi/14.2.1/../../../../arm-none-eabi/lib/thumb/v8-m.main+fp/hard\libcr_nohost_nf.a(__sys_seek.o)
                0x000031f2                __sys_seek
 .text.__sys_tmpnam
                0x000031f8        0x6 C:/nxp/MCUXpressoIDE_25.6.136/ide/plugins/com.nxp.mcuxpresso.tools.win32_25.6.0.202501151204/tools/bin/../lib/gcc/arm-none-eabi/14.2.1/../../../../arm-none-eabi/lib/thumb/v8-m.main+fp/hard\libcr_nohost_nf.a(__sys_tmpnam.o)
                0x000031f8                __sys_tmpnam
 .text.__sys_write
                0x000031fe        0x4 C:/nxp/MCUXpressoIDE_25.6.136/ide/plugins/com.nxp.mcuxpresso.tools.win32_25.6.0.202501151204/tools/bin/../lib/gcc/arm-none-eabi/14.2.1/../../../../arm-none-eabi/lib/thumb/v8-m.main+fp/hard\libcr_nohost_nf.a(__sys_write.o)
                0x000031fe                __sys_write
 *(SORT_BY_ALIGNMENT(.rodata) SORT_BY_ALIGNMENT(.rodata.*) SORT_BY_ALIGNMENT(.constdata) SORT_BY_ALIGNMENT(.constdata.*))
 *fill*         0x00003202        0x2 ff
 .rodata.__assertion_failed.str1.4
                0x00003204      0x445 ./utilities/fsl_assert.o
                                 0x14 (size before relaxing)
 *fill*         0x00003649        0x3 ff
 .rodata.s_lpflexcommBase
                0x0000364c       0x28 ./drivers/fsl_lpflexcomm.o
 .rodata.s_lpflexcommClocks
                0x00003674       0x14 ./drivers/fsl_lpflexcomm.o
 .rodata.s_lpflexcommResets
                0x00003688       0x28 ./drivers/fsl_lpflexcomm.o
 .rodata.LP_FLEXCOMM_SetPeriph.str1.4
                0x000036b0       0x43 ./drivers/fsl_lpflexcomm.o
 .rodata.LP_FLEXCOMM_Init.str1.4
                0x000036b0       0x49 ./drivers/fsl_lpflexcomm.o
 .rodata.s_lpuartBases
                0x000036b0       0x28 ./drivers/fsl_lpuart.o
 .rodata.LPUART_GetInstance.str1.4
                0x000036d8       0x38 ./drivers/fsl_lpuart.o
 .rodata.LPUART_Init.str1.4
                0x000036d8      0x10a ./drivers/fsl_lpuart.o
 .rodata.LPUART_GetDefaultConfig.str1.4
                0x000036d8       0x22 ./drivers/fsl_lpuart.o
 .rodata.LPUART_WriteBlocking.str1.4
                0x000036d8       0x21 ./drivers/fsl_lpuart.o
 .rodata.RESET_ClearPeripheralReset.str1.4
                0x000036d8       0x1e ./drivers/fsl_reset.o
 .rodata.s_LpuartAdapterBase
                0x000036d8       0x28 ./component/uart/fsl_adapter_lpuart.o
 .rodata.HAL_UartInit.str1.4
                0x00003700      0x116 ./component/uart/fsl_adapter_lpuart.o
 .rodata.HAL_UartSendBlocking.str1.4
                0x00003700       0x7b ./component/uart/fsl_adapter_lpuart.o
 .rodata.PORT_SetPinConfig.str1.4
                0x00003700       0x61 ./board/pin_mux.o
 .rodata.__num_Ciob_streams
                0x00003700        0x4 C:/nxp/MCUXpressoIDE_25.6.136/ide/plugins/com.nxp.mcuxpresso.tools.win32_25.6.0.202501151204/tools/bin/../lib/gcc/arm-none-eabi/14.2.1/../../../../arm-none-eabi/lib/thumb/v8-m.main+fp/hard\libcr_nohost_nf.a(__ciob.o)
                0x00003700                __num_Ciob_streams
 .rodata._initio.str1.1
                0x00003704        0x4 C:/nxp/MCUXpressoIDE_25.6.136/ide/plugins/com.nxp.mcuxpresso.tools.win32_25.6.0.202501151204/tools/bin/../lib/gcc/arm-none-eabi/14.2.1/../../../../arm-none-eabi/lib/thumb/v8-m.main+fp/hard\libcr_c.a(initio.o)
                0x00003818                        . = ALIGN (0x4)

.glue_7         0x00003708        0x0
 .glue_7        0x00003708        0x0 linker stubs

.glue_7t        0x00003708        0x0
 .glue_7t       0x00003708        0x0 linker stubs

.vfp11_veneer   0x00003708        0x0
 .vfp11_veneer  0x00003708        0x0 linker stubs

.v4_bx          0x00003708        0x0
 .v4_bx         0x00003708        0x0 linker stubs

.iplt           0x00003708        0x0
 .iplt          0x00003708        0x0 ./utilities/str/fsl_str.o

.rel.dyn        0x00003708        0x0
 .rel.iplt      0x00003708        0x0 ./utilities/str/fsl_str.o

.ARM.extab
 *(SORT_BY_ALIGNMENT(.ARM.extab*) SORT_BY_ALIGNMENT(.gnu.linkonce.armextab.*))

.ARM.exidx      0x00003708        0x0
                0x00003708                        __exidx_start = .
 *(SORT_BY_ALIGNMENT(.ARM.exidx*) SORT_BY_ALIGNMENT(.gnu.linkonce.armexidx.*))
                0x00003708                        __exidx_end = .
                0x00003708                        _etext = .

.m_usb_data
 *(SORT_BY_ALIGNMENT(m_usb_global))

.data_RAM2      0x04000000        0x0 load address 0x00003708
 FILL mask 0xff
                [!provide]                        PROVIDE (__start_data_RAM2 = .)
                [!provide]                        PROVIDE (__start_data_SRAMX = .)
 *(SORT_BY_ALIGNMENT(.ramfunc.$RAM2))
 *(SORT_BY_ALIGNMENT(.ramfunc.$SRAMX))
 *(SORT_BY_ALIGNMENT(.data.$RAM2))
 *(SORT_BY_ALIGNMENT(.data.$SRAMX))
 *(SORT_BY_ALIGNMENT(.data.$RAM2.*))
 *(SORT_BY_ALIGNMENT(.data.$SRAMX.*))
                0x04000000                        . = ALIGN (0x4)
                [!provide]                        PROVIDE (__end_data_RAM2 = .)
                [!provide]                        PROVIDE (__end_data_SRAMX = .)

.data_RAM3      0x20060000        0x0 load address 0x00003708
 FILL mask 0xff
                [!provide]                        PROVIDE (__start_data_RAM3 = .)
                [!provide]                        PROVIDE (__start_data_SRAMH = .)
 *(SORT_BY_ALIGNMENT(.ramfunc.$RAM3))
 *(SORT_BY_ALIGNMENT(.ramfunc.$SRAMH))
 *(SORT_BY_ALIGNMENT(.data.$RAM3))
 *(SORT_BY_ALIGNMENT(.data.$SRAMH))
 *(SORT_BY_ALIGNMENT(.data.$RAM3.*))
 *(SORT_BY_ALIGNMENT(.data.$SRAMH.*))
                0x20060000                        . = ALIGN (0x4)
                [!provide]                        PROVIDE (__end_data_RAM3 = .)
                [!provide]                        PROVIDE (__end_data_SRAMH = .)

.data_RAM4      0x400ba000        0x0 load address 0x00003708
 FILL mask 0xff
                [!provide]                        PROVIDE (__start_data_RAM4 = .)
                [!provide]                        PROVIDE (__start_data_USB_RAM = .)
 *(SORT_BY_ALIGNMENT(.ramfunc.$RAM4))
 *(SORT_BY_ALIGNMENT(.ramfunc.$USB_RAM))
 *(SORT_BY_ALIGNMENT(.data.$RAM4))
 *(SORT_BY_ALIGNMENT(.data.$USB_RAM))
 *(SORT_BY_ALIGNMENT(.data.$RAM4.*))
 *(SORT_BY_ALIGNMENT(.data.$USB_RAM.*))
                0x400ba000                        . = ALIGN (0x4)
                [!provide]                        PROVIDE (__end_data_RAM4 = .)
                [!provide]                        PROVIDE (__end_data_USB_RAM = .)

.uninit_RESERVED
                0x20000000        0x0
                0x20000000                        _start_uninit_RESERVED = .
 *(SORT_BY_ALIGNMENT(.bss.$RESERVED*))
                0x20000000                        . = ALIGN (0x4)
                0x20000000                        _end_uninit_RESERVED = .

.data           0x20000000        0xc load address 0x00003708
 FILL mask 0xff
                0x20000000                        _data = .
                [!provide]                        PROVIDE (__start_data_RAM = .)
                [!provide]                        PROVIDE (__start_data_SRAM = .)
 *(SORT_BY_ALIGNMENT(vtable))
 *(SORT_BY_ALIGNMENT(.ramfunc*))
 *(SORT_BY_ALIGNMENT(CodeQuickAccess))
 *(SORT_BY_ALIGNMENT(DataQuickAccess))
 *(SORT_BY_ALIGNMENT(RamFunction))
 *(SORT_BY_ALIGNMENT(.data*))
 .data.s_Ext_Clk_Freq
                0x20000000        0x4 ./drivers/fsl_clock.o
 .data.s_Xtal32_Freq
                0x20000004        0x4 ./drivers/fsl_clock.o
 .data.SystemCoreClock
                0x20000008        0x4 ./device/system_MCXN947_cm33_core0.o
                0x20000008                SystemCoreClock
                0x2000000c                        . = ALIGN (0x4)
                0x2000000c                        _edata = .
                [!provide]                        PROVIDE (__end_data_RAM = .)
                [!provide]                        PROVIDE (__end_data_SRAM = .)

.igot.plt       0x2000000c        0x0 load address 0x00003714
 .igot.plt      0x2000000c        0x0 ./utilities/str/fsl_str.o

.bss_RAM2       0x04000000        0x0
                [!provide]                        PROVIDE (__start_bss_RAM2 = .)
                [!provide]                        PROVIDE (__start_bss_SRAMX = .)
 *(SORT_BY_ALIGNMENT(.bss.$RAM2))
 *(SORT_BY_ALIGNMENT(.bss.$SRAMX))
 *(SORT_BY_ALIGNMENT(.bss.$RAM2.*))
 *(SORT_BY_ALIGNMENT(.bss.$SRAMX.*))
                0x04000000                        . = ALIGN ((. != 0x0)?0x4:0x1)
                [!provide]                        PROVIDE (__end_bss_RAM2 = .)
                [!provide]                        PROVIDE (__end_bss_SRAMX = .)

.bss_RAM3       0x20060000        0x0
                [!provide]                        PROVIDE (__start_bss_RAM3 = .)
                [!provide]                        PROVIDE (__start_bss_SRAMH = .)
 *(SORT_BY_ALIGNMENT(.bss.$RAM3))
 *(SORT_BY_ALIGNMENT(.bss.$SRAMH))
 *(SORT_BY_ALIGNMENT(.bss.$RAM3.*))
 *(SORT_BY_ALIGNMENT(.bss.$SRAMH.*))
                0x20060000                        . = ALIGN ((. != 0x0)?0x4:0x1)
                [!provide]                        PROVIDE (__end_bss_RAM3 = .)
                [!provide]                        PROVIDE (__end_bss_SRAMH = .)

.bss_RAM4       0x400ba000        0x0
                [!provide]                        PROVIDE (__start_bss_RAM4 = .)
                [!provide]                        PROVIDE (__start_bss_USB_RAM = .)
 *(SORT_BY_ALIGNMENT(.bss.$RAM4))
 *(SORT_BY_ALIGNMENT(.bss.$USB_RAM))
 *(SORT_BY_ALIGNMENT(.bss.$RAM4.*))
 *(SORT_BY_ALIGNMENT(.bss.$USB_RAM.*))
                0x400ba000                        . = ALIGN ((. != 0x0)?0x4:0x1)
                [!provide]                        PROVIDE (__end_bss_RAM4 = .)
                [!provide]                        PROVIDE (__end_bss_USB_RAM = .)

.bss            0x2000000c      0x220
                0x2000000c                        _bss = .
                [!provide]                        PROVIDE (__start_bss_RAM = .)
                [!provide]                        PROVIDE (__start_bss_SRAM = .)
 *(SORT_BY_ALIGNMENT(.bss*))
 .bss.s_debugConsoleState
                0x2000000c       0x20 ./utilities/debug_console/fsl_debug_console.o
 .bss.g_serialHandle
                0x2000002c        0x4 ./utilities/debug_console/fsl_debug_console.o
                0x2000002c                g_serialHandle
 .bss.s_lpflexcommIrqHandler
                0x20000030       0xa0 ./drivers/fsl_lpflexcomm.o
 .bss.s_lpflexcommHandle
                0x200000d0       0xa0 ./drivers/fsl_lpflexcomm.o
 .bss.errno     0x20000170        0x4 C:/nxp/MCUXpressoIDE_25.6.136/ide/plugins/com.nxp.mcuxpresso.tools.win32_25.6.0.202501151204/tools/bin/../lib/gcc/arm-none-eabi/14.2.1/../../../../arm-none-eabi/lib/thumb/v8-m.main+fp/hard\libcr_c.a(errno.o)
                0x20000170                errno
 .bss.__Ciob    0x20000174       0xb4 C:/nxp/MCUXpressoIDE_25.6.136/ide/plugins/com.nxp.mcuxpresso.tools.win32_25.6.0.202501151204/tools/bin/../lib/gcc/arm-none-eabi/14.2.1/../../../../arm-none-eabi/lib/thumb/v8-m.main+fp/hard\libcr_nohost_nf.a(__ciob.o)
                0x20000174                __Ciob
 .bss.s_debugConsoleReadWaitSemaphore
                0x20000228        0x1 ./utilities/debug_console/fsl_debug_console.o
 *(SORT_BY_ALIGNMENT(COMMON))
                0x2000022c                        . = ALIGN (0x4)
 *fill*         0x20000229        0x3 
                0x2000022c                        _ebss = .
                [!provide]                        PROVIDE (__end_bss_RAM = .)
                [!provide]                        PROVIDE (__end_bss_SRAM = .)
                [!provide]                        PROVIDE (end = .)

.noinit_RAM2    0x04000000        0x0
                [!provide]                        PROVIDE (__start_noinit_RAM2 = .)
                [!provide]                        PROVIDE (__start_noinit_SRAMX = .)
 *(SORT_BY_ALIGNMENT(.noinit.$RAM2))
 *(SORT_BY_ALIGNMENT(.noinit.$SRAMX))
 *(SORT_BY_ALIGNMENT(.noinit.$RAM2.*))
 *(SORT_BY_ALIGNMENT(.noinit.$SRAMX.*))
                0x04000000                        . = ALIGN (0x4)
                [!provide]                        PROVIDE (__end_noinit_RAM2 = .)
                [!provide]                        PROVIDE (__end_noinit_SRAMX = .)

.noinit_RAM3    0x20060000        0x0
                [!provide]                        PROVIDE (__start_noinit_RAM3 = .)
                [!provide]                        PROVIDE (__start_noinit_SRAMH = .)
 *(SORT_BY_ALIGNMENT(.noinit.$RAM3))
 *(SORT_BY_ALIGNMENT(.noinit.$SRAMH))
 *(SORT_BY_ALIGNMENT(.noinit.$RAM3.*))
 *(SORT_BY_ALIGNMENT(.noinit.$SRAMH.*))
                0x20060000                        . = ALIGN (0x4)
                [!provide]                        PROVIDE (__end_noinit_RAM3 = .)
                [!provide]                        PROVIDE (__end_noinit_SRAMH = .)

.noinit_RAM4    0x400ba000        0x0
                [!provide]                        PROVIDE (__start_noinit_RAM4 = .)
                [!provide]                        PROVIDE (__start_noinit_USB_RAM = .)
 *(SORT_BY_ALIGNMENT(.noinit.$RAM4))
 *(SORT_BY_ALIGNMENT(.noinit.$USB_RAM))
 *(SORT_BY_ALIGNMENT(.noinit.$RAM4.*))
 *(SORT_BY_ALIGNMENT(.noinit.$USB_RAM.*))
                0x400ba000                        . = ALIGN (0x4)
                [!provide]                        PROVIDE (__end_noinit_RAM4 = .)
                [!provide]                        PROVIDE (__end_noinit_USB_RAM = .)

.noinit         0x2000022c        0x0
                0x2000022c                        _noinit = .
                [!provide]                        PROVIDE (__start_noinit_RAM = .)
                [!provide]                        PROVIDE (__start_noinit_SRAM = .)
 *(SORT_BY_ALIGNMENT(.noinit*))
                0x2000022c                        . = ALIGN (0x4)
                0x2000022c                        _end_noinit = .
                [!provide]                        PROVIDE (__end_noinit_RAM = .)
                [!provide]                        PROVIDE (__end_noinit_SRAM = .)
                0x00001000                        _HeapSize = 0x1000

.heap           0x2000022c     0x1000
                0x2000022c                        _pvHeapStart = .
                0x2000122c                        . = (. + _HeapSize)
 *fill*         0x2000022c     0x1000 
                0x2000122c                        . = ALIGN (0x4)
                0x2000122c                        _pvHeapLimit = .
                0x00001000                        _StackSize = 0x1000

.heap2stackfill
                0x2000122c     0x1000
                0x2000222c                        . = (. + _StackSize)
 *fill*         0x2000122c     0x1000 

.stack          0x2005f000        0x0
                0x2005f000                        _vStackBase = .
                0x2005f000                        . = ALIGN (0x4)
                0x20060000                        _vStackTop = (. + _StackSize)
                0x00000000                        _image_start = LOADADDR (.text)
                0x00003714                        _image_end = (LOADADDR (.data) + SIZEOF (.data))
                0x00003714                        _image_size = (_image_end - _image_start)
OUTPUT(Free_RTOS.axf elf32-littlearm)
LOAD linker stubs

.debug_info     0x00000000    0x1b09a
 .debug_info    0x00000000      0xd5d ./utilities/str/fsl_str.o
 .debug_info    0x00000d5d      0xe57 ./utilities/debug_console/fsl_debug_console.o
 .debug_info    0x00001bb4      0x1c9 ./utilities/fsl_assert.o
 .debug_info    0x00001d7d     0x14b6 ./startup/startup_mcxn947_cm33_core0.o
 .debug_info    0x00003233       0xc6 ./source/Free_RTOS.o
 .debug_info    0x000032f9       0x3c ./source/semihost_hardfault.o
 .debug_info    0x00003335     0x5211 ./drivers/fsl_clock.o
 .debug_info    0x00008546     0x238b ./drivers/fsl_lpflexcomm.o
 .debug_info    0x0000a8d1     0x241e ./drivers/fsl_lpuart.o
 .debug_info    0x0000ccef     0x12e6 ./drivers/fsl_reset.o
 .debug_info    0x0000dfd5     0x1970 ./device/system_MCXN947_cm33_core0.o
 .debug_info    0x0000f945      0xe77 ./component/uart/fsl_adapter_lpuart.o
 .debug_info    0x000107bc      0xdcb ./component/serial_manager/fsl_component_serial_manager.o
 .debug_info    0x00011587      0x551 ./component/serial_manager/fsl_component_serial_port_uart.o
 .debug_info    0x00011ad8     0x12e8 ./board/board.o
 .debug_info    0x00012dc0     0x2271 ./board/clock_config.o
 .debug_info    0x00015031       0x3c ./board/peripherals.o
 .debug_info    0x0001506d     0x1a52 ./board/pin_mux.o
 .debug_info    0x00016abf       0x85 C:/nxp/MCUXpressoIDE_25.6.136/ide/plugins/com.nxp.mcuxpresso.tools.win32_25.6.0.202501151204/tools/bin/../lib/gcc/arm-none-eabi/14.2.1/../../../../arm-none-eabi/lib/thumb/v8-m.main+fp/hard\libcr_nohost_nf.a(_cr__main.o)
 .debug_info    0x00016b44      0x12b C:/nxp/MCUXpressoIDE_25.6.136/ide/plugins/com.nxp.mcuxpresso.tools.win32_25.6.0.202501151204/tools/bin/../lib/gcc/arm-none-eabi/14.2.1/../../../../arm-none-eabi/lib/thumb/v8-m.main+fp/hard\libcr_c.a(memcpy.o)
 .debug_info    0x00016c6f       0xfc C:/nxp/MCUXpressoIDE_25.6.136/ide/plugins/com.nxp.mcuxpresso.tools.win32_25.6.0.202501151204/tools/bin/../lib/gcc/arm-none-eabi/14.2.1/../../../../arm-none-eabi/lib/thumb/v8-m.main+fp/hard\libcr_c.a(memset.o)
 .debug_info    0x00016d6b      0x520 C:/nxp/MCUXpressoIDE_25.6.136/ide/plugins/com.nxp.mcuxpresso.tools.win32_25.6.0.202501151204/tools/bin/../lib/gcc/arm-none-eabi/14.2.1/../../../../arm-none-eabi/lib/thumb/v8-m.main+fp/hard\libcr_c.a(alloc.o)
 .debug_info    0x0001728b       0x44 C:/nxp/MCUXpressoIDE_25.6.136/ide/plugins/com.nxp.mcuxpresso.tools.win32_25.6.0.202501151204/tools/bin/../lib/gcc/arm-none-eabi/14.2.1/../../../../arm-none-eabi/lib/thumb/v8-m.main+fp/hard\libcr_c.a(errno.o)
 .debug_info    0x000172cf      0x339 C:/nxp/MCUXpressoIDE_25.6.136/ide/plugins/com.nxp.mcuxpresso.tools.win32_25.6.0.202501151204/tools/bin/../lib/gcc/arm-none-eabi/14.2.1/../../../../arm-none-eabi/lib/thumb/v8-m.main+fp/hard\libcr_c.a(initio.o)
 .debug_info    0x00017608      0x1fd C:/nxp/MCUXpressoIDE_25.6.136/ide/plugins/com.nxp.mcuxpresso.tools.win32_25.6.0.202501151204/tools/bin/../lib/gcc/arm-none-eabi/14.2.1/../../../../arm-none-eabi/lib/thumb/v8-m.main+fp/hard\libcr_c.a(setvbuf.o)
 .debug_info    0x00017805       0xe1 C:/nxp/MCUXpressoIDE_25.6.136/ide/plugins/com.nxp.mcuxpresso.tools.win32_25.6.0.202501151204/tools/bin/../lib/gcc/arm-none-eabi/14.2.1/../../../../arm-none-eabi/lib/thumb/v8-m.main+fp/hard\libcr_c.a(strlen.o)
 .debug_info    0x000178e6      0x396 C:/nxp/MCUXpressoIDE_25.6.136/ide/plugins/com.nxp.mcuxpresso.tools.win32_25.6.0.202501151204/tools/bin/../lib/gcc/arm-none-eabi/14.2.1/../../../../arm-none-eabi/lib/thumb/v8-m.main+fp/hard\libcr_c.a(_deferredlazyseek.o)
 .debug_info    0x00017c7c      0x24b C:/nxp/MCUXpressoIDE_25.6.136/ide/plugins/com.nxp.mcuxpresso.tools.win32_25.6.0.202501151204/tools/bin/../lib/gcc/arm-none-eabi/14.2.1/../../../../arm-none-eabi/lib/thumb/v8-m.main+fp/hard\libcr_c.a(_fdopen.o)
 .debug_info    0x00017ec7      0x1e3 C:/nxp/MCUXpressoIDE_25.6.136/ide/plugins/com.nxp.mcuxpresso.tools.win32_25.6.0.202501151204/tools/bin/../lib/gcc/arm-none-eabi/14.2.1/../../../../arm-none-eabi/lib/thumb/v8-m.main+fp/hard\libcr_c.a(_fflush.o)
 .debug_info    0x000180aa      0x289 C:/nxp/MCUXpressoIDE_25.6.136/ide/plugins/com.nxp.mcuxpresso.tools.win32_25.6.0.202501151204/tools/bin/../lib/gcc/arm-none-eabi/14.2.1/../../../../arm-none-eabi/lib/thumb/v8-m.main+fp/hard\libcr_c.a(_writebuf.o)
 .debug_info    0x00018333      0x31e C:/nxp/MCUXpressoIDE_25.6.136/ide/plugins/com.nxp.mcuxpresso.tools.win32_25.6.0.202501151204/tools/bin/../lib/gcc/arm-none-eabi/14.2.1/../../../../arm-none-eabi/lib/thumb/v8-m.main+fp/hard\libcr_c.a(fclose.o)
 .debug_info    0x00018651      0x209 C:/nxp/MCUXpressoIDE_25.6.136/ide/plugins/com.nxp.mcuxpresso.tools.win32_25.6.0.202501151204/tools/bin/../lib/gcc/arm-none-eabi/14.2.1/../../../../arm-none-eabi/lib/thumb/v8-m.main+fp/hard\libcr_c.a(fflush.o)
 .debug_info    0x0001885a      0x276 C:/nxp/MCUXpressoIDE_25.6.136/ide/plugins/com.nxp.mcuxpresso.tools.win32_25.6.0.202501151204/tools/bin/../lib/gcc/arm-none-eabi/14.2.1/../../../../arm-none-eabi/lib/thumb/v8-m.main+fp/hard\libcr_c.a(fseek.o)
 .debug_info    0x00018ad0      0x197 C:/nxp/MCUXpressoIDE_25.6.136/ide/plugins/com.nxp.mcuxpresso.tools.win32_25.6.0.202501151204/tools/bin/../lib/gcc/arm-none-eabi/14.2.1/../../../../arm-none-eabi/lib/thumb/v8-m.main+fp/hard\libcr_c.a(ftell.o)
 .debug_info    0x00018c67      0x1d7 C:/nxp/MCUXpressoIDE_25.6.136/ide/plugins/com.nxp.mcuxpresso.tools.win32_25.6.0.202501151204/tools/bin/../lib/gcc/arm-none-eabi/14.2.1/../../../../arm-none-eabi/lib/thumb/v8-m.main+fp/hard\libcr_c.a(remove.o)
 .debug_info    0x00018e3e      0x23a C:/nxp/MCUXpressoIDE_25.6.136/ide/plugins/com.nxp.mcuxpresso.tools.win32_25.6.0.202501151204/tools/bin/../lib/gcc/arm-none-eabi/14.2.1/../../../../arm-none-eabi/lib/thumb/v8-m.main+fp/hard\libcr_c.a(_do_fflush.o)
 .debug_info    0x00019078     0x1b31 C:/nxp/MCUXpressoIDE_25.6.136/ide/plugins/com.nxp.mcuxpresso.tools.win32_25.6.0.202501151204/tools/bin/../lib/gcc/arm-none-eabi/14.2.1/thumb/v8-m.main+fp/hard\libcr_eabihelpers.a(float.o)
 .debug_info    0x0001aba9      0x18b C:/nxp/MCUXpressoIDE_25.6.136/ide/plugins/com.nxp.mcuxpresso.tools.win32_25.6.0.202501151204/tools/bin/../lib/gcc/arm-none-eabi/14.2.1/../../../../arm-none-eabi/lib/thumb/v8-m.main+fp/hard\libcr_nohost_nf.a(__ciob.o)
 .debug_info    0x0001ad34       0x6a C:/nxp/MCUXpressoIDE_25.6.136/ide/plugins/com.nxp.mcuxpresso.tools.win32_25.6.0.202501151204/tools/bin/../lib/gcc/arm-none-eabi/14.2.1/../../../../arm-none-eabi/lib/thumb/v8-m.main+fp/hard\libcr_nohost_nf.a(__sys_close.o)
 .debug_info    0x0001ad9e       0x6a C:/nxp/MCUXpressoIDE_25.6.136/ide/plugins/com.nxp.mcuxpresso.tools.win32_25.6.0.202501151204/tools/bin/../lib/gcc/arm-none-eabi/14.2.1/../../../../arm-none-eabi/lib/thumb/v8-m.main+fp/hard\libcr_nohost_nf.a(__sys_flen.o)
 .debug_info    0x0001ae08       0x6a C:/nxp/MCUXpressoIDE_25.6.136/ide/plugins/com.nxp.mcuxpresso.tools.win32_25.6.0.202501151204/tools/bin/../lib/gcc/arm-none-eabi/14.2.1/../../../../arm-none-eabi/lib/thumb/v8-m.main+fp/hard\libcr_nohost_nf.a(__sys_istty.o)
 .debug_info    0x0001ae72       0x8a C:/nxp/MCUXpressoIDE_25.6.136/ide/plugins/com.nxp.mcuxpresso.tools.win32_25.6.0.202501151204/tools/bin/../lib/gcc/arm-none-eabi/14.2.1/../../../../arm-none-eabi/lib/thumb/v8-m.main+fp/hard\libcr_nohost_nf.a(__sys_remove.o)
 .debug_info    0x0001aefc       0x78 C:/nxp/MCUXpressoIDE_25.6.136/ide/plugins/com.nxp.mcuxpresso.tools.win32_25.6.0.202501151204/tools/bin/../lib/gcc/arm-none-eabi/14.2.1/../../../../arm-none-eabi/lib/thumb/v8-m.main+fp/hard\libcr_nohost_nf.a(__sys_seek.o)
 .debug_info    0x0001af74       0x93 C:/nxp/MCUXpressoIDE_25.6.136/ide/plugins/com.nxp.mcuxpresso.tools.win32_25.6.0.202501151204/tools/bin/../lib/gcc/arm-none-eabi/14.2.1/../../../../arm-none-eabi/lib/thumb/v8-m.main+fp/hard\libcr_nohost_nf.a(__sys_tmpnam.o)
 .debug_info    0x0001b007       0x93 C:/nxp/MCUXpressoIDE_25.6.136/ide/plugins/com.nxp.mcuxpresso.tools.win32_25.6.0.202501151204/tools/bin/../lib/gcc/arm-none-eabi/14.2.1/../../../../arm-none-eabi/lib/thumb/v8-m.main+fp/hard\libcr_nohost_nf.a(__sys_write.o)

.debug_abbrev   0x00000000     0x3d85
 .debug_abbrev  0x00000000      0x270 ./utilities/str/fsl_str.o
 .debug_abbrev  0x00000270      0x270 ./utilities/debug_console/fsl_debug_console.o
 .debug_abbrev  0x000004e0      0x114 ./utilities/fsl_assert.o
 .debug_abbrev  0x000005f4      0x147 ./startup/startup_mcxn947_cm33_core0.o
 .debug_abbrev  0x0000073b       0x76 ./source/Free_RTOS.o
 .debug_abbrev  0x000007b1       0x31 ./source/semihost_hardfault.o
 .debug_abbrev  0x000007e2      0x36b ./drivers/fsl_clock.o
 .debug_abbrev  0x00000b4d      0x363 ./drivers/fsl_lpflexcomm.o
 .debug_abbrev  0x00000eb0      0x468 ./drivers/fsl_lpuart.o
 .debug_abbrev  0x00001318      0x18e ./drivers/fsl_reset.o
 .debug_abbrev  0x000014a6      0x1e1 ./device/system_MCXN947_cm33_core0.o
 .debug_abbrev  0x00001687      0x238 ./component/uart/fsl_adapter_lpuart.o
 .debug_abbrev  0x000018bf      0x2be ./component/serial_manager/fsl_component_serial_manager.o
 .debug_abbrev  0x00001b7d      0x18c ./component/serial_manager/fsl_component_serial_port_uart.o
 .debug_abbrev  0x00001d09      0x1e6 ./board/board.o
 .debug_abbrev  0x00001eef      0x21d ./board/clock_config.o
 .debug_abbrev  0x0000210c       0x31 ./board/peripherals.o
 .debug_abbrev  0x0000213d      0x273 ./board/pin_mux.o
 .debug_abbrev  0x000023b0       0x70 C:/nxp/MCUXpressoIDE_25.6.136/ide/plugins/com.nxp.mcuxpresso.tools.win32_25.6.0.202501151204/tools/bin/../lib/gcc/arm-none-eabi/14.2.1/../../../../arm-none-eabi/lib/thumb/v8-m.main+fp/hard\libcr_nohost_nf.a(_cr__main.o)
 .debug_abbrev  0x00002420       0xb6 C:/nxp/MCUXpressoIDE_25.6.136/ide/plugins/com.nxp.mcuxpresso.tools.win32_25.6.0.202501151204/tools/bin/../lib/gcc/arm-none-eabi/14.2.1/../../../../arm-none-eabi/lib/thumb/v8-m.main+fp/hard\libcr_c.a(memcpy.o)
 .debug_abbrev  0x000024d6       0xa8 C:/nxp/MCUXpressoIDE_25.6.136/ide/plugins/com.nxp.mcuxpresso.tools.win32_25.6.0.202501151204/tools/bin/../lib/gcc/arm-none-eabi/14.2.1/../../../../arm-none-eabi/lib/thumb/v8-m.main+fp/hard\libcr_c.a(memset.o)
 .debug_abbrev  0x0000257e      0x284 C:/nxp/MCUXpressoIDE_25.6.136/ide/plugins/com.nxp.mcuxpresso.tools.win32_25.6.0.202501151204/tools/bin/../lib/gcc/arm-none-eabi/14.2.1/../../../../arm-none-eabi/lib/thumb/v8-m.main+fp/hard\libcr_c.a(alloc.o)
 .debug_abbrev  0x00002802       0x44 C:/nxp/MCUXpressoIDE_25.6.136/ide/plugins/com.nxp.mcuxpresso.tools.win32_25.6.0.202501151204/tools/bin/../lib/gcc/arm-none-eabi/14.2.1/../../../../arm-none-eabi/lib/thumb/v8-m.main+fp/hard\libcr_c.a(errno.o)
 .debug_abbrev  0x00002846      0x169 C:/nxp/MCUXpressoIDE_25.6.136/ide/plugins/com.nxp.mcuxpresso.tools.win32_25.6.0.202501151204/tools/bin/../lib/gcc/arm-none-eabi/14.2.1/../../../../arm-none-eabi/lib/thumb/v8-m.main+fp/hard\libcr_c.a(initio.o)
 .debug_abbrev  0x000029af       0xe1 C:/nxp/MCUXpressoIDE_25.6.136/ide/plugins/com.nxp.mcuxpresso.tools.win32_25.6.0.202501151204/tools/bin/../lib/gcc/arm-none-eabi/14.2.1/../../../../arm-none-eabi/lib/thumb/v8-m.main+fp/hard\libcr_c.a(setvbuf.o)
 .debug_abbrev  0x00002a90       0xa7 C:/nxp/MCUXpressoIDE_25.6.136/ide/plugins/com.nxp.mcuxpresso.tools.win32_25.6.0.202501151204/tools/bin/../lib/gcc/arm-none-eabi/14.2.1/../../../../arm-none-eabi/lib/thumb/v8-m.main+fp/hard\libcr_c.a(strlen.o)
 .debug_abbrev  0x00002b37      0x18e C:/nxp/MCUXpressoIDE_25.6.136/ide/plugins/com.nxp.mcuxpresso.tools.win32_25.6.0.202501151204/tools/bin/../lib/gcc/arm-none-eabi/14.2.1/../../../../arm-none-eabi/lib/thumb/v8-m.main+fp/hard\libcr_c.a(_deferredlazyseek.o)
 .debug_abbrev  0x00002cc5      0x119 C:/nxp/MCUXpressoIDE_25.6.136/ide/plugins/com.nxp.mcuxpresso.tools.win32_25.6.0.202501151204/tools/bin/../lib/gcc/arm-none-eabi/14.2.1/../../../../arm-none-eabi/lib/thumb/v8-m.main+fp/hard\libcr_c.a(_fdopen.o)
 .debug_abbrev  0x00002dde       0xf1 C:/nxp/MCUXpressoIDE_25.6.136/ide/plugins/com.nxp.mcuxpresso.tools.win32_25.6.0.202501151204/tools/bin/../lib/gcc/arm-none-eabi/14.2.1/../../../../arm-none-eabi/lib/thumb/v8-m.main+fp/hard\libcr_c.a(_fflush.o)
 .debug_abbrev  0x00002ecf      0x126 C:/nxp/MCUXpressoIDE_25.6.136/ide/plugins/com.nxp.mcuxpresso.tools.win32_25.6.0.202501151204/tools/bin/../lib/gcc/arm-none-eabi/14.2.1/../../../../arm-none-eabi/lib/thumb/v8-m.main+fp/hard\libcr_c.a(_writebuf.o)
 .debug_abbrev  0x00002ff5      0x158 C:/nxp/MCUXpressoIDE_25.6.136/ide/plugins/com.nxp.mcuxpresso.tools.win32_25.6.0.202501151204/tools/bin/../lib/gcc/arm-none-eabi/14.2.1/../../../../arm-none-eabi/lib/thumb/v8-m.main+fp/hard\libcr_c.a(fclose.o)
 .debug_abbrev  0x0000314d      0x125 C:/nxp/MCUXpressoIDE_25.6.136/ide/plugins/com.nxp.mcuxpresso.tools.win32_25.6.0.202501151204/tools/bin/../lib/gcc/arm-none-eabi/14.2.1/../../../../arm-none-eabi/lib/thumb/v8-m.main+fp/hard\libcr_c.a(fflush.o)
 .debug_abbrev  0x00003272      0x11b C:/nxp/MCUXpressoIDE_25.6.136/ide/plugins/com.nxp.mcuxpresso.tools.win32_25.6.0.202501151204/tools/bin/../lib/gcc/arm-none-eabi/14.2.1/../../../../arm-none-eabi/lib/thumb/v8-m.main+fp/hard\libcr_c.a(fseek.o)
 .debug_abbrev  0x0000338d       0xc2 C:/nxp/MCUXpressoIDE_25.6.136/ide/plugins/com.nxp.mcuxpresso.tools.win32_25.6.0.202501151204/tools/bin/../lib/gcc/arm-none-eabi/14.2.1/../../../../arm-none-eabi/lib/thumb/v8-m.main+fp/hard\libcr_c.a(ftell.o)
 .debug_abbrev  0x0000344f       0xfb C:/nxp/MCUXpressoIDE_25.6.136/ide/plugins/com.nxp.mcuxpresso.tools.win32_25.6.0.202501151204/tools/bin/../lib/gcc/arm-none-eabi/14.2.1/../../../../arm-none-eabi/lib/thumb/v8-m.main+fp/hard\libcr_c.a(remove.o)
 .debug_abbrev  0x0000354a      0x12c C:/nxp/MCUXpressoIDE_25.6.136/ide/plugins/com.nxp.mcuxpresso.tools.win32_25.6.0.202501151204/tools/bin/../lib/gcc/arm-none-eabi/14.2.1/../../../../arm-none-eabi/lib/thumb/v8-m.main+fp/hard\libcr_c.a(_do_fflush.o)
 .debug_abbrev  0x00003676      0x370 C:/nxp/MCUXpressoIDE_25.6.136/ide/plugins/com.nxp.mcuxpresso.tools.win32_25.6.0.202501151204/tools/bin/../lib/gcc/arm-none-eabi/14.2.1/thumb/v8-m.main+fp/hard\libcr_eabihelpers.a(float.o)
 .debug_abbrev  0x000039e6       0xb5 C:/nxp/MCUXpressoIDE_25.6.136/ide/plugins/com.nxp.mcuxpresso.tools.win32_25.6.0.202501151204/tools/bin/../lib/gcc/arm-none-eabi/14.2.1/../../../../arm-none-eabi/lib/thumb/v8-m.main+fp/hard\libcr_nohost_nf.a(__ciob.o)
 .debug_abbrev  0x00003a9b       0x5c C:/nxp/MCUXpressoIDE_25.6.136/ide/plugins/com.nxp.mcuxpresso.tools.win32_25.6.0.202501151204/tools/bin/../lib/gcc/arm-none-eabi/14.2.1/../../../../arm-none-eabi/lib/thumb/v8-m.main+fp/hard\libcr_nohost_nf.a(__sys_close.o)
 .debug_abbrev  0x00003af7       0x5c C:/nxp/MCUXpressoIDE_25.6.136/ide/plugins/com.nxp.mcuxpresso.tools.win32_25.6.0.202501151204/tools/bin/../lib/gcc/arm-none-eabi/14.2.1/../../../../arm-none-eabi/lib/thumb/v8-m.main+fp/hard\libcr_nohost_nf.a(__sys_flen.o)
 .debug_abbrev  0x00003b53       0x5c C:/nxp/MCUXpressoIDE_25.6.136/ide/plugins/com.nxp.mcuxpresso.tools.win32_25.6.0.202501151204/tools/bin/../lib/gcc/arm-none-eabi/14.2.1/../../../../arm-none-eabi/lib/thumb/v8-m.main+fp/hard\libcr_nohost_nf.a(__sys_istty.o)
 .debug_abbrev  0x00003baf       0x7d C:/nxp/MCUXpressoIDE_25.6.136/ide/plugins/com.nxp.mcuxpresso.tools.win32_25.6.0.202501151204/tools/bin/../lib/gcc/arm-none-eabi/14.2.1/../../../../arm-none-eabi/lib/thumb/v8-m.main+fp/hard\libcr_nohost_nf.a(__sys_remove.o)