Archive member included to satisfy reference by file (symbol)

C:/nxp/MCUXpressoIDE_24.12.148/ide/plugins/com.nxp.mcuxpresso.tools.win32_24.12.0.202407110909/tools/bin/../lib/gcc/arm-none-eabi/13.2.1/../../../../arm-none-eabi/lib/thumb/v8-m.main+fp/hard\libcr_nohost_nf.a(_cr__main.o)
                              ./startup/startup_mcxn947_cm33_core0.o (__main)
C:/nxp/MCUXpressoIDE_24.12.148/ide/plugins/com.nxp.mcuxpresso.tools.win32_24.12.0.202407110909/tools/bin/../lib/gcc/arm-none-eabi/13.2.1/../../../../arm-none-eabi/lib/thumb/v8-m.main+fp/hard\libcr_c.a(memcpy.o)
                              ./utilities/str/fsl_str.o (memcpy)
C:/nxp/MCUXpressoIDE_24.12.148/ide/plugins/com.nxp.mcuxpresso.tools.win32_24.12.0.202407110909/tools/bin/../lib/gcc/arm-none-eabi/13.2.1/../../../../arm-none-eabi/lib/thumb/v8-m.main+fp/hard\libcr_c.a(memset.o)
                              ./utilities/debug_console/fsl_debug_console.o (memset)
C:/nxp/MCUXpressoIDE_24.12.148/ide/plugins/com.nxp.mcuxpresso.tools.win32_24.12.0.202407110909/tools/bin/../lib/gcc/arm-none-eabi/13.2.1/../../../../arm-none-eabi/lib/thumb/v8-m.main+fp/hard\libcr_c.a(alloc.o)
                              ./drivers/fsl_common.o (malloc)
C:/nxp/MCUXpressoIDE_24.12.148/ide/plugins/com.nxp.mcuxpresso.tools.win32_24.12.0.202407110909/tools/bin/../lib/gcc/arm-none-eabi/13.2.1/../../../../arm-none-eabi/lib/thumb/v8-m.main+fp/hard\libcr_c.a(errno.o)
                              ./utilities/str/fsl_str.o (errno)
C:/nxp/MCUXpressoIDE_24.12.148/ide/plugins/com.nxp.mcuxpresso.tools.win32_24.12.0.202407110909/tools/bin/../lib/gcc/arm-none-eabi/13.2.1/../../../../arm-none-eabi/lib/thumb/v8-m.main+fp/hard\libcr_c.a(initio.o)
                              C:/nxp/MCUXpressoIDE_24.12.148/ide/plugins/com.nxp.mcuxpresso.tools.win32_24.12.0.202407110909/tools/bin/../lib/gcc/arm-none-eabi/13.2.1/../../../../arm-none-eabi/lib/thumb/v8-m.main+fp/hard\libcr_nohost_nf.a(_cr__main.o) (_initio)
C:/nxp/MCUXpressoIDE_24.12.148/ide/plugins/com.nxp.mcuxpresso.tools.win32_24.12.0.202407110909/tools/bin/../lib/gcc/arm-none-eabi/13.2.1/../../../../arm-none-eabi/lib/thumb/v8-m.main+fp/hard\libcr_c.a(scanf.o)
                              ./utilities/str/fsl_str.o (strtoul)
C:/nxp/MCUXpressoIDE_24.12.148/ide/plugins/com.nxp.mcuxpresso.tools.win32_24.12.0.202407110909/tools/bin/../lib/gcc/arm-none-eabi/13.2.1/../../../../arm-none-eabi/lib/thumb/v8-m.main+fp/hard\libcr_c.a(setvbuf.o)
                              C:/nxp/MCUXpressoIDE_24.12.148/ide/plugins/com.nxp.mcuxpresso.tools.win32_24.12.0.202407110909/tools/bin/../lib/gcc/arm-none-eabi/13.2.1/../../../../arm-none-eabi/lib/thumb/v8-m.main+fp/hard\libcr_c.a(initio.o) (setvbuf)
C:/nxp/MCUXpressoIDE_24.12.148/ide/plugins/com.nxp.mcuxpresso.tools.win32_24.12.0.202407110909/tools/bin/../lib/gcc/arm-none-eabi/13.2.1/../../../../arm-none-eabi/lib/thumb/v8-m.main+fp/hard\libcr_c.a(strlen.o)
                              ./utilities/str/fsl_str.o (strlen)
C:/nxp/MCUXpressoIDE_24.12.148/ide/plugins/com.nxp.mcuxpresso.tools.win32_24.12.0.202407110909/tools/bin/../lib/gcc/arm-none-eabi/13.2.1/../../../../arm-none-eabi/lib/thumb/v8-m.main+fp/hard\libcr_c.a(ungetc.o)
                              C:/nxp/MCUXpressoIDE_24.12.148/ide/plugins/com.nxp.mcuxpresso.tools.win32_24.12.0.202407110909/tools/bin/../lib/gcc/arm-none-eabi/13.2.1/../../../../arm-none-eabi/lib/thumb/v8-m.main+fp/hard\libcr_c.a(scanf.o) (ungetc)
C:/nxp/MCUXpressoIDE_24.12.148/ide/plugins/com.nxp.mcuxpresso.tools.win32_24.12.0.202407110909/tools/bin/../lib/gcc/arm-none-eabi/13.2.1/../../../../arm-none-eabi/lib/thumb/v8-m.main+fp/hard\libcr_c.a(__fillbuf.o)
                              C:/nxp/MCUXpressoIDE_24.12.148/ide/plugins/com.nxp.mcuxpresso.tools.win32_24.12.0.202407110909/tools/bin/../lib/gcc/arm-none-eabi/13.2.1/../../../../arm-none-eabi/lib/thumb/v8-m.main+fp/hard\libcr_c.a(scanf.o) (__filbuf)
C:/nxp/MCUXpressoIDE_24.12.148/ide/plugins/com.nxp.mcuxpresso.tools.win32_24.12.0.202407110909/tools/bin/../lib/gcc/arm-none-eabi/13.2.1/../../../../arm-none-eabi/lib/thumb/v8-m.main+fp/hard\libcr_c.a(__init_alloc.o)
                              C:/nxp/MCUXpressoIDE_24.12.148/ide/plugins/com.nxp.mcuxpresso.tools.win32_24.12.0.202407110909/tools/bin/../lib/gcc/arm-none-eabi/13.2.1/../../../../arm-none-eabi/lib/thumb/v8-m.main+fp/hard\libcr_c.a(alloc.o) (__heaps)
C:/nxp/MCUXpressoIDE_24.12.148/ide/plugins/com.nxp.mcuxpresso.tools.win32_24.12.0.202407110909/tools/bin/../lib/gcc/arm-none-eabi/13.2.1/../../../../arm-none-eabi/lib/thumb/v8-m.main+fp/hard\libcr_c.a(_cr_sbrk.o)
                              C:/nxp/MCUXpressoIDE_24.12.148/ide/plugins/com.nxp.mcuxpresso.tools.win32_24.12.0.202407110909/tools/bin/../lib/gcc/arm-none-eabi/13.2.1/../../../../arm-none-eabi/lib/thumb/v8-m.main+fp/hard\libcr_c.a(alloc.o) (_sbrk)
[...]
Memory Configuration

Name             Origin             Length             Attributes
PROGRAM_FLASH0   0x00000000         0x00100000         xr
PROGRAM_FLASH1   0x00100000         0x00100000         xr
SRAM             0x20000000         0x00060000         xrw
SRAMX            0x04000000         0x00018000         xrw
SRAMH            0x20060000         0x00008000         xrw
USB_RAM          0x400ba000         0x00001000         xrw
*default*        0x00000000         0xffffffff

Linker script and memory map

LOAD ./utilities/str/fsl_str.o
LOAD ./utilities/debug_console/fsl_debug_console.o
LOAD ./utilities/fsl_assert.o
LOAD ./startup/boot_multicore_slave.o
LOAD ./startup/startup_mcxn947_cm33_core0.o
LOAD ./source/app.o
LOAD ./source/os.o
LOAD ./source/semihost_hardfault.o
LOAD ./freertos/freertos-kernel/portable/MemMang/heap_1.o
LOAD ./freertos/freertos-kernel/portable/GCC/ARM_CM33_NTZ/non_secure/mpu_wrappers_v2_asm.o
LOAD ./freertos/freertos-kernel/portable/GCC/ARM_CM33_NTZ/non_secure/port.o
LOAD ./freertos/freertos-kernel/portable/GCC/ARM_CM33_NTZ/non_secure/portasm.o
LOAD ./freertos/freertos-kernel/portable/Common/mpu_wrappers.o
LOAD ./freertos/freertos-kernel/portable/Common/mpu_wrappers_v2.o
LOAD ./freertos/freertos-kernel/croutine.o
LOAD ./freertos/freertos-kernel/event_groups.o
LOAD ./freertos/freertos-kernel/list.o
LOAD ./freertos/freertos-kernel/queue.o
LOAD ./freertos/freertos-kernel/stream_buffer.o
LOAD ./freertos/freertos-kernel/tasks.o
LOAD ./freertos/freertos-kernel/timers.o
LOAD ./drivers/fsl_clock.o
LOAD ./drivers/fsl_common.o
LOAD ./drivers/fsl_common_arm.o
LOAD ./drivers/fsl_gpio.o
LOAD ./drivers/fsl_lpflexcomm.o
LOAD ./drivers/fsl_lpi2c.o
LOAD ./drivers/fsl_lpspi.o
LOAD ./drivers/fsl_lpuart.o
LOAD ./drivers/fsl_reset.o
LOAD ./drivers/fsl_spc.o
LOAD ./device/system_MCXN947_cm33_core0.o
LOAD ./component/uart/fsl_adapter_lpuart.o
LOAD ./component/serial_manager/fsl_component_serial_manager.o
LOAD ./component/serial_manager/fsl_component_serial_port_uart.o
LOAD ./component/osa/fsl_os_abstraction_free_rtos.o
LOAD ./component/lists/fsl_component_generic_list.o
LOAD ./board/board.o
LOAD ./board/clock_config.o
LOAD ./board/peripherals.o
LOAD ./board/pin_mux.o
START GROUP
LOAD C:/nxp/MCUXpressoIDE_24.12.148/ide/plugins/com.nxp.mcuxpresso.tools.win32_24.12.0.202407110909/tools/bin/../lib/gcc/arm-none-eabi/13.2.1/../../../../arm-none-eabi/lib/thumb/v8-m.main+fp/hard\libcr_nohost_nf.a
LOAD C:/nxp/MCUXpressoIDE_24.12.148/ide/plugins/com.nxp.mcuxpresso.tools.win32_24.12.0.202407110909/tools/bin/../lib/gcc/arm-none-eabi/13.2.1/../../../../arm-none-eabi/lib/thumb/v8-m.main+fp/hard\libcr_c.a
LOAD C:/nxp/MCUXpressoIDE_24.12.148/ide/plugins/com.nxp.mcuxpresso.tools.win32_24.12.0.202407110909/tools/bin/../lib/gcc/arm-none-eabi/13.2.1/thumb/v8-m.main+fp/hard\libcr_eabihelpers.a
LOAD C:/nxp/MCUXpressoIDE_24.12.148/ide/plugins/com.nxp.mcuxpresso.tools.win32_24.12.0.202407110909/tools/bin/../lib/gcc/arm-none-eabi/13.2.1/thumb/v8-m.main+fp/hard\libgcc.a
END GROUP
                0x00000000                        __base_PROGRAM_FLASH0 = 0x0
                0x00000000                        __base_Flash = 0x0
                0x00100000                        __top_PROGRAM_FLASH0 = 0x100000
                0x00100000                        __top_Flash = 0x100000
                0x00100000                        __base_PROGRAM_FLASH1 = 0x100000
                0x00100000                        __base_Flash2 = 0x100000
                0x00200000                        __top_PROGRAM_FLASH1 = 0x200000
                0x00200000                        __top_Flash2 = 0x200000
                0x20000000                        __base_SRAM = 0x20000000
                0x20000000                        __base_RAM = 0x20000000
                0x20060000                        __top_SRAM = 0x20060000
                0x20060000                        __top_RAM = 0x20060000
                0x04000000                        __base_SRAMX = 0x4000000
                0x04000000                        __base_RAM2 = 0x4000000
                0x04018000                        __top_SRAMX = 0x4018000
                0x04018000                        __top_RAM2 = 0x4018000
                0x20060000                        __base_SRAMH = 0x20060000
                0x20060000                        __base_RAM3 = 0x20060000
                0x20068000                        __top_SRAMH = 0x20068000
                0x20068000                        __top_RAM3 = 0x20068000
                0x400ba000                        __base_USB_RAM = 0x400ba000
                0x400ba000                        __base_RAM4 = 0x400ba000
                0x400bb000                        __top_USB_RAM = 0x400bb000
                0x400bb000                        __top_RAM4 = 0x400bb000

.text_Flash2    0x00100000        0x0
 FILL mask 0xff
 *(SORT_BY_ALIGNMENT(.text_Flash2))
 *(SORT_BY_ALIGNMENT(.text_PROGRAM_FLASH1))
 *(SORT_BY_ALIGNMENT(.text.$Flash2))
 *(SORT_BY_ALIGNMENT(.text.$PROGRAM_FLASH1))
 *(SORT_BY_ALIGNMENT(.text_Flash2.*))
 *(SORT_BY_ALIGNMENT(.text_PROGRAM_FLASH1.*))
 *(SORT_BY_ALIGNMENT(.text.$Flash2.*))
 *(SORT_BY_ALIGNMENT(.text.$PROGRAM_FLASH1.*))
 *(SORT_BY_ALIGNMENT(.rodata.$Flash2))
 *(SORT_BY_ALIGNMENT(.rodata.$PROGRAM_FLASH1))
 *(SORT_BY_ALIGNMENT(.rodata.$Flash2.*))
 *(SORT_BY_ALIGNMENT(.rodata.$PROGRAM_FLASH1.*))

.text           0x00000000     0x5fc4
 FILL mask 0xff
                0x00000000                        __vectors_start__ = ABSOLUTE (.)
 *(SORT_BY_ALIGNMENT(.isr_vector))
 .isr_vector    0x00000000      0x2b0 ./startup/startup_mcxn947_cm33_core0.o
                0x00000000                g_pfnVectors
                0x00000000                __Vectors
                0x000002b0                        . = ALIGN (0x4)
                0x000002b0                        __section_table_start = .
                0x000002b0                        __data_section_table = .
                0x000002b0        0x4 LONG 0x5fc4 LOADADDR (.data)
                0x000002b4        0x4 LONG 0x20000000 ADDR (.data)
                0x000002b8        0x4 LONG 0x10 SIZEOF (.data)
                0x000002bc        0x4 LONG 0x5fc4 LOADADDR (.data_RAM2)
                0x000002c0        0x4 LONG 0x4000000 ADDR (.data_RAM2)
                0x000002c4        0x4 LONG 0x0 SIZEOF (.data_RAM2)
                0x000002c8        0x4 LONG 0x5fc4 LOADADDR (.data_RAM3)
                0x000002cc        0x4 LONG 0x20060000 ADDR (.data_RAM3)
                0x000002d0        0x4 LONG 0x0 SIZEOF (.data_RAM3)
                0x000002d4        0x4 LONG 0x5fc4 LOADADDR (.data_RAM4)
                0x000002d8        0x4 LONG 0x400ba000 ADDR (.data_RAM4)
                0x000002dc        0x4 LONG 0x0 SIZEOF (.data_RAM4)
                0x000002e0                        __data_section_table_end = .
                0x000002e0                        __bss_section_table = .
                0x000002e0        0x4 LONG 0x20000010 ADDR (.bss)
                0x000002e4        0x4 LONG 0x2bb0 SIZEOF (.bss)
                0x000002e8        0x4 LONG 0x4000000 ADDR (.bss_RAM2)
                0x000002ec        0x4 LONG 0x0 SIZEOF (.bss_RAM2)
                0x000002f0        0x4 LONG 0x20060000 ADDR (.bss_RAM3)
                0x000002f4        0x4 LONG 0x0 SIZEOF (.bss_RAM3)
                0x000002f8        0x4 LONG 0x400ba000 ADDR (.bss_RAM4)
                0x000002fc        0x4 LONG 0x0 SIZEOF (.bss_RAM4)
                0x00000300                        __bss_section_table_end = .
                0x00000300                        __section_table_end = .
 *(SORT_BY_ALIGNMENT(.after_vectors*))
 .after_vectors.reset
                0x00000300       0x68 ./startup/startup_mcxn947_cm33_core0.o
                0x00000300                ResetISR
 .after_vectors.init_data
                0x00000368       0x1e ./startup/startup_mcxn947_cm33_core0.o
                0x00000368                data_init
 .after_vectors.init_bss
                0x00000386       0x12 ./startup/startup_mcxn947_cm33_core0.o
                0x00000386                bss_init
 .after_vectors
                0x00000398       0x16 ./startup/startup_mcxn947_cm33_core0.o
                0x00000398                NMI_Handler
                0x0000039c                MemManage_Handler
                0x0000039e                BusFault_Handler
                0x000003a0                UsageFault_Handler
                0x000003a2                SecureFault_Handler
                0x000003a6                DebugMon_Handler
                0x000003ac                EMVSIM0_DriverIRQHandler
                0x000003ac                I3C0_DriverIRQHandler
                0x000003ac                USB0_FS_DriverIRQHandler
                0x000003ac                PKC_ERR_DriverIRQHandler
                0x000003ac                QDC1_HOME_DriverIRQHandler
                0x000003ac                EDMA_0_CH5_DriverIRQHandler
                0x000003ac                EDMA_0_CH14_DriverIRQHandler
                0x000003ac                EDMA_1_CH0_DriverIRQHandler
                0x000003ac                SCG_DriverIRQHandler
                0x000003ac                CMC0_DriverIRQHandler
                0x000003ac                EDMA_0_CH15_DriverIRQHandler
                0x000003ac                LPTMR0_DriverIRQHandler
                0x000003ac                EDMA_0_CH2_DriverIRQHandler
                0x000003ac                FLEXPWM1_SUBMODULE1_DriverIRQHandler
                0x000003ac                FLEXPWM0_SUBMODULE1_DriverIRQHandler
                0x000003ac                PINT0_DriverIRQHandler
                0x000003ac                EDMA_1_CH11_DriverIRQHandler
                0x000003ac                FLEXPWM0_RELOAD_ERROR_DriverIRQHandler
                0x000003ac                QDC0_HOME_DriverIRQHandler
                0x000003ac                EDMA_1_CH13_DriverIRQHandler
                0x000003ac                EDMA_1_CH9_DriverIRQHandler
                0x000003ac                SEC_VIO_DriverIRQHandler
                0x000003ac                ERM_MULTI_BIT_ERROR_DriverIRQHandler
                0x000003ac                GPIO31_DriverIRQHandler
                0x000003ac                EWM0_DriverIRQHandler
                0x000003ac                PKC_DriverIRQHandler
                0x000003ac                EDMA_0_CH10_DriverIRQHandler
                0x000003ac                USB1_HS_PHY_DriverIRQHandler
                0x000003ac                QDC0_IDX_DriverIRQHandler
                0x000003ac                ELS_DriverIRQHandler
                0x000003ac                Reserved166_DriverIRQHandler
                0x000003ac                EDMA_1_CH2_DriverIRQHandler
                0x000003ac                ETHERNET_DriverIRQHandler
                0x000003ac                QDC1_IDX_DriverIRQHandler
                0x000003ac                EDMA_1_CH14_DriverIRQHandler
                0x000003ac                FLEXPWM1_SUBMODULE3_DriverIRQHandler
                0x000003ac                EDMA_1_CH7_DriverIRQHandler
                0x000003ac                EDMA_1_CH6_DriverIRQHandler
                0x000003ac                DAC1_DriverIRQHandler
                0x000003ac                CTIMER2_DriverIRQHandler
                0x000003ac                Reserved167_DriverIRQHandler
                0x000003ac                ITRC0_DriverIRQHandler
                0x000003ac                EDMA_0_CH9_DriverIRQHandler
                0x000003ac                ETB0_DriverIRQHandler
                0x000003ac                EDMA_1_CH5_DriverIRQHandler
                0x000003ac                Reserved80_DriverIRQHandler
                0x000003ac                IntDefaultHandler
                0x000003ac                ELS_ERR_DriverIRQHandler
                0x000003ac                FLEXIO_DriverIRQHandler
                0x000003ac                DAC0_DriverIRQHandler
                0x000003ac                MRT0_DriverIRQHandler
                0x000003ac                UTICK0_DriverIRQHandler
                0x000003ac                FLEXPWM0_SUBMODULE2_DriverIRQHandler
                0x000003ac                GPIO01_DriverIRQHandler
                0x000003ac                EDMA_0_CH3_DriverIRQHandler
                0x000003ac                WWDT0_DriverIRQHandler
                0x000003ac                USDHC0_DriverIRQHandler
                0x000003ac                GPIO00_DriverIRQHandler
                0x000003ac                EDMA_0_CH4_DriverIRQHandler
                0x000003ac                GPIO11_DriverIRQHandler
                0x000003ac                CTIMER4_DriverIRQHandler
                0x000003ac                BSP32_DriverIRQHandler
                0x000003ac                FLEXPWM0_FAULT_DriverIRQHandler
                0x000003ac                EDMA_1_CH1_DriverIRQHandler
                0x000003ac                SAI1_DriverIRQHandler
                0x000003ac                ERM_SINGLE_BIT_ERROR_DriverIRQHandler
                0x000003ac                GPIO21_DriverIRQHandler
                0x000003ac                FLEXPWM1_FAULT_DriverIRQHandler
                0x000003ac                GPIO30_DriverIRQHandler
                0x000003ac                CTIMER0_DriverIRQHandler
                0x000003ac                CTIMER1_DriverIRQHandler
                0x000003ac                QDC0_COMPARE_DriverIRQHandler
                0x000003ac                WWDT1_DriverIRQHandler
                0x000003ac                ADC1_DriverIRQHandler
                0x000003ac                PQ_DriverIRQHandler
                0x000003ac                ETHERNET_MACLP_DriverIRQHandler
                0x000003ac                USB0_DCD_DriverIRQHandler
                0x000003ac                EDMA_0_CH11_DriverIRQHandler
                0x000003ac                MAILBOX_DriverIRQHandler
                0x000003ac                WUU_DriverIRQHandler
                0x000003ac                EDMA_0_CH6_DriverIRQHandler
                0x000003ac                CTIMER3_DriverIRQHandler
                0x000003ac                FLEXPWM1_SUBMODULE0_DriverIRQHandler
                0x000003ac                CDOG1_DriverIRQHandler
                0x000003ac                TSI_OUT_OF_SCAN_DriverIRQHandler
                0x000003ac                EDMA_1_CH4_DriverIRQHandler
                0x000003ac                PUF_DriverIRQHandler
                0x000003ac                SPC_DriverIRQHandler
                0x000003ac                RTC_DriverIRQHandler
                0x000003ac                VBAT0_DriverIRQHandler
                0x000003ac                Reserved65_DriverIRQHandler
                0x000003ac                HSCMP2_DriverIRQHandler
                0x000003ac                EDMA_0_CH0_DriverIRQHandler
                0x000003ac                Freqme_DriverIRQHandler
                0x000003ac                PDM_EVENT_DriverIRQHandler
                0x000003ac                ETHERNET_PMT_DriverIRQHandler
                0x000003ac                FLEXPWM1_RELOAD_ERROR_DriverIRQHandler
                0x000003ac                FMU0_DriverIRQHandler
                0x000003ac                QDC1_COMPARE_DriverIRQHandler
                0x000003ac                EDMA_0_CH8_DriverIRQHandler
                0x000003ac                LPTMR1_DriverIRQHandler
                0x000003ac                GPIO40_DriverIRQHandler
                0x000003ac                CTI0_DriverIRQHandler
                0x000003ac                EDMA_1_CH3_DriverIRQHandler
                0x000003ac                EDMA_1_CH15_DriverIRQHandler
                0x000003ac                FLEXPWM1_SUBMODULE2_DriverIRQHandler
                0x000003ac                GPIO20_DriverIRQHandler
                0x000003ac                QDC1_WDG_SAB_DriverIRQHandler
                0x000003ac                EDMA_1_CH8_DriverIRQHandler
                0x000003ac                GDET_DriverIRQHandler
                0x000003ac                PORT_EFT_DriverIRQHandler
                0x000003ac                Reserved85_DriverIRQHandler
                0x000003ac                Reserved81_DriverIRQHandler
                0x000003ac                TSI_END_OF_SCAN_DriverIRQHandler
                0x000003ac                FLEXPWM0_SUBMODULE3_DriverIRQHandler
                0x000003ac                ADC0_DriverIRQHandler
                0x000003ac                OR_DriverIRQHandler
                0x000003ac                EDMA_0_CH13_DriverIRQHandler
                0x000003ac                USB1_HS_DriverIRQHandler
                0x000003ac                EDMA_0_CH1_DriverIRQHandler
                0x000003ac                DAC2_DriverIRQHandler
                0x000003ac                GPIO51_DriverIRQHandler
                0x000003ac                HSCMP0_DriverIRQHandler
                0x000003ac                EDMA_0_CH12_DriverIRQHandler
                0x000003ac                QDC0_WDG_SAB_DriverIRQHandler
                0x000003ac                CDOG0_DriverIRQHandler
                0x000003ac                CAN0_DriverIRQHandler
                0x000003ac                SMARTDMA_DriverIRQHandler
                0x000003ac                SAI0_DriverIRQHandler
                0x000003ac                EMVSIM1_DriverIRQHandler
                0x000003ac                I3C1_DriverIRQHandler
                0x000003ac                EDMA_0_CH7_DriverIRQHandler
                0x000003ac                HSCMP1_DriverIRQHandler
                0x000003ac                EDMA_1_CH10_DriverIRQHandler
                0x000003ac                EDMA_1_CH12_DriverIRQHandler
                0x000003ac                FLEXSPI0_DriverIRQHandler
                0x000003ac                GPIO50_DriverIRQHandler
                0x000003ac                GPIO10_DriverIRQHandler
                0x000003ac                SCT0_DriverIRQHandler
                0x000003ac                CAN1_DriverIRQHandler
                0x000003ac                PLU_DriverIRQHandler
                0x000003ac                FLEXPWM0_SUBMODULE0_DriverIRQHandler
                0x000003ac                OS_EVENT_DriverIRQHandler
                0x000003ac                SINC_FILTER_DriverIRQHandler
                0x000003ac                NPU_DriverIRQHandler
                0x000003ac                GPIO41_DriverIRQHandler
                0x000003ac                SEC_HYPERVISOR_CALL_DriverIRQHandler
 *(SORT_BY_ALIGNMENT(.text*))
 *fill*         0x000003ae        0x2 ff
 .text.DbgConsole_SendDataReliable
                0x000003b0       0x54 ./utilities/debug_console/fsl_debug_console.o
                0x000003b0                DbgConsole_SendDataReliable
 .text.DbgConsole_Init
                0x00000404      0x138 ./utilities/debug_console/fsl_debug_console.o
                0x00000404                DbgConsole_Init
 .text.DbgConsole_Vprintf
                0x0000053c       0x68 ./utilities/debug_console/fsl_debug_console.o
                0x0000053c                DbgConsole_Vprintf
 .text.__assertion_failed
                0x000005a4       0x3c ./utilities/fsl_assert.o
                0x000005a4                __assertion_failed
 .text.vTestTask
                0x000005e0       0x7c ./source/app.o
                0x000005e0                vTestTask
 .text.main     0x0000065c       0x38 ./source/app.o
                0x0000065c                main
 .text.log_init
                0x00000694       0x70 ./source/os.o
                0x00000694                log_init
 .text.log_task
                0x00000704       0x4c ./source/os.o
                0x00000704                log_task
 .text.log_add  0x00000750       0x40 ./source/os.o
                0x00000750                log_add
 .text.queue_pop_all
                0x00000790       0x5c ./source/os.o
                0x00000790                queue_pop_all
 .text.pvPortMalloc
                0x000007ec       0xa4 ./freertos/freertos-kernel/portable/MemMang/heap_1.o
                0x000007ec                pvPortMalloc
 .text.vPortSetupTimerInterrupt
                0x00000890       0x48 ./freertos/freertos-kernel/portable/GCC/ARM_CM33_NTZ/non_secure/port.o
                0x00000890                vPortSetupTimerInterrupt
 .text.prvTaskExitError
                0x000008d8       0x38 ./freertos/freertos-kernel/portable/GCC/ARM_CM33_NTZ/non_secure/port.o
 .text.vPortYield
                0x00000910       0x24 ./freertos/freertos-kernel/portable/GCC/ARM_CM33_NTZ/non_secure/port.o
                0x00000910                vPortYield
 .text.vPortEnterCritical
                0x00000934       0x24 ./freertos/freertos-kernel/portable/GCC/ARM_CM33_NTZ/non_secure/port.o
                0x00000934                vPortEnterCritical
 .text.vPortExitCritical
                0x00000958       0x34 ./freertos/freertos-kernel/portable/GCC/ARM_CM33_NTZ/non_secure/port.o
                0x00000958                vPortExitCritical
 .text.SysTick_Handler
                0x0000098c       0x30 ./freertos/freertos-kernel/portable/GCC/ARM_CM33_NTZ/non_secure/port.o
                0x0000098c                SysTick_Handler
 .text.pxPortInitialiseStack
                0x000009bc      0x114 ./freertos/freertos-kernel/portable/GCC/ARM_CM33_NTZ/non_secure/port.o
                0x000009bc                pxPortInitialiseStack
 .text.xPortStartScheduler
                0x00000ad0      0x128 ./freertos/freertos-kernel/portable/GCC/ARM_CM33_NTZ/non_secure/port.o
                0x00000ad0                xPortStartScheduler
 .text.vRestoreContextOfFirstTask
                0x00000bf8       0x2c ./freertos/freertos-kernel/portable/GCC/ARM_CM33_NTZ/non_secure/portasm.o
                0x00000bf8                vRestoreContextOfFirstTask
 .text.vStartFirstTask
                0x00000c24       0x20 ./freertos/freertos-kernel/portable/GCC/ARM_CM33_NTZ/non_secure/portasm.o
                0x00000c24                vStartFirstTask
 .text.PendSV_Handler
                0x00000c44       0x4c ./freertos/freertos-kernel/portable/GCC/ARM_CM33_NTZ/non_secure/portasm.o
                0x00000c44                PendSV_Handler
 .text.SVC_Handler
                0x00000c90       0x18 ./freertos/freertos-kernel/portable/GCC/ARM_CM33_NTZ/non_secure/portasm.o
                0x00000c90                SVC_Handler
 .text.vQueueAddToRegistry
                0x00000ca8       0x8c ./freertos/freertos-kernel/queue.o
                0x00000ca8                vQueueAddToRegistry
 .text.prvAddNewTaskToReadyList
                0x00000d34      0x120 ./freertos/freertos-kernel/tasks.o
 .text.vTaskDelay
                0x00000e54       0x4c ./freertos/freertos-kernel/tasks.o
                0x00000e54                vTaskDelay
 .text.vTaskSuspend
                0x00000ea0      0x124 ./freertos/freertos-kernel/tasks.o
                0x00000ea0                vTaskSuspend
 .text.prvCreateIdleTasks
                0x00000fc4       0x94 ./freertos/freertos-kernel/tasks.o
 .text.vTaskStartScheduler
                0x00001058       0x68 ./freertos/freertos-kernel/tasks.o
                0x00001058                vTaskStartScheduler
 .text.vTaskSuspendAll
                0x000010c0       0x1c ./freertos/freertos-kernel/tasks.o
                0x000010c0                vTaskSuspendAll
 .text.xTaskResumeAll
                0x000010dc      0x1f0 ./freertos/freertos-kernel/tasks.o
                0x000010dc                xTaskResumeAll
 .text.xTaskGetTickCount
                0x000012cc       0x20 ./freertos/freertos-kernel/tasks.o
                0x000012cc                xTaskGetTickCount
 .text.xTaskIncrementTick
                0x000012ec      0x208 ./freertos/freertos-kernel/tasks.o
                0x000012ec                xTaskIncrementTick
 .text.vTaskSwitchContext
                0x000014f4       0xa8 ./freertos/freertos-kernel/tasks.o
                0x000014f4                vTaskSwitchContext
 .text.vTaskPlaceOnEventList
                0x0000159c       0x3c ./freertos/freertos-kernel/tasks.o
                0x0000159c                vTaskPlaceOnEventList
 .text.vTaskPlaceOnEventListRestricted
                0x000015d8       0x7c ./freertos/freertos-kernel/tasks.o
                0x000015d8                vTaskPlaceOnEventListRestricted
 .text.xTaskRemoveFromEventList
                0x00001654      0x1a0 ./freertos/freertos-kernel/tasks.o
                0x00001654                xTaskRemoveFromEventList
 .text.vTaskInternalSetTimeOutState
                0x000017f4       0x2c ./freertos/freertos-kernel/tasks.o
                0x000017f4                vTaskInternalSetTimeOutState
 .text.xTaskCheckForTimeOut
                0x00001820       0xb0 ./freertos/freertos-kernel/tasks.o
                0x00001820                xTaskCheckForTimeOut
 .text.vTaskMissedYield
                0x000018d0       0x18 ./freertos/freertos-kernel/tasks.o
                0x000018d0                vTaskMissedYield
 .text.prvIdleTask
                0x000018e8       0x20 ./freertos/freertos-kernel/tasks.o
 .text.prvInitialiseTaskLists
                0x00001908       0x80 ./freertos/freertos-kernel/tasks.o
 .text.prvCheckTasksWaitingTermination
                0x00001988       0x5c ./freertos/freertos-kernel/tasks.o
 .text.prvResetNextTaskUnblockTime
                0x000019e4       0x38 ./freertos/freertos-kernel/tasks.o
 .text.xTaskGetSchedulerState
                0x00001a1c       0x3c ./freertos/freertos-kernel/tasks.o
                0x00001a1c                xTaskGetSchedulerState
 .text.xTaskPriorityDisinherit
                0x00001a58      0x12c ./freertos/freertos-kernel/tasks.o
                0x00001a58                xTaskPriorityDisinherit
 .text.prvAddCurrentTaskToDelayedList
                0x00001b84      0x104 ./freertos/freertos-kernel/tasks.o
 .text.xTimerCreateTimerTask
                0x00001c88       0x54 ./freertos/freertos-kernel/timers.o
                0x00001c88                xTimerCreateTimerTask
 .text.prvProcessExpiredTimer
                0x00001cdc       0x60 ./freertos/freertos-kernel/timers.o
 .text.prvProcessTimerOrBlockTask
                0x00001d3c       0x8c ./freertos/freertos-kernel/timers.o
 .text.prvGetNextExpireTime
                0x00001dc8       0x48 ./freertos/freertos-kernel/timers.o
 .text.prvSampleTimeNow
                0x00001e10       0x40 ./freertos/freertos-kernel/timers.o
 .text.prvInsertTimerInActiveList
                0x00001e50       0x84 ./freertos/freertos-kernel/timers.o
 .text.prvProcessReceivedCommands
                0x00001ed4      0x1a8 ./freertos/freertos-kernel/timers.o
 .text.prvSwitchTimerLists
                0x0000207c       0x4c ./freertos/freertos-kernel/timers.o
 .text.prvCheckForValidListAndQueue
                0x000020c8       0x6c ./freertos/freertos-kernel/timers.o
 .text.CLOCK_IsPLL0Locked
                0x00002134       0x28 ./drivers/fsl_clock.o
 .text.CLOCK_SetupFROHFClocking
                0x0000215c       0x9c ./drivers/fsl_clock.o
                0x0000215c                CLOCK_SetupFROHFClocking
 .text.CLOCK_SetPll0MonitorMode
                0x000021f8       0x38 ./drivers/fsl_clock.o
                0x000021f8                CLOCK_SetPll0MonitorMode
 .text.CLOCK_SetFLASHAccessCyclesForFreq
                0x00002230       0xf4 ./drivers/fsl_clock.o
                0x00002230                CLOCK_SetFLASHAccessCyclesForFreq
 .text.CLOCK_AttachClk
                0x00002324       0xb0 ./drivers/fsl_clock.o
                0x00002324                CLOCK_AttachClk
 .text.CLOCK_SetClkDiv
                0x000023d4       0x54 ./drivers/fsl_clock.o
                0x000023d4                CLOCK_SetClkDiv
 .text.CLOCK_GetPLL0InClockRate
                0x00002428       0x5c ./drivers/fsl_clock.o
                0x00002428                CLOCK_GetPLL0InClockRate
 .text.CLOCK_SetPLL0Freq
                0x00002484      0x10c ./drivers/fsl_clock.o
                0x00002484                CLOCK_SetPLL0Freq
 .text.CLOCK_GetClk48MFreq
                0x00002590       0x2c ./drivers/fsl_clock.o
 .text.CLOCK_GetExtClkFreq
                0x000025bc       0x2c ./drivers/fsl_clock.o
 .text.CLOCK_GetOsc32KFreq
                0x000025e8       0x4c ./drivers/fsl_clock.o
 .text.findPll0PreDiv
                0x00002634       0x40 ./drivers/fsl_clock.o
 .text.findPll0PostDiv
                0x00002674       0x60 ./drivers/fsl_clock.o
 .text.findPll0MMult
                0x000026d4       0xac ./drivers/fsl_clock.o
 .text.LP_FLEXCOMM_GetInterruptStatus
                0x00002780       0x28 ./drivers/fsl_lpflexcomm.o
                0x00002780                LP_FLEXCOMM_GetInterruptStatus
 .text.LP_FLEXCOMM_SetPeriph
                0x000027a8       0x94 ./drivers/fsl_lpflexcomm.o
 .text.LP_FLEXCOMM_Init
                0x0000283c       0x58 ./drivers/fsl_lpflexcomm.o
                0x0000283c                LP_FLEXCOMM_Init
 .text.LP_FLEXCOMM_CommonIRQHandler
                0x00002894       0xb8 ./drivers/fsl_lpflexcomm.o
 .text.LPUART_GetInstance
                0x0000294c       0x4c ./drivers/fsl_lpuart.o
                0x0000294c                LPUART_GetInstance
 .text.LPUART_Init
                0x00002998      0x448 ./drivers/fsl_lpuart.o
                0x00002998                LPUART_Init
 .text.LPUART_GetDefaultConfig
                0x00002de0       0x8c ./drivers/fsl_lpuart.o
                0x00002de0                LPUART_GetDefaultConfig
 .text.LPUART_WriteBlocking
                0x00002e6c       0x68 ./drivers/fsl_lpuart.o
                0x00002e6c                LPUART_WriteBlocking
 .text.RESET_ClearPeripheralReset
                0x00002ed4       0x6c ./drivers/fsl_reset.o
                0x00002ed4                RESET_ClearPeripheralReset
 .text.SystemInit
                0x00002f40      0x124 ./device/system_MCXN947_cm33_core0.o
                0x00002f40                SystemInit
 .text.HAL_UartInitCommon
                0x00003064       0xe4 ./component/uart/fsl_adapter_lpuart.o
 .text.HAL_UartInit
                0x00003148       0x84 ./component/uart/fsl_adapter_lpuart.o
                0x00003148                HAL_UartInit
 .text.HAL_UartSendBlocking
                0x000031cc       0x64 ./component/uart/fsl_adapter_lpuart.o
                0x000031cc                HAL_UartSendBlocking
 .text.BOARD_InitDebugConsole
                0x00003230       0x38 ./board/board.o
                0x00003230                BOARD_InitDebugConsole
 .text.BOARD_BootClockPLL150M
                0x00003268       0x88 ./board/clock_config.o
                0x00003268                BOARD_BootClockPLL150M
 .text.PORT_SetPinConfig
                0x000032f0       0x38 ./board/pin_mux.o
 .text.BOARD_InitDEBUG_UARTPins
                0x00003328       0x5c ./board/pin_mux.o
                0x00003328                BOARD_InitDEBUG_UARTPins
 .text._initio  0x00003384       0x78 C:/nxp/MCUXpressoIDE_24.12.148/ide/plugins/com.nxp.mcuxpresso.tools.win32_24.12.0.202407110909/tools/bin/../lib/gcc/arm-none-eabi/13.2.1/../../../../arm-none-eabi/lib/thumb/v8-m.main+fp/hard\libcr_c.a(initio.o)
                0x00003384                _initio
 .text._Cwritebuf
                0x000033fc       0x6c C:/nxp/MCUXpressoIDE_24.12.148/ide/plugins/com.nxp.mcuxpresso.tools.win32_24.12.0.202407110909/tools/bin/../lib/gcc/arm-none-eabi/13.2.1/../../../../arm-none-eabi/lib/thumb/v8-m.main+fp/hard\libcr_c.a(_writebuf.o)
                0x000033fc                _Cwritebuf
 .text.fflush   0x00003468       0x3c C:/nxp/MCUXpressoIDE_24.12.148/ide/plugins/com.nxp.mcuxpresso.tools.win32_24.12.0.202407110909/tools/bin/../lib/gcc/arm-none-eabi/13.2.1/../../../../arm-none-eabi/lib/thumb/v8-m.main+fp/hard\libcr_c.a(fflush.o)
                0x00003468                fflush
 .text.fseek    0x000034a4       0xf8 C:/nxp/MCUXpressoIDE_24.12.148/ide/plugins/com.nxp.mcuxpresso.tools.win32_24.12.0.202407110909/tools/bin/../lib/gcc/arm-none-eabi/13.2.1/../../../../arm-none-eabi/lib/thumb/v8-m.main+fp/hard\libcr_c.a(fseek.o)
                0x000034a4                fseek
 .text.ftell    0x0000359c       0x44 C:/nxp/MCUXpressoIDE_24.12.148/ide/plugins/com.nxp.mcuxpresso.tools.win32_24.12.0.202407110909/tools/bin/../lib/gcc/arm-none-eabi/13.2.1/../../../../arm-none-eabi/lib/thumb/v8-m.main+fp/hard\libcr_c.a(ftell.o)
                0x0000359c                ftell
 .text.PrintGetWidth
                0x000035e0       0x6a ./utilities/str/fsl_str.o
 .text.PrintGetPrecision
                0x0000364a       0x8c ./utilities/str/fsl_str.o
 .text.PrintIsobpu
                0x000036d6       0x38 ./utilities/str/fsl_str.o
 .text.PrintIsdi
                0x0000370e       0x2c ./utilities/str/fsl_str.o
 .text.PrintOutputdifFobpu
                0x0000373a       0x44 ./utilities/str/fsl_str.o
 .text.PrintOutputxX
                0x0000377e       0x44 ./utilities/str/fsl_str.o
 .text.PrintIsfF
                0x000037c2       0x2c ./utilities/str/fsl_str.o
 .text.PrintIsxX
                0x000037ee       0x2c ./utilities/str/fsl_str.o
 .text.PrintFilterLengthFlag
                0x0000381a       0x3e ./utilities/str/fsl_str.o
 .text.PrintGetRadixFromobpu
                0x00003858       0x40 ./utilities/str/fsl_str.o
 .text.ConvertRadixNumToString
                0x00003898       0xc2 ./utilities/str/fsl_str.o
 .text.StrFormatExaminedi
                0x0000395a       0x26 ./utilities/str/fsl_str.o
 .text.StrFormatExaminexX
                0x00003980       0x26 ./utilities/str/fsl_str.o
 .text.StrFormatExamineobpu
                0x000039a6       0x26 ./utilities/str/fsl_str.o
 .text.ConvertPrecisionWidthToLength
                0x000039cc       0x20 ./utilities/str/fsl_str.o
 .text.StrFormatPrintf
                0x000039ec      0x2bc ./utilities/str/fsl_str.o
                0x000039ec                StrFormatPrintf
 .text.DbgConsole_PrintCallback
                0x00003ca8       0x66 ./utilities/debug_console/fsl_debug_console.o
 .text.DbgConsole_Printf
                0x00003d0e       0x2c ./utilities/debug_console/fsl_debug_console.o
                0x00003d0e                DbgConsole_Printf
 .text.fsl_assert_hook
                0x00003d3a       0x1a ./utilities/fsl_assert.o
                0x00003d3a                fsl_assert_hook
 .text.OR_IRQHandler
                0x00003d54        0x8 ./startup/startup_mcxn947_cm33_core0.o
                0x00003d54                OR_IRQHandler
 .text.EDMA_0_CH0_IRQHandler
                0x00003d5c        0x8 ./startup/startup_mcxn947_cm33_core0.o
                0x00003d5c                EDMA_0_CH0_IRQHandler
 .text.EDMA_0_CH1_IRQHandler
                0x00003d64        0x8 ./startup/startup_mcxn947_cm33_core0.o
                0x00003d64                EDMA_0_CH1_IRQHandler
 .text.EDMA_0_CH2_IRQHandler
                0x00003d6c        0x8 ./startup/startup_mcxn947_cm33_core0.o
                0x00003d6c                EDMA_0_CH2_IRQHandler
 .text.EDMA_0_CH3_IRQHandler
                0x00003d74        0x8 ./startup/startup_mcxn947_cm33_core0.o
                0x00003d74                EDMA_0_CH3_IRQHandler
 .text.EDMA_0_CH4_IRQHandler
                0x00003d7c        0x8 ./startup/startup_mcxn947_cm33_core0.o
                0x00003d7c                EDMA_0_CH4_IRQHandler
 .text.EDMA_0_CH5_IRQHandler
                0x00003d84        0x8 ./startup/startup_mcxn947_cm33_core0.o
                0x00003d84                EDMA_0_CH5_IRQHandler
 .text.EDMA_0_CH6_IRQHandler
                0x00003d8c        0x8 ./startup/startup_mcxn947_cm33_core0.o
                0x00003d8c                EDMA_0_CH6_IRQHandler
 .text.EDMA_0_CH7_IRQHandler
                0x00003d94        0x8 ./startup/startup_mcxn947_cm33_core0.o
                0x00003d94                EDMA_0_CH7_IRQHandler
 .text.EDMA_0_CH8_IRQHandler
                0x00003d9c        0x8 ./startup/startup_mcxn947_cm33_core0.o
                0x00003d9c                EDMA_0_CH8_IRQHandler
 .text.EDMA_0_CH9_IRQHandler
                0x00003da4        0x8 ./startup/startup_mcxn947_cm33_core0.o
                0x00003da4                EDMA_0_CH9_IRQHandler
 .text.EDMA_0_CH10_IRQHandler
                0x00003dac        0x8 ./startup/startup_mcxn947_cm33_core0.o
                0x00003dac                EDMA_0_CH10_IRQHandler
 .text.EDMA_0_CH11_IRQHandler
                0x00003db4        0x8 ./startup/startup_mcxn947_cm33_core0.o
                0x00003db4                EDMA_0_CH11_IRQHandler
 .text.EDMA_0_CH12_IRQHandler
                0x00003dbc        0x8 ./startup/startup_mcxn947_cm33_core0.o
                0x00003dbc                EDMA_0_CH12_IRQHandler
 .text.EDMA_0_CH13_IRQHandler
                0x00003dc4        0x8 ./startup/startup_mcxn947_cm33_core0.o
                0x00003dc4                EDMA_0_CH13_IRQHandler
 .text.EDMA_0_CH14_IRQHandler
                0x00003dcc        0x8 ./startup/startup_mcxn947_cm33_core0.o
                0x00003dcc                EDMA_0_CH14_IRQHandler
 .text.EDMA_0_CH15_IRQHandler
                0x00003dd4        0x8 ./startup/startup_mcxn947_cm33_core0.o
                0x00003dd4                EDMA_0_CH15_IRQHandler
 .text.GPIO00_IRQHandler
                0x00003ddc        0x8 ./startup/startup_mcxn947_cm33_core0.o
                0x00003ddc                GPIO00_IRQHandler
 .text.GPIO01_IRQHandler
                0x00003de4        0x8 ./startup/startup_mcxn947_cm33_core0.o
                0x00003de4                GPIO01_IRQHandler
 .text.GPIO10_IRQHandler
                0x00003dec        0x8 ./startup/startup_mcxn947_cm33_core0.o
                0x00003dec                GPIO10_IRQHandler
 .text.GPIO11_IRQHandler
                0x00003df4        0x8 ./startup/startup_mcxn947_cm33_core0.o
                0x00003df4                GPIO11_IRQHandler
 .text.GPIO20_IRQHandler
                0x00003dfc        0x8 ./startup/startup_mcxn947_cm33_core0.o
                0x00003dfc                GPIO20_IRQHandler
 .text.GPIO21_IRQHandler
                0x00003e04        0x8 ./startup/startup_mcxn947_cm33_core0.o
                0x00003e04                GPIO21_IRQHandler
 .text.GPIO30_IRQHandler
                0x00003e0c        0x8 ./startup/startup_mcxn947_cm33_core0.o
                0x00003e0c                GPIO30_IRQHandler
 .text.GPIO31_IRQHandler
                0x00003e14        0x8 ./startup/startup_mcxn947_cm33_core0.o
                0x00003e14                GPIO31_IRQHandler
 .text.GPIO40_IRQHandler
                0x00003e1c        0x8 ./startup/startup_mcxn947_cm33_core0.o
                0x00003e1c                GPIO40_IRQHandler
 .text.GPIO41_IRQHandler
                0x00003e24        0x8 ./startup/startup_mcxn947_cm33_core0.o
                0x00003e24                GPIO41_IRQHandler
 .text.GPIO50_IRQHandler
                0x00003e2c        0x8 ./startup/startup_mcxn947_cm33_core0.o
                0x00003e2c                GPIO50_IRQHandler
 .text.GPIO51_IRQHandler
                0x00003e34        0x8 ./startup/startup_mcxn947_cm33_core0.o
                0x00003e34                GPIO51_IRQHandler
 .text.UTICK0_IRQHandler
                0x00003e3c        0x8 ./startup/startup_mcxn947_cm33_core0.o
                0x00003e3c                UTICK0_IRQHandler
 .text.MRT0_IRQHandler
                0x00003e44        0x8 ./startup/startup_mcxn947_cm33_core0.o
                0x00003e44                MRT0_IRQHandler
 .text.CTIMER0_IRQHandler
                0x00003e4c        0x8 ./startup/startup_mcxn947_cm33_core0.o
                0x00003e4c                CTIMER0_IRQHandler
 .text.CTIMER1_IRQHandler
                0x00003e54        0x8 ./startup/startup_mcxn947_cm33_core0.o
                0x00003e54                CTIMER1_IRQHandler
 .text.SCT0_IRQHandler
                0x00003e5c        0x8 ./startup/startup_mcxn947_cm33_core0.o
                0x00003e5c                SCT0_IRQHandler
 .text.CTIMER2_IRQHandler
                0x00003e64        0x8 ./startup/startup_mcxn947_cm33_core0.o
                0x00003e64                CTIMER2_IRQHandler
 .text.LP_FLEXCOMM0_IRQHandler
                0x00003e6c        0x8 ./startup/startup_mcxn947_cm33_core0.o
                0x00003e6c                LP_FLEXCOMM0_IRQHandler
 .text.LP_FLEXCOMM1_IRQHandler
                0x00003e74        0x8 ./startup/startup_mcxn947_cm33_core0.o
                0x00003e74                LP_FLEXCOMM1_IRQHandler
 .text.LP_FLEXCOMM2_IRQHandler
                0x00003e7c        0x8 ./startup/startup_mcxn947_cm33_core0.o
                0x00003e7c                LP_FLEXCOMM2_IRQHandler
 .text.LP_FLEXCOMM3_IRQHandler
                0x00003e84        0x8 ./startup/startup_mcxn947_cm33_core0.o
                0x00003e84                LP_FLEXCOMM3_IRQHandler
 .text.LP_FLEXCOMM4_IRQHandler
                0x00003e8c        0x8 ./startup/startup_mcxn947_cm33_core0.o
                0x00003e8c                LP_FLEXCOMM4_IRQHandler
 .text.LP_FLEXCOMM5_IRQHandler
                0x00003e94        0x8 ./startup/startup_mcxn947_cm33_core0.o
                0x00003e94                LP_FLEXCOMM5_IRQHandler
 .text.LP_FLEXCOMM6_IRQHandler
                0x00003e9c        0x8 ./startup/startup_mcxn947_cm33_core0.o
                0x00003e9c                LP_FLEXCOMM6_IRQHandler
 .text.LP_FLEXCOMM7_IRQHandler
                0x00003ea4        0x8 ./startup/startup_mcxn947_cm33_core0.o
                0x00003ea4                LP_FLEXCOMM7_IRQHandler
 .text.LP_FLEXCOMM8_IRQHandler
                0x00003eac        0x8 ./startup/startup_mcxn947_cm33_core0.o
                0x00003eac                LP_FLEXCOMM8_IRQHandler
 .text.LP_FLEXCOMM9_IRQHandler
                0x00003eb4        0x8 ./startup/startup_mcxn947_cm33_core0.o
                0x00003eb4                LP_FLEXCOMM9_IRQHandler
 .text.ADC0_IRQHandler
                0x00003ebc        0x8 ./startup/startup_mcxn947_cm33_core0.o
                0x00003ebc                ADC0_IRQHandler
 .text.ADC1_IRQHandler
                0x00003ec4        0x8 ./startup/startup_mcxn947_cm33_core0.o
                0x00003ec4                ADC1_IRQHandler
 .text.PINT0_IRQHandler
                0x00003ecc        0x8 ./startup/startup_mcxn947_cm33_core0.o
                0x00003ecc                PINT0_IRQHandler
 .text.PDM_EVENT_IRQHandler
                0x00003ed4        0x8 ./startup/startup_mcxn947_cm33_core0.o
                0x00003ed4                PDM_EVENT_IRQHandler
 .text.Reserved65_IRQHandler
                0x00003edc        0x8 ./startup/startup_mcxn947_cm33_core0.o
                0x00003edc                Reserved65_IRQHandler
 .text.USB0_FS_IRQHandler
                0x00003ee4        0x8 ./startup/startup_mcxn947_cm33_core0.o
                0x00003ee4                USB0_FS_IRQHandler
 .text.USB0_DCD_IRQHandler
                0x00003eec        0x8 ./startup/startup_mcxn947_cm33_core0.o
                0x00003eec                USB0_DCD_IRQHandler
 .text.RTC_IRQHandler
                0x00003ef4        0x8 ./startup/startup_mcxn947_cm33_core0.o
                0x00003ef4                RTC_IRQHandler
 .text.SMARTDMA_IRQHandler
                0x00003efc        0x8 ./startup/startup_mcxn947_cm33_core0.o
                0x00003efc                SMARTDMA_IRQHandler
 .text.MAILBOX_IRQHandler
                0x00003f04        0x8 ./startup/startup_mcxn947_cm33_core0.o
                0x00003f04                MAILBOX_IRQHandler
 .text.CTIMER3_IRQHandler
                0x00003f0c        0x8 ./startup/startup_mcxn947_cm33_core0.o
                0x00003f0c                CTIMER3_IRQHandler
 .text.CTIMER4_IRQHandler
                0x00003f14        0x8 ./startup/startup_mcxn947_cm33_core0.o
                0x00003f14                CTIMER4_IRQHandler
 .text.OS_EVENT_IRQHandler
                0x00003f1c        0x8 ./startup/startup_mcxn947_cm33_core0.o
                0x00003f1c                OS_EVENT_IRQHandler
 .text.FLEXSPI0_IRQHandler
                0x00003f24        0x8 ./startup/startup_mcxn947_cm33_core0.o
                0x00003f24                FLEXSPI0_IRQHandler
 .text.SAI0_IRQHandler
                0x00003f2c        0x8 ./startup/startup_mcxn947_cm33_core0.o
                0x00003f2c                SAI0_IRQHandler
 .text.SAI1_IRQHandler
                0x00003f34        0x8 ./startup/startup_mcxn947_cm33_core0.o
                0x00003f34                SAI1_IRQHandler
 .text.USDHC0_IRQHandler
                0x00003f3c        0x8 ./startup/startup_mcxn947_cm33_core0.o
                0x00003f3c                USDHC0_IRQHandler
 .text.CAN0_IRQHandler
                0x00003f44        0x8 ./startup/startup_mcxn947_cm33_core0.o
                0x00003f44                CAN0_IRQHandler
 .text.CAN1_IRQHandler
                0x00003f4c        0x8 ./startup/startup_mcxn947_cm33_core0.o
                0x00003f4c                CAN1_IRQHandler
 .text.Reserved80_IRQHandler
                0x00003f54        0x8 ./startup/startup_mcxn947_cm33_core0.o
                0x00003f54                Reserved80_IRQHandler
 .text.Reserved81_IRQHandler
                0x00003f5c        0x8 ./startup/startup_mcxn947_cm33_core0.o
                0x00003f5c                Reserved81_IRQHandler
 .text.USB1_HS_PHY_IRQHandler
                0x00003f64        0x8 ./startup/startup_mcxn947_cm33_core0.o
                0x00003f64                USB1_HS_PHY_IRQHandler
 .text.USB1_HS_IRQHandler
                0x00003f6c        0x8 ./startup/startup_mcxn947_cm33_core0.o
                0x00003f6c                USB1_HS_IRQHandler
 .text.SEC_HYPERVISOR_CALL_IRQHandler
                0x00003f74        0x8 ./startup/startup_mcxn947_cm33_core0.o
                0x00003f74                SEC_HYPERVISOR_CALL_IRQHandler
 .text.Reserved85_IRQHandler
                0x00003f7c        0x8 ./startup/startup_mcxn947_cm33_core0.o
                0x00003f7c                Reserved85_IRQHandler
 .text.PLU_IRQHandler
                0x00003f84        0x8 ./startup/startup_mcxn947_cm33_core0.o
                0x00003f84                PLU_IRQHandler
 .text.Freqme_IRQHandler
                0x00003f8c        0x8 ./startup/startup_mcxn947_cm33_core0.o
                0x00003f8c                Freqme_IRQHandler
 .text.SEC_VIO_IRQHandler
                0x00003f94        0x8 ./startup/startup_mcxn947_cm33_core0.o
                0x00003f94                SEC_VIO_IRQHandler
 .text.ELS_IRQHandler
                0x00003f9c        0x8 ./startup/startup_mcxn947_cm33_core0.o
                0x00003f9c                ELS_IRQHandler
 .text.PKC_IRQHandler
                0x00003fa4        0x8 ./startup/startup_mcxn947_cm33_core0.o
                0x00003fa4                PKC_IRQHandler
 .text.PUF_IRQHandler
                0x00003fac        0x8 ./startup/startup_mcxn947_cm33_core0.o
                0x00003fac                PUF_IRQHandler
 .text.PQ_IRQHandler
                0x00003fb4        0x8 ./startup/startup_mcxn947_cm33_core0.o
                0x00003fb4                PQ_IRQHandler
 .text.EDMA_1_CH0_IRQHandler
                0x00003fbc        0x8 ./startup/startup_mcxn947_cm33_core0.o
                0x00003fbc                EDMA_1_CH0_IRQHandler
 .text.EDMA_1_CH1_IRQHandler
                0x00003fc4        0x8 ./startup/startup_mcxn947_cm33_core0.o
                0x00003fc4                EDMA_1_CH1_IRQHandler
 .text.EDMA_1_CH2_IRQHandler
                0x00003fcc        0x8 ./startup/startup_mcxn947_cm33_core0.o
                0x00003fcc                EDMA_1_CH2_IRQHandler
 .text.EDMA_1_CH3_IRQHandler
                0x00003fd4        0x8 ./startup/startup_mcxn947_cm33_core0.o
                0x00003fd4                EDMA_1_CH3_IRQHandler
 .text.EDMA_1_CH4_IRQHandler
                0x00003fdc        0x8 ./startup/startup_mcxn947_cm33_core0.o
                0x00003fdc                EDMA_1_CH4_IRQHandler
 .text.EDMA_1_CH5_IRQHandler
                0x00003fe4        0x8 ./startup/startup_mcxn947_cm33_core0.o
                0x00003fe4                EDMA_1_CH5_IRQHandler
 .text.EDMA_1_CH6_IRQHandler
                0x00003fec        0x8 ./startup/startup_mcxn947_cm33_core0.o
                0x00003fec                EDMA_1_CH6_IRQHandler
 .text.EDMA_1_CH7_IRQHandler
                0x00003ff4        0x8 ./startup/startup_mcxn947_cm33_core0.o
                0x00003ff4                EDMA_1_CH7_IRQHandler
 .text.EDMA_1_CH8_IRQHandler
                0x00003ffc        0x8 ./startup/startup_mcxn947_cm33_core0.o
                0x00003ffc                EDMA_1_CH8_IRQHandler
 .text.EDMA_1_CH9_IRQHandler
                0x00004004        0x8 ./startup/startup_mcxn947_cm33_core0.o
                0x00004004                EDMA_1_CH9_IRQHandler
 .text.EDMA_1_CH10_IRQHandler
                0x0000400c        0x8 ./startup/startup_mcxn947_cm33_core0.o
                0x0000400c                EDMA_1_CH10_IRQHandler
 .text.EDMA_1_CH11_IRQHandler
                0x00004014        0x8 ./startup/startup_mcxn947_cm33_core0.o
                0x00004014                EDMA_1_CH11_IRQHandler
 .text.EDMA_1_CH12_IRQHandler
                0x0000401c        0x8 ./startup/startup_mcxn947_cm33_core0.o
                0x0000401c                EDMA_1_CH12_IRQHandler
 .text.EDMA_1_CH13_IRQHandler
                0x00004024        0x8 ./startup/startup_mcxn947_cm33_core0.o
                0x00004024                EDMA_1_CH13_IRQHandler
 .text.EDMA_1_CH14_IRQHandler
                0x0000402c        0x8 ./startup/startup_mcxn947_cm33_core0.o
                0x0000402c                EDMA_1_CH14_IRQHandler
 .text.EDMA_1_CH15_IRQHandler
                0x00004034        0x8 ./startup/startup_mcxn947_cm33_core0.o
                0x00004034                EDMA_1_CH15_IRQHandler
 .text.CDOG0_IRQHandler
                0x0000403c        0x8 ./startup/startup_mcxn947_cm33_core0.o
                0x0000403c                CDOG0_IRQHandler
 .text.CDOG1_IRQHandler
                0x00004044        0x8 ./startup/startup_mcxn947_cm33_core0.o
                0x00004044                CDOG1_IRQHandler
 .text.I3C0_IRQHandler
                0x0000404c        0x8 ./startup/startup_mcxn947_cm33_core0.o
                0x0000404c                I3C0_IRQHandler
 .text.I3C1_IRQHandler
                0x00004054        0x8 ./startup/startup_mcxn947_cm33_core0.o
                0x00004054                I3C1_IRQHandler
 .text.NPU_IRQHandler
                0x0000405c        0x8 ./startup/startup_mcxn947_cm33_core0.o
                0x0000405c                NPU_IRQHandler
 .text.GDET_IRQHandler
                0x00004064        0x8 ./startup/startup_mcxn947_cm33_core0.o
                0x00004064                GDET_IRQHandler
 .text.VBAT0_IRQHandler
                0x0000406c        0x8 ./startup/startup_mcxn947_cm33_core0.o
                0x0000406c                VBAT0_IRQHandler
 .text.EWM0_IRQHandler
                0x00004074        0x8 ./startup/startup_mcxn947_cm33_core0.o
                0x00004074                EWM0_IRQHandler
 .text.TSI_END_OF_SCAN_IRQHandler
                0x0000407c        0x8 ./startup/startup_mcxn947_cm33_core0.o
                0x0000407c                TSI_END_OF_SCAN_IRQHandler
 .text.TSI_OUT_OF_SCAN_IRQHandler
                0x00004084        0x8 ./startup/startup_mcxn947_cm33_core0.o
                0x00004084                TSI_OUT_OF_SCAN_IRQHandler
 .text.EMVSIM0_IRQHandler
                0x0000408c        0x8 ./startup/startup_mcxn947_cm33_core0.o
                0x0000408c                EMVSIM0_IRQHandler
 .text.EMVSIM1_IRQHandler
                0x00004094        0x8 ./startup/startup_mcxn947_cm33_core0.o
                0x00004094                EMVSIM1_IRQHandler
 .text.FLEXIO_IRQHandler
                0x0000409c        0x8 ./startup/startup_mcxn947_cm33_core0.o
                0x0000409c                FLEXIO_IRQHandler
 .text.DAC0_IRQHandler
                0x000040a4        0x8 ./startup/startup_mcxn947_cm33_core0.o
                0x000040a4                DAC0_IRQHandler
 .text.DAC1_IRQHandler
                0x000040ac        0x8 ./startup/startup_mcxn947_cm33_core0.o
                0x000040ac                DAC1_IRQHandler
 .text.DAC2_IRQHandler
                0x000040b4        0x8 ./startup/startup_mcxn947_cm33_core0.o
                0x000040b4                DAC2_IRQHandler
 .text.HSCMP0_IRQHandler
                0x000040bc        0x8 ./startup/startup_mcxn947_cm33_core0.o
                0x000040bc                HSCMP0_IRQHandler
 .text.HSCMP1_IRQHandler
                0x000040c4        0x8 ./startup/startup_mcxn947_cm33_core0.o
                0x000040c4                HSCMP1_IRQHandler
 .text.HSCMP2_IRQHandler
                0x000040cc        0x8 ./startup/startup_mcxn947_cm33_core0.o
                0x000040cc                HSCMP2_IRQHandler
 .text.FLEXPWM0_RELOAD_ERROR_IRQHandler
                0x000040d4        0x8 ./startup/startup_mcxn947_cm33_core0.o
                0x000040d4                FLEXPWM0_RELOAD_ERROR_IRQHandler
 .text.FLEXPWM0_FAULT_IRQHandler
                0x000040dc        0x8 ./startup/startup_mcxn947_cm33_core0.o
                0x000040dc                FLEXPWM0_FAULT_IRQHandler
 .text.FLEXPWM0_SUBMODULE0_IRQHandler
                0x000040e4        0x8 ./startup/startup_mcxn947_cm33_core0.o
                0x000040e4                FLEXPWM0_SUBMODULE0_IRQHandler
 .text.FLEXPWM0_SUBMODULE1_IRQHandler
                0x000040ec        0x8 ./startup/startup_mcxn947_cm33_core0.o
                0x000040ec                FLEXPWM0_SUBMODULE1_IRQHandler
 .text.FLEXPWM0_SUBMODULE2_IRQHandler
                0x000040f4        0x8 ./startup/startup_mcxn947_cm33_core0.o
                0x000040f4                FLEXPWM0_SUBMODULE2_IRQHandler
 .text.FLEXPWM0_SUBMODULE3_IRQHandler
                0x000040fc        0x8 ./startup/startup_mcxn947_cm33_core0.o
                0x000040fc                FLEXPWM0_SUBMODULE3_IRQHandler
 .text.FLEXPWM1_RELOAD_ERROR_IRQHandler
                0x00004104        0x8 ./startup/startup_mcxn947_cm33_core0.o
                0x00004104                FLEXPWM1_RELOAD_ERROR_IRQHandler
 .text.FLEXPWM1_FAULT_IRQHandler
                0x0000410c        0x8 ./startup/startup_mcxn947_cm33_core0.o
                0x0000410c                FLEXPWM1_FAULT_IRQHandler
 .text.FLEXPWM1_SUBMODULE0_IRQHandler
                0x00004114        0x8 ./startup/startup_mcxn947_cm33_core0.o
                0x00004114                FLEXPWM1_SUBMODULE0_IRQHandler
 .text.FLEXPWM1_SUBMODULE1_IRQHandler
                0x0000411c        0x8 ./startup/startup_mcxn947_cm33_core0.o
                0x0000411c                FLEXPWM1_SUBMODULE1_IRQHandler
 .text.FLEXPWM1_SUBMODULE2_IRQHandler
                0x00004124        0x8 ./startup/startup_mcxn947_cm33_core0.o
                0x00004124                FLEXPWM1_SUBMODULE2_IRQHandler
 .text.FLEXPWM1_SUBMODULE3_IRQHandler
                0x0000412c        0x8 ./startup/startup_mcxn947_cm33_core0.o
                0x0000412c                FLEXPWM1_SUBMODULE3_IRQHandler
 .text.QDC0_COMPARE_IRQHandler
                0x00004134        0x8 ./startup/startup_mcxn947_cm33_core0.o
                0x00004134                QDC0_COMPARE_IRQHandler
 .text.QDC0_HOME_IRQHandler
                0x0000413c        0x8 ./startup/startup_mcxn947_cm33_core0.o
                0x0000413c                QDC0_HOME_IRQHandler
 .text.QDC0_WDG_SAB_IRQHandler
                0x00004144        0x8 ./startup/startup_mcxn947_cm33_core0.o
                0x00004144                QDC0_WDG_SAB_IRQHandler
 .text.QDC0_IDX_IRQHandler
                0x0000414c        0x8 ./startup/startup_mcxn947_cm33_core0.o
                0x0000414c                QDC0_IDX_IRQHandler
 .text.QDC1_COMPARE_IRQHandler
                0x00004154        0x8 ./startup/startup_mcxn947_cm33_core0.o
                0x00004154                QDC1_COMPARE_IRQHandler
 .text.QDC1_HOME_IRQHandler
                0x0000415c        0x8 ./startup/startup_mcxn947_cm33_core0.o
                0x0000415c                QDC1_HOME_IRQHandler
 .text.QDC1_WDG_SAB_IRQHandler
                0x00004164        0x8 ./startup/startup_mcxn947_cm33_core0.o
                0x00004164                QDC1_WDG_SAB_IRQHandler
 .text.QDC1_IDX_IRQHandler
                0x0000416c        0x8 ./startup/startup_mcxn947_cm33_core0.o
                0x0000416c                QDC1_IDX_IRQHandler
 .text.ITRC0_IRQHandler
                0x00004174        0x8 ./startup/startup_mcxn947_cm33_core0.o
                0x00004174                ITRC0_IRQHandler
 .text.BSP32_IRQHandler
                0x0000417c        0x8 ./startup/startup_mcxn947_cm33_core0.o
                0x0000417c                BSP32_IRQHandler
 .text.ELS_ERR_IRQHandler
                0x00004184        0x8 ./startup/startup_mcxn947_cm33_core0.o
                0x00004184                ELS_ERR_IRQHandler
 .text.PKC_ERR_IRQHandler
                0x0000418c        0x8 ./startup/startup_mcxn947_cm33_core0.o
                0x0000418c                PKC_ERR_IRQHandler
 .text.ERM_SINGLE_BIT_ERROR_IRQHandler
                0x00004194        0x8 ./startup/startup_mcxn947_cm33_core0.o
                0x00004194                ERM_SINGLE_BIT_ERROR_IRQHandler
 .text.ERM_MULTI_BIT_ERROR_IRQHandler
                0x0000419c        0x8 ./startup/startup_mcxn947_cm33_core0.o
                0x0000419c                ERM_MULTI_BIT_ERROR_IRQHandler
 .text.FMU0_IRQHandler
                0x000041a4        0x8 ./startup/startup_mcxn947_cm33_core0.o
                0x000041a4                FMU0_IRQHandler
 .text.ETHERNET_IRQHandler
                0x000041ac        0x8 ./startup/startup_mcxn947_cm33_core0.o
                0x000041ac                ETHERNET_IRQHandler
 .text.ETHERNET_PMT_IRQHandler
                0x000041b4        0x8 ./startup/startup_mcxn947_cm33_core0.o
                0x000041b4                ETHERNET_PMT_IRQHandler
 .text.ETHERNET_MACLP_IRQHandler
                0x000041bc        0x8 ./startup/startup_mcxn947_cm33_core0.o
                0x000041bc                ETHERNET_MACLP_IRQHandler
 .text.SINC_FILTER_IRQHandler
                0x000041c4        0x8 ./startup/startup_mcxn947_cm33_core0.o
                0x000041c4                SINC_FILTER_IRQHandler
 .text.LPTMR0_IRQHandler
                0x000041cc        0x8 ./startup/startup_mcxn947_cm33_core0.o
                0x000041cc                LPTMR0_IRQHandler
 .text.LPTMR1_IRQHandler
                0x000041d4        0x8 ./startup/startup_mcxn947_cm33_core0.o
                0x000041d4                LPTMR1_IRQHandler
 .text.SCG_IRQHandler
                0x000041dc        0x8 ./startup/startup_mcxn947_cm33_core0.o
                0x000041dc                SCG_IRQHandler
 .text.SPC_IRQHandler
                0x000041e4        0x8 ./startup/startup_mcxn947_cm33_core0.o
                0x000041e4                SPC_IRQHandler
 .text.WUU_IRQHandler
                0x000041ec        0x8 ./startup/startup_mcxn947_cm33_core0.o
                0x000041ec                WUU_IRQHandler
 .text.PORT_EFT_IRQHandler
                0x000041f4        0x8 ./startup/startup_mcxn947_cm33_core0.o
                0x000041f4                PORT_EFT_IRQHandler
 .text.ETB0_IRQHandler
                0x000041fc        0x8 ./startup/startup_mcxn947_cm33_core0.o
                0x000041fc                ETB0_IRQHandler
 .text.Reserved166_IRQHandler
                0x00004204        0x8 ./startup/startup_mcxn947_cm33_core0.o
                0x00004204                Reserved166_IRQHandler
 .text.Reserved167_IRQHandler
                0x0000420c        0x8 ./startup/startup_mcxn947_cm33_core0.o
                0x0000420c                Reserved167_IRQHandler
 .text.WWDT0_IRQHandler
                0x00004214        0x8 ./startup/startup_mcxn947_cm33_core0.o
                0x00004214                WWDT0_IRQHandler
 .text.WWDT1_IRQHandler
                0x0000421c        0x8 ./startup/startup_mcxn947_cm33_core0.o
                0x0000421c                WWDT1_IRQHandler
 .text.CMC0_IRQHandler
                0x00004224        0x8 ./startup/startup_mcxn947_cm33_core0.o
                0x00004224                CMC0_IRQHandler
 .text.CTI0_IRQHandler
                0x0000422c        0x8 ./startup/startup_mcxn947_cm33_core0.o
                0x0000422c                CTI0_IRQHandler
 .text.BOARD_InitHardware
                0x00004234       0x18 ./source/app.o
                0x00004234                BOARD_InitHardware
 .text.os_create_task
                0x0000424c       0x2e ./source/os.o
                0x0000424c                os_create_task
 .text.os_task_scheduler
                0x0000427a        0xc ./source/os.o
                0x0000427a                os_task_scheduler
 .text.HardFault_Handler
                0x00004286       0x36 ./source/semihost_hardfault.o
                0x00004286                HardFault_Handler
 .text.vPortFree
                0x000042bc       0x1e ./freertos/freertos-kernel/portable/MemMang/heap_1.o
                0x000042bc                vPortFree
 .text.vPortSVCHandler_C
                0x000042da       0x32 ./freertos/freertos-kernel/portable/GCC/ARM_CM33_NTZ/non_secure/port.o
                0x000042da                vPortSVCHandler_C
 .text.ulSetInterruptMask
                0x0000430c       0x1a ./freertos/freertos-kernel/portable/GCC/ARM_CM33_NTZ/non_secure/portasm.o
                0x0000430c                ulSetInterruptMask
 .text.vClearInterruptMask
                0x00004326       0x10 ./freertos/freertos-kernel/portable/GCC/ARM_CM33_NTZ/non_secure/portasm.o
                0x00004326                vClearInterruptMask
 .text.vListInitialise
                0x00004336       0x40 ./freertos/freertos-kernel/list.o
                0x00004336                vListInitialise
 .text.vListInitialiseItem
                0x00004376       0x1a ./freertos/freertos-kernel/list.o
                0x00004376                vListInitialiseItem
 .text.vListInsertEnd
                0x00004390       0x48 ./freertos/freertos-kernel/list.o
                0x00004390                vListInsertEnd
 .text.vListInsert
                0x000043d8       0x72 ./freertos/freertos-kernel/list.o
                0x000043d8                vListInsert
 .text.uxListRemove
                0x0000444a       0x54 ./freertos/freertos-kernel/list.o
                0x0000444a                uxListRemove
 .text.xQueueGenericReset
                0x0000449e       0xf2 ./freertos/freertos-kernel/queue.o
                0x0000449e                xQueueGenericReset
 .text.xQueueGenericCreate
                0x00004590       0x8e ./freertos/freertos-kernel/queue.o
                0x00004590                xQueueGenericCreate
 .text.prvInitialiseNewQueue
                0x0000461e       0x46 ./freertos/freertos-kernel/queue.o
 .text.xQueueGenericSend
                0x00004664      0x19a ./freertos/freertos-kernel/queue.o
                0x00004664                xQueueGenericSend
 .text.xQueueReceive
                0x000047fe      0x178 ./freertos/freertos-kernel/queue.o
                0x000047fe                xQueueReceive
 .text.uxQueueMessagesWaiting
                0x00004976       0x2e ./freertos/freertos-kernel/queue.o
                0x00004976                uxQueueMessagesWaiting
 .text.prvCopyDataToQueue
                0x000049a4       0xd4 ./freertos/freertos-kernel/queue.o
 .text.prvCopyDataFromQueue
                0x00004a78       0x4c ./freertos/freertos-kernel/queue.o
 .text.prvUnlockQueue
                0x00004ac4       0xa4 ./freertos/freertos-kernel/queue.o
 .text.prvIsQueueEmpty
                0x00004b68       0x2c ./freertos/freertos-kernel/queue.o
 .text.prvIsQueueFull
                0x00004b94       0x30 ./freertos/freertos-kernel/queue.o
 .text.vQueueWaitForMessageRestricted
                0x00004bc4       0x68 ./freertos/freertos-kernel/queue.o
                0x00004bc4                vQueueWaitForMessageRestricted
 .text.prvCreateTask
                0x00004c2c       0x78 ./freertos/freertos-kernel/tasks.o
 .text.xTaskCreate
                0x00004ca4       0x46 ./freertos/freertos-kernel/tasks.o
                0x00004ca4                xTaskCreate
 .text.prvInitialiseNewTask
                0x00004cea      0x104 ./freertos/freertos-kernel/tasks.o
 .text.prvDeleteTCB
                0x00004dee       0x20 ./freertos/freertos-kernel/tasks.o
 .text.prvReloadTimer
                0x00004e0e       0x42 ./freertos/freertos-kernel/timers.o
 .text.prvTimerTask
                0x00004e50       0x26 ./freertos/freertos-kernel/timers.o
 .text.CLOCK_GetPll0OutFreq
                0x00004e76       0x88 ./drivers/fsl_clock.o
                0x00004e76                CLOCK_GetPll0OutFreq
 .text.CLOCK_EnableClock
                0x00004efe       0x94 ./drivers/fsl_lpflexcomm.o
 .text.LP_FLEXCOMM_PeripheralIsPresent
                0x00004f92       0x52 ./drivers/fsl_lpflexcomm.o
 .text.LP_FLEXCOMM0_DriverIRQHandler
                0x00004fe4        0xe ./drivers/fsl_lpflexcomm.o
                0x00004fe4                LP_FLEXCOMM0_DriverIRQHandler
 .text.LP_FLEXCOMM1_DriverIRQHandler
                0x00004ff2        0xe ./drivers/fsl_lpflexcomm.o
                0x00004ff2                LP_FLEXCOMM1_DriverIRQHandler
 .text.LP_FLEXCOMM2_DriverIRQHandler
                0x00005000        0xe ./drivers/fsl_lpflexcomm.o
                0x00005000                LP_FLEXCOMM2_DriverIRQHandler
 .text.LP_FLEXCOMM3_DriverIRQHandler
                0x0000500e        0xe ./drivers/fsl_lpflexcomm.o
                0x0000500e                LP_FLEXCOMM3_DriverIRQHandler
 .text.LP_FLEXCOMM4_DriverIRQHandler
                0x0000501c        0xe ./drivers/fsl_lpflexcomm.o
                0x0000501c                LP_FLEXCOMM4_DriverIRQHandler
 .text.LP_FLEXCOMM5_DriverIRQHandler
                0x0000502a        0xe ./drivers/fsl_lpflexcomm.o
                0x0000502a                LP_FLEXCOMM5_DriverIRQHandler
 .text.LP_FLEXCOMM6_DriverIRQHandler
                0x00005038        0xe ./drivers/fsl_lpflexcomm.o
                0x00005038                LP_FLEXCOMM6_DriverIRQHandler
 .text.LP_FLEXCOMM7_DriverIRQHandler
                0x00005046        0xe ./drivers/fsl_lpflexcomm.o
                0x00005046                LP_FLEXCOMM7_DriverIRQHandler
 .text.LP_FLEXCOMM8_DriverIRQHandler
                0x00005054        0xe ./drivers/fsl_lpflexcomm.o
                0x00005054                LP_FLEXCOMM8_DriverIRQHandler
 .text.LP_FLEXCOMM9_DriverIRQHandler
                0x00005062        0xe ./drivers/fsl_lpflexcomm.o
                0x00005062                LP_FLEXCOMM9_DriverIRQHandler
 .text.LPUART_SoftwareReset
                0x00005070       0x2c ./drivers/fsl_lpuart.o
 .text.SystemInitHook
                0x0000509c        0xe ./device/system_MCXN947_cm33_core0.o
                0x0000509c                SystemInitHook
 .text.HAL_UartGetStatus
                0x000050aa       0x28 ./component/uart/fsl_adapter_lpuart.o
 .text.DisableGlobalIRQ
                0x000050d2       0x22 ./component/serial_manager/fsl_component_serial_manager.o
 .text.EnableGlobalIRQ
                0x000050f4       0x20 ./component/serial_manager/fsl_component_serial_manager.o
 .text.SerialManager_StartWriting
                0x00005114       0x38 ./component/serial_manager/fsl_component_serial_manager.o
 .text.SerialManager_Write
                0x0000514c       0x44 ./component/serial_manager/fsl_component_serial_manager.o
 .text.SerialManager_Init
                0x00005190       0x60 ./component/serial_manager/fsl_component_serial_manager.o
                0x00005190                SerialManager_Init
 .text.SerialManager_OpenWriteHandle
                0x000051f0       0x50 ./component/serial_manager/fsl_component_serial_manager.o
                0x000051f0                SerialManager_OpenWriteHandle
 .text.SerialManager_OpenReadHandle
                0x00005240       0x60 ./component/serial_manager/fsl_component_serial_manager.o
                0x00005240                SerialManager_OpenReadHandle
 .text.SerialManager_WriteBlocking
                0x000052a0       0x20 ./component/serial_manager/fsl_component_serial_manager.o
                0x000052a0                SerialManager_WriteBlocking
 .text.Serial_UartInit
                0x000052c0       0x3e ./component/serial_manager/fsl_component_serial_port_uart.o
                0x000052c0                Serial_UartInit
 .text.Serial_UartWrite
                0x000052fe       0x38 ./component/serial_manager/fsl_component_serial_port_uart.o
                0x000052fe                Serial_UartWrite
 .text.CLOCK_EnableClock
                0x00005336       0x94 ./board/clock_config.o
 .text.BOARD_InitBootClocks
                0x000053ca        0xc ./board/clock_config.o
                0x000053ca                BOARD_InitBootClocks
 .text.BOARD_InitBootPeripherals
                0x000053d6        0xe ./board/peripherals.o
                0x000053d6                BOARD_InitBootPeripherals
 .text.CLOCK_EnableClock
                0x000053e4       0x94 ./board/pin_mux.o
 .text.BOARD_InitBootPins
                0x00005478        0xc ./board/pin_mux.o
                0x00005478                BOARD_InitBootPins
 .text.__main   0x00005484        0xe C:/nxp/MCUXpressoIDE_24.12.148/ide/plugins/com.nxp.mcuxpresso.tools.win32_24.12.0.202407110909/tools/bin/../lib/gcc/arm-none-eabi/13.2.1/../../../../arm-none-eabi/lib/thumb/v8-m.main+fp/hard\libcr_nohost_nf.a(_cr__main.o)
                0x00005484                __main
 .text.memcpy   0x00005492        0x4 C:/nxp/MCUXpressoIDE_24.12.148/ide/plugins/com.nxp.mcuxpresso.tools.win32_24.12.0.202407110909/tools/bin/../lib/gcc/arm-none-eabi/13.2.1/../../../../arm-none-eabi/lib/thumb/v8-m.main+fp/hard\libcr_c.a(memcpy.o)
                0x00005492                memcpy
 .text.memset   0x00005496        0x4 C:/nxp/MCUXpressoIDE_24.12.148/ide/plugins/com.nxp.mcuxpresso.tools.win32_24.12.0.202407110909/tools/bin/../lib/gcc/arm-none-eabi/13.2.1/../../../../arm-none-eabi/lib/thumb/v8-m.main+fp/hard\libcr_c.a(memset.o)
                0x00005496                memset
 .text.free     0x0000549a       0x30 C:/nxp/MCUXpressoIDE_24.12.148/ide/plugins/com.nxp.mcuxpresso.tools.win32_24.12.0.202407110909/tools/bin/../lib/gcc/arm-none-eabi/13.2.1/../../../../arm-none-eabi/lib/thumb/v8-m.main+fp/hard\libcr_c.a(alloc.o)
                0x0000549a                free
 .text.setvbuf  0x000054ca       0x3e C:/nxp/MCUXpressoIDE_24.12.148/ide/plugins/com.nxp.mcuxpresso.tools.win32_24.12.0.202407110909/tools/bin/../lib/gcc/arm-none-eabi/13.2.1/../../../../arm-none-eabi/lib/thumb/v8-m.main+fp/hard\libcr_c.a(setvbuf.o)
                0x000054ca                setvbuf
 .text.strlen   0x00005508       0x4e C:/nxp/MCUXpressoIDE_24.12.148/ide/plugins/com.nxp.mcuxpresso.tools.win32_24.12.0.202407110909/tools/bin/../lib/gcc/arm-none-eabi/13.2.1/../../../../arm-none-eabi/lib/thumb/v8-m.main+fp/hard\libcr_c.a(strlen.o)
                0x00005508                strlen
 .text._deferredlazyseek
                0x00005556       0x40 C:/nxp/MCUXpressoIDE_24.12.148/ide/plugins/com.nxp.mcuxpresso.tools.win32_24.12.0.202407110909/tools/bin/../lib/gcc/arm-none-eabi/13.2.1/../../../../arm-none-eabi/lib/thumb/v8-m.main+fp/hard\libcr_c.a(_deferredlazyseek.o)
                0x00005556                _deferredlazyseek
 .text._fdopen  0x00005596       0x68 C:/nxp/MCUXpressoIDE_24.12.148/ide/plugins/com.nxp.mcuxpresso.tools.win32_24.12.0.202407110909/tools/bin/../lib/gcc/arm-none-eabi/13.2.1/../../../../arm-none-eabi/lib/thumb/v8-m.main+fp/hard\libcr_c.a(_fdopen.o)
                0x00005596                _fdopen
 .text._fflush  0x000055fe       0x52 C:/nxp/MCUXpressoIDE_24.12.148/ide/plugins/com.nxp.mcuxpresso.tools.win32_24.12.0.202407110909/tools/bin/../lib/gcc/arm-none-eabi/13.2.1/../../../../arm-none-eabi/lib/thumb/v8-m.main+fp/hard\libcr_c.a(_fflush.o)
                0x000055fe                _fflush
 .text.fclose   0x00005650       0x58 C:/nxp/MCUXpressoIDE_24.12.148/ide/plugins/com.nxp.mcuxpresso.tools.win32_24.12.0.202407110909/tools/bin/../lib/gcc/arm-none-eabi/13.2.1/../../../../arm-none-eabi/lib/thumb/v8-m.main+fp/hard\libcr_c.a(fclose.o)
                0x00005650                fclose
 .text.remove   0x000056a8       0x14 C:/nxp/MCUXpressoIDE_24.12.148/ide/plugins/com.nxp.mcuxpresso.tools.win32_24.12.0.202407110909/tools/bin/../lib/gcc/arm-none-eabi/13.2.1/../../../../arm-none-eabi/lib/thumb/v8-m.main+fp/hard\libcr_c.a(remove.o)
                0x000056a8                remove
 .text._do_fflush
                0x000056bc       0x40 C:/nxp/MCUXpressoIDE_24.12.148/ide/plugins/com.nxp.mcuxpresso.tools.win32_24.12.0.202407110909/tools/bin/../lib/gcc/arm-none-eabi/13.2.1/../../../../arm-none-eabi/lib/thumb/v8-m.main+fp/hard\libcr_c.a(_do_fflush.o)
                0x000056bc                _do_fflush
 .text.__aeabi_division_uldivmod
                0x000056fc      0x174 C:/nxp/MCUXpressoIDE_24.12.148/ide/plugins/com.nxp.mcuxpresso.tools.win32_24.12.0.202407110909/tools/bin/../lib/gcc/arm-none-eabi/13.2.1/thumb/v8-m.main+fp/hard\libcr_eabihelpers.a(division_64.o)
                0x000056fc                __aeabi_uldivmod
                0x00005700                __bhs_ldivmod1
 .text.__aeabi_division_idiv0
                0x00005870        0x2 C:/nxp/MCUXpressoIDE_24.12.148/ide/plugins/com.nxp.mcuxpresso.tools.win32_24.12.0.202407110909/tools/bin/../lib/gcc/arm-none-eabi/13.2.1/thumb/v8-m.main+fp/hard\libcr_eabihelpers.a(division_idiv0.o)
                0x00005870                __aeabi_idiv0
 .text.__aeabi_f2ulz
                0x00005872       0x3e C:/nxp/MCUXpressoIDE_24.12.148/ide/plugins/com.nxp.mcuxpresso.tools.win32_24.12.0.202407110909/tools/bin/../lib/gcc/arm-none-eabi/13.2.1/thumb/v8-m.main+fp/hard\libcr_eabihelpers.a(float.o)
                0x00005872                __aeabi_f2ulz
 .text.__aeabi_memcpy
                0x000058b0       0x34 C:/nxp/MCUXpressoIDE_24.12.148/ide/plugins/com.nxp.mcuxpresso.tools.win32_24.12.0.202407110909/tools/bin/../lib/gcc/arm-none-eabi/13.2.1/thumb/v8-m.main+fp/hard\libcr_eabihelpers.a(memcpy.o)
                0x000058b0                __aeabi_memcpy
                0x000058ba                __aeabi_memcpy8
                0x000058ba                __aeabi_memcpy4
 .text.__aeabi_memset_lowlevel
                0x000058e4       0x32 C:/nxp/MCUXpressoIDE_24.12.148/ide/plugins/com.nxp.mcuxpresso.tools.win32_24.12.0.202407110909/tools/bin/../lib/gcc/arm-none-eabi/13.2.1/thumb/v8-m.main+fp/hard\libcr_eabihelpers.a(memcpy.o)
                0x000058e4                __aeabi_lowlevel_memset
 .text.__sys_close
                0x00005916        0x6 C:/nxp/MCUXpressoIDE_24.12.148/ide/plugins/com.nxp.mcuxpresso.tools.win32_24.12.0.202407110909/tools/bin/../lib/gcc/arm-none-eabi/13.2.1/../../../../arm-none-eabi/lib/thumb/v8-m.main+fp/hard\libcr_nohost_nf.a(__sys_close.o)
                0x00005916                __sys_close
 .text.__sys_flen
                0x0000591c        0x6 C:/nxp/MCUXpressoIDE_24.12.148/ide/plugins/com.nxp.mcuxpresso.tools.win32_24.12.0.202407110909/tools/bin/../lib/gcc/arm-none-eabi/13.2.1/../../../../arm-none-eabi/lib/thumb/v8-m.main+fp/hard\libcr_nohost_nf.a(__sys_flen.o)
                0x0000591c                __sys_flen
 .text.__sys_istty
                0x00005922        0x6 C:/nxp/MCUXpressoIDE_24.12.148/ide/plugins/com.nxp.mcuxpresso.tools.win32_24.12.0.202407110909/tools/bin/../lib/gcc/arm-none-eabi/13.2.1/../../../../arm-none-eabi/lib/thumb/v8-m.main+fp/hard\libcr_nohost_nf.a(__sys_istty.o)
                0x00005922                __sys_istty
 .text.__sys_remove
                0x00005928        0x6 C:/nxp/MCUXpressoIDE_24.12.148/ide/plugins/com.nxp.mcuxpresso.tools.win32_24.12.0.202407110909/tools/bin/../lib/gcc/arm-none-eabi/13.2.1/../../../../arm-none-eabi/lib/thumb/v8-m.main+fp/hard\libcr_nohost_nf.a(__sys_remove.o)
                0x00005928                __sys_remove
 .text.__sys_seek
                0x0000592e        0x6 C:/nxp/MCUXpressoIDE_24.12.148/ide/plugins/com.nxp.mcuxpresso.tools.win32_24.12.0.202407110909/tools/bin/../lib/gcc/arm-none-eabi/13.2.1/../../../../arm-none-eabi/lib/thumb/v8-m.main+fp/hard\libcr_nohost_nf.a(__sys_seek.o)
                0x0000592e                __sys_seek
 .text.__sys_tmpnam
                0x00005934        0x6 C:/nxp/MCUXpressoIDE_24.12.148/ide/plugins/com.nxp.mcuxpresso.tools.win32_24.12.0.202407110909/tools/bin/../lib/gcc/arm-none-eabi/13.2.1/../../../../arm-none-eabi/lib/thumb/v8-m.main+fp/hard\libcr_nohost_nf.a(__sys_tmpnam.o)
                0x00005934                __sys_tmpnam
 .text.__sys_write
                0x0000593a        0x4 C:/nxp/MCUXpressoIDE_24.12.148/ide/plugins/com.nxp.mcuxpresso.tools.win32_24.12.0.202407110909/tools/bin/../lib/gcc/arm-none-eabi/13.2.1/../../../../arm-none-eabi/lib/thumb/v8-m.main+fp/hard\libcr_nohost_nf.a(__sys_write.o)
                0x0000593a                __sys_write
 *freertos*/tasks.o(SORT_BY_ALIGNMENT(.rodata*))
 *fill*         0x0000593e        0x2 ff
 .rodata.uxTopUsedPriority
                0x00005940        0x4 ./freertos/freertos-kernel/tasks.o
 .rodata.prvCreateIdleTasks.str1.4
                0x00005944        0x5 ./freertos/freertos-kernel/tasks.o
 *(SORT_BY_ALIGNMENT(.rodata) SORT_BY_ALIGNMENT(.rodata.*) SORT_BY_ALIGNMENT(.constdata) SORT_BY_ALIGNMENT(.constdata.*))
 .rodata.__assertion_failed.str1.4
                0x00005944      0x5c4 ./utilities/fsl_assert.o
                                 0x14 (size before relaxing)
 .rodata.vTestTask.str1.4
                0x00005f08       0x75 ./source/app.o
 .rodata.main.str1.4
                0x00005f08        0x9 ./source/app.o
 .rodata.log_init.str1.4
                0x00005f08       0x2d ./source/os.o
 .rodata.log_task.str1.4
                0x00005f08       0x29 ./source/os.o
 .rodata.log_add.str1.4
                0x00005f08       0x22 ./source/os.o
 .rodata.queue_pop_all.str1.4
                0x00005f08       0x51 ./source/os.o
 .rodata.xTimerCreateTimerTask.str1.4
                0x00005f08        0x8 ./freertos/freertos-kernel/timers.o
 .rodata.prvCheckForValidListAndQueue.str1.4
                0x00005f08        0x5 ./freertos/freertos-kernel/timers.o
 .rodata.s_lpflexcommBase
                0x00005f08       0x28 ./drivers/fsl_lpflexcomm.o
 .rodata.s_lpflexcommClocks
                0x00005f30       0x14 ./drivers/fsl_lpflexcomm.o
 .rodata.s_lpflexcommResets
                0x00005f44       0x28 ./drivers/fsl_lpflexcomm.o
 .rodata.LP_FLEXCOMM_SetPeriph.str1.4
                0x00005f6c       0x43 ./drivers/fsl_lpflexcomm.o
 .rodata.LP_FLEXCOMM_Init.str1.4
                0x00005f6c       0x49 ./drivers/fsl_lpflexcomm.o
 .rodata.s_lpuartBases
                0x00005f6c       0x28 ./drivers/fsl_lpuart.o
 .rodata.LPUART_GetInstance.str1.4
                0x00005f94       0x38 ./drivers/fsl_lpuart.o
 .rodata.LPUART_Init.str1.4
                0x00005f94      0x10a ./drivers/fsl_lpuart.o
 .rodata.LPUART_GetDefaultConfig.str1.4
                0x00005f94       0x22 ./drivers/fsl_lpuart.o
 .rodata.LPUART_WriteBlocking.str1.4
                0x00005f94       0x21 ./drivers/fsl_lpuart.o
 .rodata.RESET_ClearPeripheralReset.str1.4
                0x00005f94       0x1e ./drivers/fsl_reset.o
 .rodata.s_LpuartAdapterBase
                0x00005f94       0x28 ./component/uart/fsl_adapter_lpuart.o
 .rodata.HAL_UartInit.str1.4
                0x00005fbc      0x116 ./component/uart/fsl_adapter_lpuart.o
 .rodata.HAL_UartSendBlocking.str1.4
                0x00005fbc       0x7b ./component/uart/fsl_adapter_lpuart.o
 .rodata.PORT_SetPinConfig.str1.4
                0x00005fbc       0x70 ./board/pin_mux.o
 .rodata.__num_Ciob_streams
                0x00005fbc        0x4 C:/nxp/MCUXpressoIDE_24.12.148/ide/plugins/com.nxp.mcuxpresso.tools.win32_24.12.0.202407110909/tools/bin/../lib/gcc/arm-none-eabi/13.2.1/../../../../arm-none-eabi/lib/thumb/v8-m.main+fp/hard\libcr_nohost_nf.a(__ciob.o)
                0x00005fbc                __num_Ciob_streams
 .rodata._initio.str1.1
                0x00005fc0        0x4 C:/nxp/MCUXpressoIDE_24.12.148/ide/plugins/com.nxp.mcuxpresso.tools.win32_24.12.0.202407110909/tools/bin/../lib/gcc/arm-none-eabi/13.2.1/../../../../arm-none-eabi/lib/thumb/v8-m.main+fp/hard\libcr_c.a(initio.o)
                0x000060d4                        . = ALIGN (0x4)

.glue_7         0x00005fc4        0x0
 .glue_7        0x00005fc4        0x0 linker stubs

.glue_7t        0x00005fc4        0x0
 .glue_7t       0x00005fc4        0x0 linker stubs

.vfp11_veneer   0x00005fc4        0x0
 .vfp11_veneer  0x00005fc4        0x0 linker stubs

.v4_bx          0x00005fc4        0x0
 .v4_bx         0x00005fc4        0x0 linker stubs

.iplt           0x00005fc4        0x0
 .iplt          0x00005fc4        0x0 ./utilities/str/fsl_str.o

.rel.dyn        0x00005fc4        0x0
 .rel.iplt      0x00005fc4        0x0 ./utilities/str/fsl_str.o

.ARM.extab
 *(SORT_BY_ALIGNMENT(.ARM.extab*) SORT_BY_ALIGNMENT(.gnu.linkonce.armextab.*))

.ARM.exidx      0x00005fc4        0x0
                0x00005fc4                        __exidx_start = .
 *(SORT_BY_ALIGNMENT(.ARM.exidx*) SORT_BY_ALIGNMENT(.gnu.linkonce.armexidx.*))
                0x00005fc4                        __exidx_end = .
                0x00005fc4                        _etext = .

.m_usb_data
 *(SORT_BY_ALIGNMENT(m_usb_global))

.data_RAM2      0x04000000        0x0 load address 0x00005fc4
 FILL mask 0xff
                [!provide]                        PROVIDE (__start_data_RAM2 = .)
                [!provide]                        PROVIDE (__start_data_SRAMX = .)
 *(SORT_BY_ALIGNMENT(.ramfunc.$RAM2))
 *(SORT_BY_ALIGNMENT(.ramfunc.$SRAMX))
 *(SORT_BY_ALIGNMENT(.data.$RAM2))
 *(SORT_BY_ALIGNMENT(.data.$SRAMX))
 *(SORT_BY_ALIGNMENT(.data.$RAM2.*))
 *(SORT_BY_ALIGNMENT(.data.$SRAMX.*))
                0x04000000                        . = ALIGN (0x4)
                [!provide]                        PROVIDE (__end_data_RAM2 = .)
                [!provide]                        PROVIDE (__end_data_SRAMX = .)

.data_RAM3      0x20060000        0x0 load address 0x00005fc4
 FILL mask 0xff
                [!provide]                        PROVIDE (__start_data_RAM3 = .)
                [!provide]                        PROVIDE (__start_data_SRAMH = .)
 *(SORT_BY_ALIGNMENT(.ramfunc.$RAM3))
 *(SORT_BY_ALIGNMENT(.ramfunc.$SRAMH))
 *(SORT_BY_ALIGNMENT(.data.$RAM3))
 *(SORT_BY_ALIGNMENT(.data.$SRAMH))
 *(SORT_BY_ALIGNMENT(.data.$RAM3.*))
 *(SORT_BY_ALIGNMENT(.data.$SRAMH.*))
                0x20060000                        . = ALIGN (0x4)
                [!provide]                        PROVIDE (__end_data_RAM3 = .)
                [!provide]                        PROVIDE (__end_data_SRAMH = .)

.data_RAM4      0x400ba000        0x0 load address 0x00005fc4
 FILL mask 0xff
                [!provide]                        PROVIDE (__start_data_RAM4 = .)
                [!provide]                        PROVIDE (__start_data_USB_RAM = .)
 *(SORT_BY_ALIGNMENT(.ramfunc.$RAM4))
 *(SORT_BY_ALIGNMENT(.ramfunc.$USB_RAM))
 *(SORT_BY_ALIGNMENT(.data.$RAM4))
 *(SORT_BY_ALIGNMENT(.data.$USB_RAM))
 *(SORT_BY_ALIGNMENT(.data.$RAM4.*))
 *(SORT_BY_ALIGNMENT(.data.$USB_RAM.*))
                0x400ba000                        . = ALIGN (0x4)
                [!provide]                        PROVIDE (__end_data_RAM4 = .)
                [!provide]                        PROVIDE (__end_data_USB_RAM = .)

.uninit_RESERVED
                0x20000000        0x0
                0x20000000                        _start_uninit_RESERVED = .
 *(SORT_BY_ALIGNMENT(.bss.$RESERVED*))
                0x20000000                        . = ALIGN (0x4)
                0x20000000                        _end_uninit_RESERVED = .

.data           0x20000000       0x10 load address 0x00005fc4
 FILL mask 0xff
                0x20000000                        _data = .
                [!provide]                        PROVIDE (__start_data_RAM = .)
                [!provide]                        PROVIDE (__start_data_SRAM = .)
 *(SORT_BY_ALIGNMENT(vtable))
 *(SORT_BY_ALIGNMENT(.ramfunc*))
 *(SORT_BY_ALIGNMENT(CodeQuickAccess))
 *(SORT_BY_ALIGNMENT(DataQuickAccess))
 *(SORT_BY_ALIGNMENT(RamFunction))
 *(SORT_BY_ALIGNMENT(.data*))
 .data.ulCriticalNesting
                0x20000000        0x4 ./freertos/freertos-kernel/portable/GCC/ARM_CM33_NTZ/non_secure/port.o
 .data.s_Ext_Clk_Freq
                0x20000004        0x4 ./drivers/fsl_clock.o
 .data.s_Xtal32_Freq
                0x20000008        0x4 ./drivers/fsl_clock.o
 .data.SystemCoreClock
                0x2000000c        0x4 ./device/system_MCXN947_cm33_core0.o
                0x2000000c                SystemCoreClock
                0x20000010                        . = ALIGN (0x4)
                0x20000010                        _edata = .
                [!provide]                        PROVIDE (__end_data_RAM = .)
                [!provide]                        PROVIDE (__end_data_SRAM = .)

.igot.plt       0x20000010        0x0 load address 0x00005fd4
 .igot.plt      0x20000010        0x0 ./utilities/str/fsl_str.o

.bss_RAM2       0x04000000        0x0
                [!provide]                        PROVIDE (__start_bss_RAM2 = .)
                [!provide]                        PROVIDE (__start_bss_SRAMX = .)
 *(SORT_BY_ALIGNMENT(.bss.$RAM2))
 *(SORT_BY_ALIGNMENT(.bss.$SRAMX))
 *(SORT_BY_ALIGNMENT(.bss.$RAM2.*))
 *(SORT_BY_ALIGNMENT(.bss.$SRAMX.*))
                0x04000000                        . = ALIGN ((. != 0x0)?0x4:0x1)
                [!provide]                        PROVIDE (__end_bss_RAM2 = .)
                [!provide]                        PROVIDE (__end_bss_SRAMX = .)

.bss_RAM3       0x20060000        0x0
                [!provide]                        PROVIDE (__start_bss_RAM3 = .)
                [!provide]                        PROVIDE (__start_bss_SRAMH = .)
 *(SORT_BY_ALIGNMENT(.bss.$RAM3))
 *(SORT_BY_ALIGNMENT(.bss.$SRAMH))
 *(SORT_BY_ALIGNMENT(.bss.$RAM3.*))
 *(SORT_BY_ALIGNMENT(.bss.$SRAMH.*))
                0x20060000                        . = ALIGN ((. != 0x0)?0x4:0x1)
                [!provide]                        PROVIDE (__end_bss_RAM3 = .)
                [!provide]                        PROVIDE (__end_bss_SRAMH = .)

.bss_RAM4       0x400ba000        0x0
                [!provide]                        PROVIDE (__start_bss_RAM4 = .)
                [!provide]                        PROVIDE (__start_bss_USB_RAM = .)
 *(SORT_BY_ALIGNMENT(.bss.$RAM4))
 *(SORT_BY_ALIGNMENT(.bss.$USB_RAM))
 *(SORT_BY_ALIGNMENT(.bss.$RAM4.*))
 *(SORT_BY_ALIGNMENT(.bss.$USB_RAM.*))
                0x400ba000                        . = ALIGN ((. != 0x0)?0x4:0x1)
                [!provide]                        PROVIDE (__end_bss_RAM4 = .)
                [!provide]                        PROVIDE (__end_bss_USB_RAM = .)

.bss            0x20000010     0x2bb0
                0x20000010                        _bss = .
                [!provide]                        PROVIDE (__start_bss_RAM = .)
                [!provide]                        PROVIDE (__start_bss_SRAM = .)
 *(SORT_BY_ALIGNMENT(.bss*))
 .bss.s_debugConsoleState
                0x20000010       0x20 ./utilities/debug_console/fsl_debug_console.o
 .bss.g_serialHandle
                0x20000030        0x4 ./utilities/debug_console/fsl_debug_console.o
                0x20000030                g_serialHandle
 .bss.log_queue
                0x20000034        0x4 ./source/os.o
                0x20000034                log_queue
 .bss.ucHeap    0x20000038     0x2800 ./freertos/freertos-kernel/portable/MemMang/heap_1.o
 .bss.xNextFreeByte
                0x20002838        0x4 ./freertos/freertos-kernel/portable/MemMang/heap_1.o
 .bss.pucAlignedHeap.0
                0x2000283c        0x4 ./freertos/freertos-kernel/portable/MemMang/heap_1.o
 .bss.ulMaxPRIGROUPValue
                0x20002840        0x4 ./freertos/freertos-kernel/portable/GCC/ARM_CM33_NTZ/non_secure/port.o
 .bss.xQueueRegistry
                0x20002844       0x40 ./freertos/freertos-kernel/queue.o
                0x20002844                xQueueRegistry
 .bss.pxCurrentTCB
                0x20002884        0x4 ./freertos/freertos-kernel/tasks.o
                0x20002884                pxCurrentTCB
 .bss.pxReadyTasksLists
                0x20002888       0x64 ./freertos/freertos-kernel/tasks.o
 .bss.xDelayedTaskList1
                0x200028ec       0x14 ./freertos/freertos-kernel/tasks.o
 .bss.xDelayedTaskList2
                0x20002900       0x14 ./freertos/freertos-kernel/tasks.o
 .bss.pxDelayedTaskList
                0x20002914        0x4 ./freertos/freertos-kernel/tasks.o
 .bss.pxOverflowDelayedTaskList
                0x20002918        0x4 ./freertos/freertos-kernel/tasks.o
 .bss.xPendingReadyList
                0x2000291c       0x14 ./freertos/freertos-kernel/tasks.o
 .bss.xTasksWaitingTermination
                0x20002930       0x14 ./freertos/freertos-kernel/tasks.o
 .bss.uxDeletedTasksWaitingCleanUp
                0x20002944        0x4 ./freertos/freertos-kernel/tasks.o
 .bss.xSuspendedTaskList
                0x20002948       0x14 ./freertos/freertos-kernel/tasks.o
 .bss.uxCurrentNumberOfTasks
                0x2000295c        0x4 ./freertos/freertos-kernel/tasks.o
 .bss.xTickCount
                0x20002960        0x4 ./freertos/freertos-kernel/tasks.o
 .bss.uxTopReadyPriority
                0x20002964        0x4 ./freertos/freertos-kernel/tasks.o
 .bss.xSchedulerRunning
                0x20002968        0x4 ./freertos/freertos-kernel/tasks.o
 .bss.xPendedTicks
                0x2000296c        0x4 ./freertos/freertos-kernel/tasks.o
 .bss.xYieldPendings
                0x20002970        0x4 ./freertos/freertos-kernel/tasks.o
 .bss.xNumOfOverflows
                0x20002974        0x4 ./freertos/freertos-kernel/tasks.o
 .bss.uxTaskNumber
                0x20002978        0x4 ./freertos/freertos-kernel/tasks.o
 .bss.xNextTaskUnblockTime
                0x2000297c        0x4 ./freertos/freertos-kernel/tasks.o
 .bss.xIdleTaskHandles
                0x20002980        0x4 ./freertos/freertos-kernel/tasks.o
 .bss.uxSchedulerSuspended
                0x20002984        0x4 ./freertos/freertos-kernel/tasks.o
 .bss.xActiveTimerList1
                0x20002988       0x14 ./freertos/freertos-kernel/timers.o
 .bss.xActiveTimerList2
                0x2000299c       0x14 ./freertos/freertos-kernel/timers.o
 .bss.pxCurrentTimerList
                0x200029b0        0x4 ./freertos/freertos-kernel/timers.o
 .bss.pxOverflowTimerList
                0x200029b4        0x4 ./freertos/freertos-kernel/timers.o
 .bss.xTimerQueue
                0x200029b8        0x4 ./freertos/freertos-kernel/timers.o
 .bss.xTimerTaskHandle
                0x200029bc        0x4 ./freertos/freertos-kernel/timers.o
 .bss.xLastTime.0
                0x200029c0        0x4 ./freertos/freertos-kernel/timers.o
 .bss.s_lpflexcommIrqHandler
                0x200029c4       0xa0 ./drivers/fsl_lpflexcomm.o
 .bss.s_lpflexcommHandle
                0x20002a64       0xa0 ./drivers/fsl_lpflexcomm.o
 .bss.errno     0x20002b04        0x4 C:/nxp/MCUXpressoIDE_24.12.148/ide/plugins/com.nxp.mcuxpresso.tools.win32_24.12.0.202407110909/tools/bin/../lib/gcc/arm-none-eabi/13.2.1/../../../../arm-none-eabi/lib/thumb/v8-m.main+fp/hard\libcr_c.a(errno.o)
                0x20002b04                errno
 .bss.__Ciob    0x20002b08       0xb4 C:/nxp/MCUXpressoIDE_24.12.148/ide/plugins/com.nxp.mcuxpresso.tools.win32_24.12.0.202407110909/tools/bin/../lib/gcc/arm-none-eabi/13.2.1/../../../../arm-none-eabi/lib/thumb/v8-m.main+fp/hard\libcr_nohost_nf.a(__ciob.o)
                0x20002b08                __Ciob
 .bss.s_debugConsoleReadWaitSemaphore
                0x20002bbc        0x1 ./utilities/debug_console/fsl_debug_console.o
 .bss.ucMaxSysCallPriority
                0x20002bbd        0x1 ./freertos/freertos-kernel/portable/GCC/ARM_CM33_NTZ/non_secure/port.o
 *(SORT_BY_ALIGNMENT(COMMON))
                0x20002bc0                        . = ALIGN (0x4)
 *fill*         0x20002bbe        0x2 
                0x20002bc0                        _ebss = .
                [!provide]                        PROVIDE (__end_bss_RAM = .)
                [!provide]                        PROVIDE (__end_bss_SRAM = .)
                [!provide]                        PROVIDE (end = .)

.noinit_RAM2    0x04000000        0x0
                [!provide]                        PROVIDE (__start_noinit_RAM2 = .)
                [!provide]                        PROVIDE (__start_noinit_SRAMX = .)
 *(SORT_BY_ALIGNMENT(.noinit.$RAM2))
 *(SORT_BY_ALIGNMENT(.noinit.$SRAMX))
 *(SORT_BY_ALIGNMENT(.noinit.$RAM2.*))
 *(SORT_BY_ALIGNMENT(.noinit.$SRAMX.*))
                0x04000000                        . = ALIGN (0x4)
                [!provide]                        PROVIDE (__end_noinit_RAM2 = .)
                [!provide]                        PROVIDE (__end_noinit_SRAMX = .)

.noinit_RAM3    0x20060000        0x0
                [!provide]                        PROVIDE (__start_noinit_RAM3 = .)
                [!provide]                        PROVIDE (__start_noinit_SRAMH = .)
 *(SORT_BY_ALIGNMENT(.noinit.$RAM3))
 *(SORT_BY_ALIGNMENT(.noinit.$SRAMH))
 *(SORT_BY_ALIGNMENT(.noinit.$RAM3.*))
 *(SORT_BY_ALIGNMENT(.noinit.$SRAMH.*))
                0x20060000                        . = ALIGN (0x4)
                [!provide]                        PROVIDE (__end_noinit_RAM3 = .)
                [!provide]                        PROVIDE (__end_noinit_SRAMH = .)

.noinit_RAM4    0x400ba000        0x0
                [!provide]                        PROVIDE (__start_noinit_RAM4 = .)
                [!provide]                        PROVIDE (__start_noinit_USB_RAM = .)
 *(SORT_BY_ALIGNMENT(.noinit.$RAM4))
 *(SORT_BY_ALIGNMENT(.noinit.$USB_RAM))
 *(SORT_BY_ALIGNMENT(.noinit.$RAM4.*))
 *(SORT_BY_ALIGNMENT(.noinit.$USB_RAM.*))
                0x400ba000                        . = ALIGN (0x4)
                [!provide]                        PROVIDE (__end_noinit_RAM4 = .)
                [!provide]                        PROVIDE (__end_noinit_USB_RAM = .)

.noinit         0x20002bc0        0x0
                0x20002bc0                        _noinit = .
                [!provide]                        PROVIDE (__start_noinit_RAM = .)
                [!provide]                        PROVIDE (__start_noinit_SRAM = .)
 *(SORT_BY_ALIGNMENT(.noinit*))